
Memory Configuration

Name             Origin             Length             Attributes
*default*        0x0000000000000000 0xffffffffffffffff

Linker script and memory map

LOAD /home/root/ccUMSD_230912c/obj/src/api/msdDrv_obj/msdTCAM.o
LOAD /home/root/ccUMSD_230912c/obj/src/api/msdDrv_obj/msdAdvVct.o
LOAD /home/root/ccUMSD_230912c/obj/src/api/msdDrv_obj/msdBrgFdb.o
LOAD /home/root/ccUMSD_230912c/obj/src/api/msdDrv_obj/msdBrgVtu.o
LOAD /home/root/ccUMSD_230912c/obj/src/api/msdDrv_obj/msdBrgStu.o
LOAD /home/root/ccUMSD_230912c/obj/src/api/msdDrv_obj/msdPIRL.o
LOAD /home/root/ccUMSD_230912c/obj/src/api/msdDrv_obj/msdPortRmon.o
LOAD /home/root/ccUMSD_230912c/obj/src/api/msdDrv_obj/msdPortCtrl.o
LOAD /home/root/ccUMSD_230912c/obj/src/api/msdDrv_obj/msdQosMap.o
LOAD /home/root/ccUMSD_230912c/obj/src/api/msdDrv_obj/msdQav.o
LOAD /home/root/ccUMSD_230912c/obj/src/api/msdDrv_obj/msdQueueCtrl.o
LOAD /home/root/ccUMSD_230912c/obj/src/api/msdDrv_obj/msdSysCtrl.o
LOAD /home/root/ccUMSD_230912c/obj/src/api/msdDrv_obj/msdPhyCtrl.o
LOAD /home/root/ccUMSD_230912c/obj/src/api/msdDrv_obj/msdIMP.o
LOAD /home/root/ccUMSD_230912c/obj/src/api/msdDrv_obj/msdRMU.o
LOAD /home/root/ccUMSD_230912c/obj/src/api/msdDrv_obj/msdTrunk.o
LOAD /home/root/ccUMSD_230912c/obj/src/api/msdDrv_obj/msdPTP.o
LOAD /home/root/ccUMSD_230912c/obj/src/api/msdDrv_obj/msdLed.o
LOAD /home/root/ccUMSD_230912c/obj/src/api/msdDrv_obj/msdArp.o
LOAD /home/root/ccUMSD_230912c/obj/src/api/msdDrv_obj/msdEcid.o
LOAD /home/root/ccUMSD_230912c/obj/src/api/msdDrv_obj/msdEEPROM.o
LOAD /home/root/ccUMSD_230912c/obj/src/api/msdDrv_obj/msdPolicy.o
LOAD /home/root/ccUMSD_230912c/obj/src/api/msdDrv_obj/msdTCAMRC.o
LOAD /home/root/ccUMSD_230912c/obj/src/api/msdDrv_obj/msdTCAMRCComp.o
LOAD /home/root/ccUMSD_230912c/obj/src/api/msdDrv_obj/msdQci.o
LOAD /home/root/ccUMSD_230912c/obj/src/api/msdDrv_obj/msdQcr.o
LOAD /home/root/ccUMSD_230912c/obj/src/api/msdDrv_obj/msdFRER.o
LOAD /home/root/ccUMSD_230912c/obj/src/api/msdDrv_obj/msdMACSec.o

.interp
 *(.interp)

.note.gnu.build-id
 *(.note.gnu.build-id)

.hash
 *(.hash)

.gnu.hash
 *(.gnu.hash)

.dynsym
 *(.dynsym)

.dynstr
 *(.dynstr)

.gnu.version
 *(.gnu.version)

.gnu.version_d
 *(.gnu.version_d)

.gnu.version_r
 *(.gnu.version_r)

.rela.init
 *(.rela.init)

.rela.text
 *(.rela.text)

.rela.fini
 *(.rela.fini)

.rela.rodata
 *(.rela.rodata)

.rela.data.rel.ro
 *(.rela.data.rel.ro)

.rela.data
 *(.rela.data)

.rela.tdata
 *(.rela.tdata)

.rela.tbss
 *(.rela.tbss)

.rela.ctors
 *(.rela.ctors)

.rela.dtors
 *(.rela.dtors)

.rela.got
 *(.rela.got)

.rela.bss
 *(.rela.bss)

.rela.ifunc
 *(.rela.ifunc)

.rela.plt
 *(.rela.plt)

.init
 *(SORT_NONE(.init))

.plt
 *(.plt)

.text           0x0000000000000000     0xd218
 *(.text .stub)
 .text          0x0000000000000000      0x6cc /home/root/ccUMSD_230912c/obj/src/api/msdDrv_obj/msdTCAM.o
                0x0000000000000000                msdTcamAllDelete
                0x0000000000000040                msdTcamEntryDelete
                0x0000000000000094                msdTcamEntryAdd
                0x00000000000000f0                msdTcamEntryRead
                0x0000000000000150                msdTcamEntryGetNext
                0x00000000000001b0                msdTcamEntryFind
                0x0000000000000224                msdPortTcamModeSet
                0x0000000000000280                msdPortTcamModeGet
                0x00000000000002e0                msdTcamEntryPortAdd
                0x0000000000000340                msdTcamEntryPortRemove
                0x00000000000003a0                msdEgrTcamEntryPerPortDelete
                0x0000000000000400                msdEgrTcamEntryAllPortsDelete
                0x0000000000000454                msdEgrTcamEntryAdd
                0x00000000000004d0                msdEgrTcamEntryGetNext
                0x0000000000000544                msdEgrTcamEntryRead
                0x00000000000005c0                msdTcamDump
                0x0000000000000600                msdTcamAdvConfig
 *fill*         0x00000000000006cc        0x4 1f2003d5
 .text          0x00000000000006d0       0xe0 /home/root/ccUMSD_230912c/obj/src/api/msdDrv_obj/msdAdvVct.o
                0x00000000000006d0                msdVctGetAdvCableDiag
                0x0000000000000754                msdVctGetAdvExtendStatus
 .text          0x00000000000007b0      0xc78 /home/root/ccUMSD_230912c/obj/src/api/msdDrv_obj/msdBrgFdb.o
                0x00000000000007b0                msdFdbMacEntryAdd
                0x0000000000000804                msdFdbAllDelete
                0x0000000000000860                msdFdbAllDeleteInDB
                0x00000000000008c0                msdFdbMove
                0x0000000000000934                msdFdbMoveInDB
                0x00000000000009b0                msdFdbPortRemove
                0x0000000000000a10                msdFdbPortRemoveInDB
                0x0000000000000a84                msdFdbMacEntryDelete
                0x0000000000000ae0                msdFdbViolationGet
                0x0000000000000b34                msdFdbMacEntryFind
                0x0000000000000bb0                msdFdbAgingTimeoutSet
                0x0000000000000c04                msdFdbAgingTimeoutGet
                0x0000000000000c60                msdFdbLearnOnAllDevicesGet
                0x0000000000000cb4                msdFdbLearnOnAllDevicesSet
                0x0000000000000d10                msdFdbPortLearnLimitSet
                0x0000000000000d70                msdFdbPortLearnLimitGet
                0x0000000000000dd0                msdFdbPortLearnCountGet
                0x0000000000000e30                msdFdbEntryCountGet
                0x0000000000000e84                msdFdbEntryCountPerFidGet
                0x0000000000000ee0                msdFdbEntryCountNonStaticGet
                0x0000000000000f34                msdFdbEntryCountNonStaticPerFidGet
                0x0000000000000f90                msdFdbDump
                0x0000000000000fe4                msdPortLockedGet
                0x0000000000001040                msdPortLockedSet
                0x00000000000010a0                msdPortHoldAt1Get
                0x0000000000001100                msdPortHoldAt1Set
                0x0000000000001160                msdPortIntOnAgeOutGet
                0x00000000000011c0                msdPortIntOnAgeOutSet
                0x0000000000001220                msdPortRefreshLockedGet
                0x0000000000001280                msdPortRefreshLockedSet
                0x00000000000012e0                msdPortIgnoreWrongDataGet
                0x0000000000001340                msdPortIgnoreWrongDataSet
                0x00000000000013a0                msdFdbEntryNextGet
 *fill*         0x0000000000001428        0x8 1f2003d5
 .text          0x0000000000001430      0x4ac /home/root/ccUMSD_230912c/obj/src/api/msdDrv_obj/msdBrgVtu.o
                0x0000000000001430                msdVlanEntryFind
                0x00000000000014a4                msdVlanExists
                0x0000000000001500                msdVlanEntryNextGet
                0x0000000000001560                msdVlanAllDelete
                0x00000000000015a0                msdVlanEntryAdd
                0x00000000000015f4                msdVlanEntryDelete
                0x0000000000001650                msdVlanModeSet
                0x00000000000016a4                msdVlanModeGet
                0x0000000000001700                msdVlanViolationGet
                0x0000000000001754                msdVlanEntryCountGet
                0x00000000000017b0                msdVlanMemberTagSet
                0x0000000000001824                msdVlanMemberTagGet
                0x00000000000018a0                msdVtuDump
 *fill*         0x00000000000018dc        0x4 1f2003d5
 .text          0x00000000000018e0      0x210 /home/root/ccUMSD_230912c/obj/src/api/msdDrv_obj/msdBrgStu.o
                0x00000000000018e0                msdStuEntryAdd
                0x0000000000001934                msdStuEntryNextGet
                0x0000000000001990                msdStuEntryDelete
                0x00000000000019e4                msdStuEntryFind
                0x0000000000001a60                msdStuEntryCountGet
                0x0000000000001ab4                msdStuDump
 .text          0x0000000000001af0      0x40c /home/root/ccUMSD_230912c/obj/src/api/msdDrv_obj/msdPIRL.o
                0x0000000000001af0                msdIRLReset
                0x0000000000001b30                msdIRLInitResourceCounter
                0x0000000000001b90                msdIRLCustomSetup
                0x0000000000001c10                msdIRLResourceRead
                0x0000000000001c84                msdIRLResourceWrite
                0x0000000000001d00                msdIRLResRegGet
                0x0000000000001d80                msdIRLResRegSet
                0x0000000000001e00                msdIRLAdvConfig
                0x0000000000001ea0                msdIRLAdvConfigDisable
 *fill*         0x0000000000001efc        0x4 1f2003d5
 .text          0x0000000000001f00      0x274 /home/root/ccUMSD_230912c/obj/src/api/msdDrv_obj/msdPortRmon.o
                0x0000000000001f00                msdStatsFlushAll
                0x0000000000001f40                msdStatsFlushPort
                0x0000000000001f94                msdStatsPortCounterGet
                0x0000000000002010                msdStatsPortAllCountersGet
                0x0000000000002070                msdStatsHistogramModeGet
                0x00000000000020c4                msdStatsHistogramModeSet
                0x0000000000002120                msdPortMibDump
 *fill*         0x0000000000002174        0xc 1f2003d5
 .text          0x0000000000002180     0x2798 /home/root/ccUMSD_230912c/obj/src/api/msdDrv_obj/msdPortCtrl.o
                0x0000000000002180                msdPortForceDefaultVlanIdGet
                0x00000000000021e0                msdPortForceDefaultVlanIdSet
                0x0000000000002240                msdPortDefaultVlanIdGet
                0x00000000000022a0                msdPortDefaultVlanIdSet
                0x0000000000002300                msdPort8021qModeGet
                0x0000000000002360                msdPort8021qModeSet
                0x00000000000023c0                msdPortDiscardTaggedGet
                0x0000000000002420                msdPortDiscardTaggedSet
                0x0000000000002480                msdPortDiscardUntaggedGet
                0x00000000000024e0                msdPortDiscardUntaggedSet
                0x0000000000002540                msdPortUnicastFloodBlockGet
                0x00000000000025a0                msdPortUnicastFloodBlockSet
                0x0000000000002600                msdPortMulticastFloodBlockGet
                0x0000000000002660                msdPortMulticastFloodBlockSet
                0x00000000000026c0                msdPortDiscardBcastModeGet
                0x0000000000002720                msdPortDiscardBcastModeSet
                0x0000000000002780                msdPortIGMPSnoopEnableGet
                0x00000000000027e0                msdPortIGMPSnoopEnableSet
                0x0000000000002840                msdPortHeaderModeGet
                0x00000000000028a0                msdPortHeaderModeSet
                0x0000000000002900                msdPortDropOnLockGet
                0x0000000000002960                msdPortDropOnLockSet
                0x00000000000029c0                msdPortMtuGet
                0x0000000000002a20                msdPortMtuSet
                0x0000000000002a80                msdPortSpecifiedMtuGet
                0x0000000000002ae0                msdPortSpecifiedMtuSet
                0x0000000000002b40                msdPortLearnEnableGet
                0x0000000000002ba0                msdPortLearnEnableSet
                0x0000000000002c00                msdPortVTUPriorityOverrideGet
                0x0000000000002c60                msdPortVTUPriorityOverrideSet
                0x0000000000002cc0                msdPortSAPriorityOverrideGet
                0x0000000000002d20                msdPortSAPriorityOverrideSet
                0x0000000000002d80                msdPortDAPriorityOverrideGet
                0x0000000000002de0                msdPortDAPriorityOverrideSet
                0x0000000000002e40                msdPortMessagePortGet
                0x0000000000002ea0                msdPortMessagePortSet
                0x0000000000002f00                msdPortEtherTypeGet
                0x0000000000002f60                msdPortEtherTypeSet
                0x0000000000002fc0                msdPortAllowVidZeroGet
                0x0000000000003020                msdPortAllowVidZeroSet
                0x0000000000003080                msdPortFlowControlEnableGet
                0x00000000000030f4                msdPortFlowControlEnableSet
                0x0000000000003170                msdPortEgressMonitorSourceEnableGet
                0x00000000000031d0                msdPortEgressMonitorSourceEnableSet
                0x0000000000003230                msdPortIngressMonitorSourceEnableGet
                0x0000000000003290                msdPortIngressMonitorSourceEnableSet
                0x00000000000032f0                msdPortEgressRateGet
                0x0000000000003364                msdPortEgressRateSet
                0x00000000000033e0                msdPortForceDuplexModeGet
                0x0000000000003440                msdPortForceDuplexModeSet
                0x00000000000034a0                msdPortDuplexStatusGet
                0x0000000000003500                msdPortForceLinkModeGet
                0x0000000000003560                msdPortForceLinkModeSet
                0x00000000000035c0                msdPortLinkStatusGet
                0x0000000000003620                msdPortForceSpeedModeGet
                0x0000000000003680                msdPortForceSpeedModeSet
                0x00000000000036e0                msdPortSpeedStatusGet
                0x0000000000003740                msdPortCutThroughEnableGet
                0x00000000000037a0                msdPortCutThroughEnableSet
                0x0000000000003800                msdPortIgnoreFcsGet
                0x0000000000003860                msdPortIgnoreFcsSet
                0x00000000000038c0                msdPortAllowBadFcsGet
                0x0000000000003920                msdPortAllowBadFcsSet
                0x0000000000003980                msdPortPauseLimitOutGet
                0x00000000000039e0                msdPortPauseLimitOutSet
                0x0000000000003a40                msdPortPauseLimitInGet
                0x0000000000003aa0                msdPortPauseLimitInSet
                0x0000000000003b00                msdPortQueueToPauseGet
                0x0000000000003b60                msdPortQueueToPauseSet
                0x0000000000003bc0                msdPortRxPriorityFlowControlEnableGet
                0x0000000000003c34                msdPortRxPriorityFlowControlEnableSet
                0x0000000000003cb0                msdPortRxPriorityFlowControlToQueueGet
                0x0000000000003d24                msdPortRxPriorityFlowControlToQueueSet
                0x0000000000003da0                msdPortTxPriorityFlowControlEnableGet
                0x0000000000003e14                msdPortTxPriorityFlowControlEnableSet
                0x0000000000003e90                msdPortOutQueueSizeGet
                0x0000000000003f04                msdPortMapDAGet
                0x0000000000003f60                msdPortMapDASet
                0x0000000000003fc0                msdPortARPMirrorGet
                0x0000000000004020                msdPortARPMirrorSet
                0x0000000000004080                msdPortBasedVlanMapGet
                0x00000000000040f4                msdPortBasedVlanMapSet
                0x0000000000004170                msdPortFrameModeGet
                0x00000000000041d0                msdPortFrameModeSet
                0x0000000000004230                msdPortEgressModeSet
                0x0000000000004290                msdPortEgressModeGet
                0x00000000000042f0                msdPortECIDSet
                0x0000000000004350                msdPortECIDGet
                0x00000000000043b0                msdPortIgnoreETagSet
                0x0000000000004410                msdPortIgnoreETagGet
                0x0000000000004470                msdPortStateGet
                0x00000000000044d0                msdPortStateSet
                0x0000000000004530                msdPortRegDump
                0x0000000000004584                msdPortExtendedPortCtrlRegSet
                0x0000000000004620                msdPortExtendedPortCtrlRegGet
                0x00000000000046b4                msdPortPreemptEnableSet
                0x0000000000004710                msdPortPreemptEnableGet
                0x0000000000004770                msdPortPreemptSizeSet
                0x00000000000047d0                msdPortPreemptSizeGet
                0x0000000000004830                msdPortPreemptQueueSet
                0x00000000000048a4                msdPortPreemptQueueGet
 *fill*         0x0000000000004918        0x8 1f2003d5
 .text          0x0000000000004920      0x63c /home/root/ccUMSD_230912c/obj/src/api/msdDrv_obj/msdQosMap.o
                0x0000000000004920                msdQosPortPrioMapSet
                0x00000000000049a0                msdQosPortPrioMapGet
                0x0000000000004a20                msdQosPortCosToQueueSet
                0x0000000000004a94                msdQosPortCosToQueueGet
                0x0000000000004b10                msdQosPortCosToDscpMappingSet
                0x0000000000004b84                msdQosPortCosToDscpMappingGet
                0x0000000000004c00                msdPortDefQPriSet
                0x0000000000004c60                msdPortDefQPriGet
                0x0000000000004cc0                msdPortDefFPriSet
                0x0000000000004d20                msdPortDefFPriGet
                0x0000000000004d80                msdPortPrioRuleSet
                0x0000000000004de0                msdPortPrioRuleGet
                0x0000000000004e40                msdPortInitialPriSet
                0x0000000000004ea0                msdPortInitialPriGet
                0x0000000000004f00                msdQosPortRewriteDscp
 *fill*         0x0000000000004f5c        0x4 1f2003d5
 .text          0x0000000000004f60      0x1d8 /home/root/ccUMSD_230912c/obj/src/api/msdDrv_obj/msdQav.o
                0x0000000000004f60                msdQavPortQpriXRateSet
                0x0000000000004fd4                msdQavPortQpriXRateGet
                0x0000000000005050                msdQavPortQpriXHiLimitSet
                0x00000000000050c4                msdQavPortQpriXHiLimitGet
 *fill*         0x0000000000005138        0x8 1f2003d5
 .text          0x0000000000005140      0x31c /home/root/ccUMSD_230912c/obj/src/api/msdDrv_obj/msdQueueCtrl.o
                0x0000000000005140                msdPortQueueCtrlGet
                0x00000000000051b4                msdPortQueueCtrlSet
                0x0000000000005230                msdPortSchedGet
                0x0000000000005290                msdPortSchedSet
                0x00000000000052f0                msdSysQoSWeightGet
                0x0000000000005344                msdSysQoSWeightSet
                0x00000000000053a0                msdPortQoSWeightGet
                0x0000000000005400                msdPortQoSWeightSet
 *fill*         0x000000000000545c        0x4 1f2003d5
 .text          0x0000000000005460      0x9d8 /home/root/ccUMSD_230912c/obj/src/api/msdDrv_obj/msdSysCtrl.o
                0x0000000000005460                msdSysFloodBCSet
                0x00000000000054b4                msdSysFloodBCGet
                0x0000000000005510                msdSysMonitorMgmtCtrlSet
                0x0000000000005570                msdSysMonitorMgmtCtrlGet
                0x00000000000055d0                msdSysCPUDestSet
                0x0000000000005624                msdSysCPUDestGet
                0x0000000000005680                msdSysIngressMonitorDestSet
                0x00000000000056d4                msdSysIngressMonitorDestGet
                0x0000000000005730                msdSysEgressMonitorDestSet
                0x0000000000005784                msdSysEgressMonitorDestGet
                0x00000000000057e0                msdSysRsvd2CpuEnablesSet
                0x0000000000005834                msdSysRsvd2CpuEnablesGet
                0x0000000000005890                msdSysMGMTPriSet
                0x00000000000058e4                msdSysMGMTPriGet
                0x0000000000005940                msdPortSmiSetupSet
                0x00000000000059a0                msdPortSmiSetupGet
                0x0000000000005a00                msdGlobal1RegDump
                0x0000000000005a40                msdGlobal2RegDump
                0x0000000000005a80                msdSysRMUModeSet
                0x0000000000005ad4                msdSysRMUModeGet
                0x0000000000005b30                msdQbvWrite
                0x0000000000005bb0                msdQbvRead
                0x0000000000005c30                msdSysDevIntEnableSet
                0x0000000000005c84                msdSysDevIntEnableGet
                0x0000000000005ce0                msdSysDevIntStatusGet
                0x0000000000005d34                msdSysActiveIntEnableSet
                0x0000000000005d90                msdSysActiveIntEnableGet
                0x0000000000005de4                msdSysActiveIntStatusGet
 *fill*         0x0000000000005e38        0x8 1f2003d5
 .text          0x0000000000005e40      0x46c /home/root/ccUMSD_230912c/obj/src/api/msdDrv_obj/msdPhyCtrl.o
                0x0000000000005e40                msdPhyReset
                0x0000000000005e94                msdSerdesReset
                0x0000000000005ef0                msdPhyPortLoopbackSet
                0x0000000000005f50                msdPhyPortSpeedSet
                0x0000000000005fb0                msdPhyPortPowerDown
                0x0000000000006010                msdPhyPortDuplexModeSet
                0x0000000000006070                msdPhyPortAutoModeSet
                0x00000000000060d0                msdPhyEEESet
                0x0000000000006130                msdPhyFlowControlEnableSet
                0x0000000000006190                msdPhyInterruptEnableSet
                0x00000000000061f0                msdPhyInterruptEnableGet
                0x0000000000006250                msdPhyInterruptStatusGet
 *fill*         0x00000000000062ac        0x4 1f2003d5
 .text          0x00000000000062b0      0x200 /home/root/ccUMSD_230912c/obj/src/api/msdDrv_obj/msdIMP.o
                0x00000000000062b0                msdImpRun
                0x0000000000006304                msdImpReset
                0x0000000000006340                msdImpWriteEEPROM
                0x00000000000063a0                msdImpLoadToEEPROM
                0x0000000000006400                msdImpLoadToRAM
                0x0000000000006474                msdImpStop
 .text          0x00000000000064b0      0x41c /home/root/ccUMSD_230912c/obj/src/api/msdDrv_obj/msdRMU.o
                0x00000000000064b0                msdRMUGetID
                0x0000000000006504                msdRMUAtuDump
                0x0000000000006580                msdRMUEcidDump
                0x00000000000065f4                msdRMUMibDump
                0x0000000000006670                msdRMUMib2Dump
                0x00000000000066e4                msdRMUMultiRegAccess
                0x0000000000006740                msdRMUTcamDump
                0x00000000000067b4                msdRMUTcamEntryAdd
                0x0000000000006810                msdRMUTcamEntryRead
                0x0000000000006870                msdRMURegisterDump
 *fill*         0x00000000000068cc        0x4 1f2003d5
 .text          0x00000000000068d0      0x3d8 /home/root/ccUMSD_230912c/obj/src/api/msdDrv_obj/msdTrunk.o
                0x00000000000068d0                msdTrunkMaskTableGet
                0x0000000000006930                msdTrunkMaskTableSet
                0x0000000000006990                msdTrunkHashTrunkGet
                0x00000000000069e4                msdTrunkHashTrunkSet
                0x0000000000006a40                msdTrunkRoutingGet
                0x0000000000006aa0                msdTrunkRoutingSet
                0x0000000000006b00                msdTrunkMappingGet
                0x0000000000006b60                msdTrunkMappingSet
                0x0000000000006bc0                msdPortLAGPortGet
                0x0000000000006c34                msdPortLAGPortSet
 *fill*         0x0000000000006ca8        0x8 1f2003d5
 .text          0x0000000000006cb0     0x10a8 /home/root/ccUMSD_230912c/obj/src/api/msdDrv_obj/msdPTP.o
                0x0000000000006cb0                msdPtpIntEnableSet
                0x0000000000006d10                msdPtpIntEnableGet
                0x0000000000006d70                msdPtpPortPTPEnSet
                0x0000000000006dd0                msdPtpPortPTPEnGet
                0x0000000000006e30                msdPtpPortConfigSet
                0x0000000000006e90                msdPtpPortConfigGet
                0x0000000000006ef0                msdPtpTimeStampGet
                0x0000000000006f64                msdPtpTSValidStGet
                0x0000000000006fe0                msdPtpTimeStampReset
                0x0000000000007040                msdPtpGlobalConfigSet
                0x0000000000007094                msdPtpGlobalConfigGet
                0x00000000000070f0                msdPtpIntStatusGet
                0x0000000000007144                msdPtpMeanPathDelaySet
                0x00000000000071a0                msdPtpMeanPathDelayGet
                0x0000000000007200                msdPtpIgrPathDelayAsymSet
                0x0000000000007260                msdPtpIgrPathDelayAsymGet
                0x00000000000072c0                msdPtpEgrPathDelayAsymSet
                0x0000000000007320                msdPtpEgrPathDelayAsymGet
                0x0000000000007380                msdPtpModeSet
                0x00000000000073d4                msdPtpModeGet
                0x0000000000007430                msdPtpMasterSlaveSet
                0x0000000000007484                msdPtpMasterSlaveGet
                0x00000000000074e0                msdPtpTODBusyBitStatusGet
                0x0000000000007534                msdPtpTODStoreCompensation
                0x0000000000007590                msdPtpTODStoreAll
                0x00000000000075f0                msdPtpTODCaptureAll
                0x0000000000007650                msdPtpPulseSet
                0x00000000000076a4                msdPtpPulseGet
                0x0000000000007700                msdGetPTPGlobalTime
                0x0000000000007754                msdPtpPortRegGet
                0x00000000000077d0                msdPtpPortRegSet
                0x0000000000007844                msdPtpGlobalRegGet
                0x00000000000078a0                msdPtpGlobalRegSet
                0x0000000000007900                msdTaiRegGet
                0x0000000000007960                msdTaiRegSet
                0x00000000000079c0                msdPtp1588v2ConfigSet
                0x0000000000007a40                msdPtp8021asConfigSet
                0x0000000000007ab4                msdPtp8021asRevConfigSet
                0x0000000000007b30                msdPtpPreemptTimestampSelSet
                0x0000000000007b90                msdPtpPreemptTimestampSelGet
                0x0000000000007bf0                msdPtpPreemptCtrlSet
                0x0000000000007c50                msdPtpPreemptCtrlGet
                0x0000000000007cb0                msdTaiTrigGenTimerSelSet
                0x0000000000007d04                msdTaiTrigGenTimerSelGet
 *fill*         0x0000000000007d58        0x8 1f2003d5
 .text          0x0000000000007d60      0x57c /home/root/ccUMSD_230912c/obj/src/api/msdDrv_obj/msdLed.o
                0x0000000000007d60                msdLedForceOn
                0x0000000000007dc0                msdLedForceOff
                0x0000000000007e20                msdLedLinkAct
                0x0000000000007e80                msdLedModeSet
                0x0000000000007ef4                msdLedModeGet
                0x0000000000007f70                msdLedBlinkRateSet
                0x0000000000007fd0                msdLedBlinkRateGet
                0x0000000000008030                msdLedPulseStretchSet
                0x0000000000008090                msdLedPulseStretchGet
                0x00000000000080f0                msdLedSpecialModeSet
                0x0000000000008150                msdLedSpecialModeGet
                0x00000000000081b0                msdLedCtrlSet
                0x0000000000008224                msdLedCtrlGet
                0x00000000000082a0                msdLedDump
 *fill*         0x00000000000082dc        0x4 1f2003d5
 .text          0x00000000000082e0      0x20c /home/root/ccUMSD_230912c/obj/src/api/msdDrv_obj/msdArp.o
                0x00000000000082e0                msdArpMcEntryAdd
                0x0000000000008340                msdArpUcEntryAdd
                0x00000000000083a0                msdArpEntryDelete
                0x00000000000083f4                msdArpAllDelete
                0x0000000000008430                msdArpEntryRead
                0x0000000000008490                msdArpEntryGetNext
 *fill*         0x00000000000084ec        0x4 1f2003d5
 .text          0x00000000000084f0      0x380 /home/root/ccUMSD_230912c/obj/src/api/msdDrv_obj/msdEcid.o
                0x00000000000084f0                msdBpeEnableSet
                0x0000000000008544                msdBpeEnableGet
                0x00000000000085a0                msdEcidEntryAdd
                0x00000000000085f4                msdEcidEntryAllDelete
                0x0000000000008630                msdEcidEntryMove
                0x0000000000008690                msdEcidEntryDelete
                0x00000000000086f0                msdEcidEntryNextGet
                0x0000000000008764                msdEcidEntryFind
                0x00000000000087e0                msdEcidEntryCountGet
                0x0000000000008834                msdEcidDump
 .text          0x0000000000008870      0x168 /home/root/ccUMSD_230912c/obj/src/api/msdDrv_obj/msdEEPROM.o
                0x0000000000008870                msdEEPROMWrite
                0x00000000000088d0                msdEEPROMRead
                0x0000000000008930                msdEEPROMChipSelSet
                0x0000000000008984                msdEEPROMChipSelGet
 *fill*         0x00000000000089d8        0x8 1f2003d5
 .text          0x00000000000089e0     0x156c /home/root/ccUMSD_230912c/obj/src/api/msdDrv_obj/msdPolicy.o
                0x00000000000089e0                msdPolicyMgmtCtrlSet
                0x0000000000008a54                msdPolicyMgmtCtrlGet
                0x0000000000008ad0                msdPolicyCPUDestSet
                0x0000000000008b30                msdPolicyCPUDestGet
                0x0000000000008b90                msdPolicyIngressMonitorDestSet
                0x0000000000008bf0                msdPolicyIngressMonitorDestGet
                0x0000000000008c50                msdPolicyRsvd2CpuEnablesSet
                0x0000000000008cb0                msdPolicyRsvd2CpuEnablesGet
                0x0000000000008d10                msdPolicyMGMTPriSet
                0x0000000000008d70                msdPolicyMGMTPriGet
                0x0000000000008dd0                msdPolicyRouteDestSet
                0x0000000000008e30                msdPolicyRouteDestGet
                0x0000000000008e90                msdPolicyMirrorDestSet
                0x0000000000008ef0                msdPolicyMirrorDestGet
                0x0000000000008f50                msdPolicyIllegalIPAddrSet
                0x0000000000008fb0                msdPolicyIllegalIPAddrGet
                0x0000000000009010                msdPolicyDipDaMismatchSet
                0x0000000000009070                msdPolicyDipDaMismatchGet
                0x00000000000090d0                msdPolicyZeroSIPSet
                0x0000000000009130                msdPolicyZeroSIPGet
                0x0000000000009190                msdPolicyMcTtlExceededSet
                0x00000000000091f0                msdPolicyMcTtlExceededGet
                0x0000000000009250                msdPolicyUcTtlExceededSet
                0x00000000000092b0                msdPolicyUcTtlExceededGet
                0x0000000000009310                msdPortTtlThresholdSet
                0x0000000000009370                msdPortTtlThresholdGet
                0x00000000000093d0                msdPolicyIpHdrErrSet
                0x0000000000009430                msdPolicyIpHdrErrGet
                0x0000000000009490                msdPolicyTCPFinUrgPshSet
                0x00000000000094f0                msdPolicyTCPFinUrgPshGet
                0x0000000000009550                msdPolicyTCPFlagsSeqNumSet
                0x00000000000095b0                msdPolicyTCPFlagsSeqNumGet
                0x0000000000009610                msdPolicyTCPSYNSet
                0x0000000000009670                msdPolicyTCPSYNGet
                0x00000000000096d0                msdPolicyTCPHSizeSet
                0x0000000000009730                msdPolicyTCPHSizeGet
                0x0000000000009790                msdPortTCPMinHdrSizeSet
                0x00000000000097f0                msdPortTCPMinHdrSizeGet
                0x0000000000009850                msdPolicyICMPSizeSet
                0x00000000000098b0                msdPolicyICMPSizeGet
                0x0000000000009910                msdPortICMPMaxSizeSet
                0x0000000000009970                msdPortICMPMaxSizeGet
                0x00000000000099d0                msdPolicyUDPPortSet
                0x0000000000009a30                msdPolicyUDPPortGet
                0x0000000000009a90                msdPolicyTCPPortSet
                0x0000000000009af0                msdPolicyTCPPortGet
                0x0000000000009b50                msdPolicyTCPSynFinSet
                0x0000000000009bb0                msdPolicyTCPSynFinGet
                0x0000000000009c10                msdPolicyTCPFragSet
                0x0000000000009c70                msdPolicyTCPFragGet
                0x0000000000009cd0                msdPolicyNearNonTPMRSet
                0x0000000000009d30                msdPolicyNearNonTPMRGet
                0x0000000000009d90                msdPolicyETagSet
                0x0000000000009df0                msdPolicyETagGet
                0x0000000000009e50                msdPolicyNonETagSet
                0x0000000000009eb0                msdPolicyNonETagGet
                0x0000000000009f10                msdPolicyDump
 *fill*         0x0000000000009f4c        0x4 1f2003d5
 .text          0x0000000000009f50      0x260 /home/root/ccUMSD_230912c/obj/src/api/msdDrv_obj/msdTCAMRC.o
                0x0000000000009f50                msdTcamRCEntryAdd
                0x0000000000009fb0                msdTcamRCAllDelete
                0x0000000000009ff0                msdTcamRCEntryDelete
                0x000000000000a044                msdTcamRCEntryRead
                0x000000000000a0a0                msdTcamRCEntryGetNext
                0x000000000000a100                msdTcamRCEntryFind
                0x000000000000a174                msdTcamRCDump
 .text          0x000000000000a1b0      0x150 /home/root/ccUMSD_230912c/obj/src/api/msdDrv_obj/msdTCAMRCComp.o
                0x000000000000a1b0                msdTcamRCCompAdd
                0x000000000000a210                msdTcamRCCompAllDelete
                0x000000000000a250                msdTcamRCCompFlushPort
                0x000000000000a2a4                msdTcamRCCompRead
 .text          0x000000000000a300      0xa1c /home/root/ccUMSD_230912c/obj/src/api/msdDrv_obj/msdQci.o
                0x000000000000a300                msdStreamFilterFlushAll
                0x000000000000a340                msdStreamFilterSet
                0x000000000000a3b4                msdStreamFilterBlockStatusSet
                0x000000000000a410                msdStreamFilterBlockStatusGet
                0x000000000000a470                msdStreamFilterEnAtsSet
                0x000000000000a4d0                msdStreamFilterEnGateSet
                0x000000000000a530                msdStreamFilterMatchCounterGet
                0x000000000000a590                msdStreamFilterFiltedCounterGet
                0x000000000000a5f0                msdStreamGateFiltedCounterGet
                0x000000000000a650                msdFlowMeterFiltedCounterGet
                0x000000000000a6b0                msdStreamGateFlushAll
                0x000000000000a6f0                msdStreamGateDefStateSet
                0x000000000000a770                msdStreamGateScaleSet
                0x000000000000a7e4                msdStreamGateTimeGenIdSet
                0x000000000000a840                msdStreamGateEntryAdd
                0x000000000000a8b4                msdStreamGateTimeGenFlushAll
                0x000000000000a8f0                msdStreamGateTimeGenSet
                0x000000000000a964                msdFlowMeterFlushAll
                0x000000000000a9a0                msdFlowMeterCouplingFlagSet
                0x000000000000aa00                msdFlowMeterCouplingFlagGet
                0x000000000000aa60                msdFlowMeterDropOnYelSet
                0x000000000000aac0                msdFlowMeterDropOnYelGet
                0x000000000000ab20                msdFlowMeterRedBlockEnSet
                0x000000000000ab80                msdFlowMeterRedBlockEnGet
                0x000000000000abe0                msdFlowMeterRedBlockStatusSet
                0x000000000000ac40                msdFlowMeterRedBlockStatusGet
                0x000000000000aca0                msdFlowMeterAdvConfig
 *fill*         0x000000000000ad1c        0x4 1f2003d5
 .text          0x000000000000ad20      0x4a8 /home/root/ccUMSD_230912c/obj/src/api/msdDrv_obj/msdQcr.o
                0x000000000000ad20                msdQcrFlushOne
                0x000000000000ad74                msdQcrFlushAll
                0x000000000000adb0                msdQcrSetGrpId
                0x000000000000ae10                msdQcrGetGrpId
                0x000000000000ae70                msdQcrSetCbsLimit
                0x000000000000aed0                msdQcrGetCbsLimit
                0x000000000000af30                msdQcrSetRateLimit
                0x000000000000af90                msdQcrGetRateLimit
                0x000000000000aff0                msdQcrSetMaxResidenceTime
                0x000000000000b064                msdQcrGetMaxResidenceTime
                0x000000000000b0e0                msdQcrSetQueueEnables
                0x000000000000b154                msdQcrGetQueueEnables
 *fill*         0x000000000000b1c8        0x8 1f2003d5
 .text          0x000000000000b1d0      0xae8 /home/root/ccUMSD_230912c/obj/src/api/msdDrv_obj/msdFRER.o
                0x000000000000b1d0                msdFrerSeqGenFlushAll
                0x000000000000b210                msdFrerSeqGenFlushEntry
                0x000000000000b264                msdFrerSeqGenRead
                0x000000000000b2c0                msdFrerSeqGenLoad
                0x000000000000b314                msdFrerIndvRcvyFlushAll
                0x000000000000b350                msdFrerIndvRcvyFlushEntry
                0x000000000000b3a4                msdFrerIndvRcvyRead
                0x000000000000b420                msdFrerIndvRcvyLoad
                0x000000000000b474                msdFrerIndvRcvyGetNext
                0x000000000000b4f0                msdFrerIndvRcvyReadClear
                0x000000000000b564                msdFrerSeqRcvyFlushAll
                0x000000000000b5a0                msdFrerSeqRcvyFlushEntry
                0x000000000000b5f4                msdFrerSeqRcvyRead
                0x000000000000b670                msdFrerSeqRcvyLoad
                0x000000000000b6c4                msdFrerSeqRcvyGetNext
                0x000000000000b740                msdFrerSeqRcvyGetViolation
                0x000000000000b7c0                msdFrerSeqRcvyReadClear
                0x000000000000b840                msdFrerBank0SCtrFlushAll
                0x000000000000b880                msdFrerBank0SCtrFlushCtr
                0x000000000000b8c0                msdFrerBank0SCtrRead
                0x000000000000b934                msdFrerBank0SCtrLoad
                0x000000000000b990                msdFrerBank0SCtrGetNext
                0x000000000000ba04                msdFrerBank0SCtrReadClear
                0x000000000000ba80                msdFrerBank1SCtrFlushAll
                0x000000000000bac0                msdFrerBank1SCtrFlushCtr
                0x000000000000bb00                msdFrerBank1SCtrRead
                0x000000000000bb74                msdFrerBank1SCtrLoad
                0x000000000000bbd0                msdFrerBank1SCtrGetNext
                0x000000000000bc44                msdFrerBank1SCtrReadClear
 *fill*         0x000000000000bcb8        0x8 1f2003d5
 .text          0x000000000000bcc0     0x1558 /home/root/ccUMSD_230912c/obj/src/api/msdDrv_obj/msdMACSec.o
                0x000000000000bcc0                msdMacsecRead
                0x000000000000bd60                msdMacsecWrite
                0x000000000000be00                msdMacsecFlushAll
                0x000000000000be40                msdMacsecGetEvent
                0x000000000000be94                msdMacsecCreateRule
                0x000000000000bef0                msdMacsecDeleteRule
                0x000000000000bf44                msdMacsecGetRule
                0x000000000000bfa0                msdMacsecCreateRxSecY
                0x000000000000c000                msdMacsecCreateTxSecY
                0x000000000000c060                msdMacsecDeleteTxSecY
                0x000000000000c0b4                msdMacsecDeleteRxSecY
                0x000000000000c110                msdMacsecGetTxSecY
                0x000000000000c170                msdMacsecGetRxSecY
                0x000000000000c1d0                msdMacsecCreateRxSC
                0x000000000000c230                msdMacsecDeleteRxSC
                0x000000000000c284                msdMacsecGetRxSC
                0x000000000000c2e0                msdMacsecCreateRxSA
                0x000000000000c340                msdMacsecDeleteRxSA
                0x000000000000c394                msdMacsecGetRxSA
                0x000000000000c3f0                msdMacsecGetRxSANextPN
                0x000000000000c450                msdMacsecCreateTxSC
                0x000000000000c4b0                msdMacsecDeleteTxSC
                0x000000000000c504                msdMacsecGetTxSC
                0x000000000000c560                msdMacsecCreateTxSA
                0x000000000000c5c0                msdMacsecDeleteTxSA
                0x000000000000c614                msdMacsecGetTxSA
                0x000000000000c670                msdMacsecGetTxSANextPN
                0x000000000000c6d0                msdMacsecGetRXSCStates
                0x000000000000c744                msdMacsecGetRXSecYStates
                0x000000000000c7c0                msdMacsecGetTXSCStates
                0x000000000000c834                msdMacsecGetTXSecYStates
                0x000000000000c8b0                msdMacsecEnableEgressSet
                0x000000000000c910                msdMacsecEnableIngressSet
                0x000000000000c970                msdMacsecEnableIngressGet
                0x000000000000c9d0                msdMacsecEnableEgressGet
                0x000000000000ca30                msdMacsecSetTxPNThreshold
                0x000000000000ca84                msdMacsecGetTxPNThreshold
                0x000000000000cae0                msdMacsecSetTxXPNThreshold
                0x000000000000cb34                msdMacsecGetTxXPNThreshold
                0x000000000000cb90                msdMacsecSetRxDefaultSCI
                0x000000000000cbf0                msdMacsecGetRxDefaultSCI
                0x000000000000cc50                msdMacsecSetTxSCIntCtrl
                0x000000000000ccb0                msdMacsecGetTxSCIntCtrl
                0x000000000000cd10                msdMacsecGetNextTxSCIntStatus
                0x000000000000cd90                msdMacsecConfigureEgress
                0x000000000000cff0                msdMacsecConfigureIngress
 *(.gnu.warning)

.fini
 *(SORT_NONE(.fini))

.rodata
 *(.rodata)

.rodata1
 *(.rodata1)

.eh_frame_hdr
 *(.eh_frame_hdr)

.eh_frame       0x0000000000000000     0x7ac4
 *(.eh_frame)
 .eh_frame      0x0000000000000000      0x400 /home/root/ccUMSD_230912c/obj/src/api/msdDrv_obj/msdTCAM.o
 .eh_frame      0x0000000000000400       0x90 /home/root/ccUMSD_230912c/obj/src/api/msdDrv_obj/msdAdvVct.o
 .eh_frame      0x0000000000000490      0x758 /home/root/ccUMSD_230912c/obj/src/api/msdDrv_obj/msdBrgFdb.o
 .eh_frame      0x0000000000000be8      0x2e0 /home/root/ccUMSD_230912c/obj/src/api/msdDrv_obj/msdBrgVtu.o
 .eh_frame      0x0000000000000ec8      0x158 /home/root/ccUMSD_230912c/obj/src/api/msdDrv_obj/msdBrgStu.o
 .eh_frame      0x0000000000001020      0x250 /home/root/ccUMSD_230912c/obj/src/api/msdDrv_obj/msdPIRL.o
 .eh_frame      0x0000000000001270      0x190 /home/root/ccUMSD_230912c/obj/src/api/msdDrv_obj/msdPortRmon.o
 .eh_frame      0x0000000000001400     0x16c8 /home/root/ccUMSD_230912c/obj/src/api/msdDrv_obj/msdPortCtrl.o
 .eh_frame      0x0000000000002ac8      0x398 /home/root/ccUMSD_230912c/obj/src/api/msdDrv_obj/msdQosMap.o
 .eh_frame      0x0000000000002e60      0x118 /home/root/ccUMSD_230912c/obj/src/api/msdDrv_obj/msdQav.o
 .eh_frame      0x0000000000002f78      0x1e0 /home/root/ccUMSD_230912c/obj/src/api/msdDrv_obj/msdQueueCtrl.o
 .eh_frame      0x0000000000003158      0x5f0 /home/root/ccUMSD_230912c/obj/src/api/msdDrv_obj/msdSysCtrl.o
 .eh_frame      0x0000000000003748      0x2b0 /home/root/ccUMSD_230912c/obj/src/api/msdDrv_obj/msdPhyCtrl.o
 .eh_frame      0x00000000000039f8      0x158 /home/root/ccUMSD_230912c/obj/src/api/msdDrv_obj/msdIMP.o
 .eh_frame      0x0000000000003b50      0x268 /home/root/ccUMSD_230912c/obj/src/api/msdDrv_obj/msdRMU.o
 .eh_frame      0x0000000000003db8      0x250 /home/root/ccUMSD_230912c/obj/src/api/msdDrv_obj/msdTrunk.o
 .eh_frame      0x0000000000004008      0x9c0 /home/root/ccUMSD_230912c/obj/src/api/msdDrv_obj/msdPTP.o
 .eh_frame      0x00000000000049c8      0x340 /home/root/ccUMSD_230912c/obj/src/api/msdDrv_obj/msdLed.o
 .eh_frame      0x0000000000004d08      0x158 /home/root/ccUMSD_230912c/obj/src/api/msdDrv_obj/msdArp.o
 .eh_frame      0x0000000000004e60      0x238 /home/root/ccUMSD_230912c/obj/src/api/msdDrv_obj/msdEcid.o
 .eh_frame      0x0000000000005098       0xf0 /home/root/ccUMSD_230912c/obj/src/api/msdDrv_obj/msdEEPROM.o
 .eh_frame      0x0000000000005188      0xc98 /home/root/ccUMSD_230912c/obj/src/api/msdDrv_obj/msdPolicy.o
 .eh_frame      0x0000000000005e20      0x190 /home/root/ccUMSD_230912c/obj/src/api/msdDrv_obj/msdTCAMRC.o
 .eh_frame      0x0000000000005fb0       0xe8 /home/root/ccUMSD_230912c/obj/src/api/msdDrv_obj/msdTCAMRCComp.o
 .eh_frame      0x0000000000006098      0x618 /home/root/ccUMSD_230912c/obj/src/api/msdDrv_obj/msdQci.o
 .eh_frame      0x00000000000066b0      0x2c8 /home/root/ccUMSD_230912c/obj/src/api/msdDrv_obj/msdQcr.o
 .eh_frame      0x0000000000006978      0x690 /home/root/ccUMSD_230912c/obj/src/api/msdDrv_obj/msdFRER.o
 .eh_frame      0x0000000000007008      0xabc /home/root/ccUMSD_230912c/obj/src/api/msdDrv_obj/msdMACSec.o
                                        0xac0 (size before relaxing)

.gcc_except_table
 *(.gcc_except_table)

.gnu_extab
 *(.gnu_extab*)

.exception_ranges
 *(.exception_ranges)

.eh_frame
 *(.eh_frame)

.gnu_extab
 *(.gnu_extab)

.gcc_except_table
 *(.gcc_except_table)

.exception_ranges
 *(.exception_ranges)

.tdata
 *(.tdata)

.tbss
 *(.tbss)

.jcr
 *(.jcr)

.dynamic
 *(.dynamic)

.got
 *(.got)

.got.plt
 *(.got.plt)

.data           0x0000000000000000        0x0
 *(.data)
 .data          0x0000000000000000        0x0 /home/root/ccUMSD_230912c/obj/src/api/msdDrv_obj/msdTCAM.o
 .data          0x0000000000000000        0x0 /home/root/ccUMSD_230912c/obj/src/api/msdDrv_obj/msdAdvVct.o
 .data          0x0000000000000000        0x0 /home/root/ccUMSD_230912c/obj/src/api/msdDrv_obj/msdBrgFdb.o
 .data          0x0000000000000000        0x0 /home/root/ccUMSD_230912c/obj/src/api/msdDrv_obj/msdBrgVtu.o
 .data          0x0000000000000000        0x0 /home/root/ccUMSD_230912c/obj/src/api/msdDrv_obj/msdBrgStu.o
 .data          0x0000000000000000        0x0 /home/root/ccUMSD_230912c/obj/src/api/msdDrv_obj/msdPIRL.o
 .data          0x0000000000000000        0x0 /home/root/ccUMSD_230912c/obj/src/api/msdDrv_obj/msdPortRmon.o
 .data          0x0000000000000000        0x0 /home/root/ccUMSD_230912c/obj/src/api/msdDrv_obj/msdPortCtrl.o
 .data          0x0000000000000000        0x0 /home/root/ccUMSD_230912c/obj/src/api/msdDrv_obj/msdQosMap.o
 .data          0x0000000000000000        0x0 /home/root/ccUMSD_230912c/obj/src/api/msdDrv_obj/msdQav.o
 .data          0x0000000000000000        0x0 /home/root/ccUMSD_230912c/obj/src/api/msdDrv_obj/msdQueueCtrl.o
 .data          0x0000000000000000        0x0 /home/root/ccUMSD_230912c/obj/src/api/msdDrv_obj/msdSysCtrl.o
 .data          0x0000000000000000        0x0 /home/root/ccUMSD_230912c/obj/src/api/msdDrv_obj/msdPhyCtrl.o
 .data          0x0000000000000000        0x0 /home/root/ccUMSD_230912c/obj/src/api/msdDrv_obj/msdIMP.o
 .data          0x0000000000000000        0x0 /home/root/ccUMSD_230912c/obj/src/api/msdDrv_obj/msdRMU.o
 .data          0x0000000000000000        0x0 /home/root/ccUMSD_230912c/obj/src/api/msdDrv_obj/msdTrunk.o
 .data          0x0000000000000000        0x0 /home/root/ccUMSD_230912c/obj/src/api/msdDrv_obj/msdPTP.o
 .data          0x0000000000000000        0x0 /home/root/ccUMSD_230912c/obj/src/api/msdDrv_obj/msdLed.o
 .data          0x0000000000000000        0x0 /home/root/ccUMSD_230912c/obj/src/api/msdDrv_obj/msdArp.o
 .data          0x0000000000000000        0x0 /home/root/ccUMSD_230912c/obj/src/api/msdDrv_obj/msdEcid.o
 .data          0x0000000000000000        0x0 /home/root/ccUMSD_230912c/obj/src/api/msdDrv_obj/msdEEPROM.o
 .data          0x0000000000000000        0x0 /home/root/ccUMSD_230912c/obj/src/api/msdDrv_obj/msdPolicy.o
 .data          0x0000000000000000        0x0 /home/root/ccUMSD_230912c/obj/src/api/msdDrv_obj/msdTCAMRC.o
 .data          0x0000000000000000        0x0 /home/root/ccUMSD_230912c/obj/src/api/msdDrv_obj/msdTCAMRCComp.o
 .data          0x0000000000000000        0x0 /home/root/ccUMSD_230912c/obj/src/api/msdDrv_obj/msdQci.o
 .data          0x0000000000000000        0x0 /home/root/ccUMSD_230912c/obj/src/api/msdDrv_obj/msdQcr.o
 .data          0x0000000000000000        0x0 /home/root/ccUMSD_230912c/obj/src/api/msdDrv_obj/msdFRER.o
 .data          0x0000000000000000        0x0 /home/root/ccUMSD_230912c/obj/src/api/msdDrv_obj/msdMACSec.o

.data1
 *(.data1)

.bss            0x0000000000000000        0x0
 *(.bss)
 .bss           0x0000000000000000        0x0 /home/root/ccUMSD_230912c/obj/src/api/msdDrv_obj/msdTCAM.o
 .bss           0x0000000000000000        0x0 /home/root/ccUMSD_230912c/obj/src/api/msdDrv_obj/msdAdvVct.o
 .bss           0x0000000000000000        0x0 /home/root/ccUMSD_230912c/obj/src/api/msdDrv_obj/msdBrgFdb.o
 .bss           0x0000000000000000        0x0 /home/root/ccUMSD_230912c/obj/src/api/msdDrv_obj/msdBrgVtu.o
 .bss           0x0000000000000000        0x0 /home/root/ccUMSD_230912c/obj/src/api/msdDrv_obj/msdBrgStu.o
 .bss           0x0000000000000000        0x0 /home/root/ccUMSD_230912c/obj/src/api/msdDrv_obj/msdPIRL.o
 .bss           0x0000000000000000        0x0 /home/root/ccUMSD_230912c/obj/src/api/msdDrv_obj/msdPortRmon.o
 .bss           0x0000000000000000        0x0 /home/root/ccUMSD_230912c/obj/src/api/msdDrv_obj/msdPortCtrl.o
 .bss           0x0000000000000000        0x0 /home/root/ccUMSD_230912c/obj/src/api/msdDrv_obj/msdQosMap.o
 .bss           0x0000000000000000        0x0 /home/root/ccUMSD_230912c/obj/src/api/msdDrv_obj/msdQav.o
 .bss           0x0000000000000000        0x0 /home/root/ccUMSD_230912c/obj/src/api/msdDrv_obj/msdQueueCtrl.o
 .bss           0x0000000000000000        0x0 /home/root/ccUMSD_230912c/obj/src/api/msdDrv_obj/msdSysCtrl.o
 .bss           0x0000000000000000        0x0 /home/root/ccUMSD_230912c/obj/src/api/msdDrv_obj/msdPhyCtrl.o
 .bss           0x0000000000000000        0x0 /home/root/ccUMSD_230912c/obj/src/api/msdDrv_obj/msdIMP.o
 .bss           0x0000000000000000        0x0 /home/root/ccUMSD_230912c/obj/src/api/msdDrv_obj/msdRMU.o
 .bss           0x0000000000000000        0x0 /home/root/ccUMSD_230912c/obj/src/api/msdDrv_obj/msdTrunk.o
 .bss           0x0000000000000000        0x0 /home/root/ccUMSD_230912c/obj/src/api/msdDrv_obj/msdPTP.o
 .bss           0x0000000000000000        0x0 /home/root/ccUMSD_230912c/obj/src/api/msdDrv_obj/msdLed.o
 .bss           0x0000000000000000        0x0 /home/root/ccUMSD_230912c/obj/src/api/msdDrv_obj/msdArp.o
 .bss           0x0000000000000000        0x0 /home/root/ccUMSD_230912c/obj/src/api/msdDrv_obj/msdEcid.o
 .bss           0x0000000000000000        0x0 /home/root/ccUMSD_230912c/obj/src/api/msdDrv_obj/msdEEPROM.o
 .bss           0x0000000000000000        0x0 /home/root/ccUMSD_230912c/obj/src/api/msdDrv_obj/msdPolicy.o
 .bss           0x0000000000000000        0x0 /home/root/ccUMSD_230912c/obj/src/api/msdDrv_obj/msdTCAMRC.o
 .bss           0x0000000000000000        0x0 /home/root/ccUMSD_230912c/obj/src/api/msdDrv_obj/msdTCAMRCComp.o
 .bss           0x0000000000000000        0x0 /home/root/ccUMSD_230912c/obj/src/api/msdDrv_obj/msdQci.o
 .bss           0x0000000000000000        0x0 /home/root/ccUMSD_230912c/obj/src/api/msdDrv_obj/msdQcr.o
 .bss           0x0000000000000000        0x0 /home/root/ccUMSD_230912c/obj/src/api/msdDrv_obj/msdFRER.o
 .bss           0x0000000000000000        0x0 /home/root/ccUMSD_230912c/obj/src/api/msdDrv_obj/msdMACSec.o

.stab
 *(.stab)

.stabstr
 *(.stabstr)

.stab.excl
 *(.stab.excl)

.stab.exclstr
 *(.stab.exclstr)

.stab.index
 *(.stab.index)

.stab.indexstr
 *(.stab.indexstr)

.comment        0x0000000000000000      0x214
 *(.comment)
 .comment       0x0000000000000000       0x13 /home/root/ccUMSD_230912c/obj/src/api/msdDrv_obj/msdTCAM.o
 .comment       0x0000000000000013       0x13 /home/root/ccUMSD_230912c/obj/src/api/msdDrv_obj/msdAdvVct.o
 .comment       0x0000000000000026       0x13 /home/root/ccUMSD_230912c/obj/src/api/msdDrv_obj/msdBrgFdb.o
 .comment       0x0000000000000039       0x13 /home/root/ccUMSD_230912c/obj/src/api/msdDrv_obj/msdBrgVtu.o
 .comment       0x000000000000004c       0x13 /home/root/ccUMSD_230912c/obj/src/api/msdDrv_obj/msdBrgStu.o
 .comment       0x000000000000005f       0x13 /home/root/ccUMSD_230912c/obj/src/api/msdDrv_obj/msdPIRL.o
 .comment       0x0000000000000072       0x13 /home/root/ccUMSD_230912c/obj/src/api/msdDrv_obj/msdPortRmon.o
 .comment       0x0000000000000085       0x13 /home/root/ccUMSD_230912c/obj/src/api/msdDrv_obj/msdPortCtrl.o
 .comment       0x0000000000000098       0x13 /home/root/ccUMSD_230912c/obj/src/api/msdDrv_obj/msdQosMap.o
 .comment       0x00000000000000ab       0x13 /home/root/ccUMSD_230912c/obj/src/api/msdDrv_obj/msdQav.o
 .comment       0x00000000000000be       0x13 /home/root/ccUMSD_230912c/obj/src/api/msdDrv_obj/msdQueueCtrl.o
 .comment       0x00000000000000d1       0x13 /home/root/ccUMSD_230912c/obj/src/api/msdDrv_obj/msdSysCtrl.o
 .comment       0x00000000000000e4       0x13 /home/root/ccUMSD_230912c/obj/src/api/msdDrv_obj/msdPhyCtrl.o
 .comment       0x00000000000000f7       0x13 /home/root/ccUMSD_230912c/obj/src/api/msdDrv_obj/msdIMP.o
 .comment       0x000000000000010a       0x13 /home/root/ccUMSD_230912c/obj/src/api/msdDrv_obj/msdRMU.o
 .comment       0x000000000000011d       0x13 /home/root/ccUMSD_230912c/obj/src/api/msdDrv_obj/msdTrunk.o
 .comment       0x0000000000000130       0x13 /home/root/ccUMSD_230912c/obj/src/api/msdDrv_obj/msdPTP.o
 .comment       0x0000000000000143       0x13 /home/root/ccUMSD_230912c/obj/src/api/msdDrv_obj/msdLed.o
 .comment       0x0000000000000156       0x13 /home/root/ccUMSD_230912c/obj/src/api/msdDrv_obj/msdArp.o
 .comment       0x0000000000000169       0x13 /home/root/ccUMSD_230912c/obj/src/api/msdDrv_obj/msdEcid.o
 .comment       0x000000000000017c       0x13 /home/root/ccUMSD_230912c/obj/src/api/msdDrv_obj/msdEEPROM.o
 .comment       0x000000000000018f       0x13 /home/root/ccUMSD_230912c/obj/src/api/msdDrv_obj/msdPolicy.o
 .comment       0x00000000000001a2       0x13 /home/root/ccUMSD_230912c/obj/src/api/msdDrv_obj/msdTCAMRC.o
 .comment       0x00000000000001b5       0x13 /home/root/ccUMSD_230912c/obj/src/api/msdDrv_obj/msdTCAMRCComp.o
 .comment       0x00000000000001c8       0x13 /home/root/ccUMSD_230912c/obj/src/api/msdDrv_obj/msdQci.o
 .comment       0x00000000000001db       0x13 /home/root/ccUMSD_230912c/obj/src/api/msdDrv_obj/msdQcr.o
 .comment       0x00000000000001ee       0x13 /home/root/ccUMSD_230912c/obj/src/api/msdDrv_obj/msdFRER.o
 .comment       0x0000000000000201       0x13 /home/root/ccUMSD_230912c/obj/src/api/msdDrv_obj/msdMACSec.o

.note.GNU-stack
                0x0000000000000000        0x0
 .note.GNU-stack
                0x0000000000000000        0x0 /home/root/ccUMSD_230912c/obj/src/api/msdDrv_obj/msdTCAM.o
 .note.GNU-stack
                0x0000000000000000        0x0 /home/root/ccUMSD_230912c/obj/src/api/msdDrv_obj/msdAdvVct.o
 .note.GNU-stack
                0x0000000000000000        0x0 /home/root/ccUMSD_230912c/obj/src/api/msdDrv_obj/msdBrgFdb.o
 .note.GNU-stack
                0x0000000000000000        0x0 /home/root/ccUMSD_230912c/obj/src/api/msdDrv_obj/msdBrgVtu.o
 .note.GNU-stack
                0x0000000000000000        0x0 /home/root/ccUMSD_230912c/obj/src/api/msdDrv_obj/msdBrgStu.o
 .note.GNU-stack
                0x0000000000000000        0x0 /home/root/ccUMSD_230912c/obj/src/api/msdDrv_obj/msdPIRL.o
 .note.GNU-stack
                0x0000000000000000        0x0 /home/root/ccUMSD_230912c/obj/src/api/msdDrv_obj/msdPortRmon.o
 .note.GNU-stack
                0x0000000000000000        0x0 /home/root/ccUMSD_230912c/obj/src/api/msdDrv_obj/msdPortCtrl.o
 .note.GNU-stack
                0x0000000000000000        0x0 /home/root/ccUMSD_230912c/obj/src/api/msdDrv_obj/msdQosMap.o
 .note.GNU-stack
                0x0000000000000000        0x0 /home/root/ccUMSD_230912c/obj/src/api/msdDrv_obj/msdQav.o
 .note.GNU-stack
                0x0000000000000000        0x0 /home/root/ccUMSD_230912c/obj/src/api/msdDrv_obj/msdQueueCtrl.o
 .note.GNU-stack
                0x0000000000000000        0x0 /home/root/ccUMSD_230912c/obj/src/api/msdDrv_obj/msdSysCtrl.o
 .note.GNU-stack
                0x0000000000000000        0x0 /home/root/ccUMSD_230912c/obj/src/api/msdDrv_obj/msdPhyCtrl.o
 .note.GNU-stack
                0x0000000000000000        0x0 /home/root/ccUMSD_230912c/obj/src/api/msdDrv_obj/msdIMP.o
 .note.GNU-stack
                0x0000000000000000        0x0 /home/root/ccUMSD_230912c/obj/src/api/msdDrv_obj/msdRMU.o
 .note.GNU-stack
                0x0000000000000000        0x0 /home/root/ccUMSD_230912c/obj/src/api/msdDrv_obj/msdTrunk.o
 .note.GNU-stack
                0x0000000000000000        0x0 /home/root/ccUMSD_230912c/obj/src/api/msdDrv_obj/msdPTP.o
 .note.GNU-stack
                0x0000000000000000        0x0 /home/root/ccUMSD_230912c/obj/src/api/msdDrv_obj/msdLed.o
 .note.GNU-stack
                0x0000000000000000        0x0 /home/root/ccUMSD_230912c/obj/src/api/msdDrv_obj/msdArp.o
 .note.GNU-stack
                0x0000000000000000        0x0 /home/root/ccUMSD_230912c/obj/src/api/msdDrv_obj/msdEcid.o
 .note.GNU-stack
                0x0000000000000000        0x0 /home/root/ccUMSD_230912c/obj/src/api/msdDrv_obj/msdEEPROM.o
 .note.GNU-stack
                0x0000000000000000        0x0 /home/root/ccUMSD_230912c/obj/src/api/msdDrv_obj/msdPolicy.o
 .note.GNU-stack
                0x0000000000000000        0x0 /home/root/ccUMSD_230912c/obj/src/api/msdDrv_obj/msdTCAMRC.o
 .note.GNU-stack
                0x0000000000000000        0x0 /home/root/ccUMSD_230912c/obj/src/api/msdDrv_obj/msdTCAMRCComp.o
 .note.GNU-stack
                0x0000000000000000        0x0 /home/root/ccUMSD_230912c/obj/src/api/msdDrv_obj/msdQci.o
 .note.GNU-stack
                0x0000000000000000        0x0 /home/root/ccUMSD_230912c/obj/src/api/msdDrv_obj/msdQcr.o
 .note.GNU-stack
                0x0000000000000000        0x0 /home/root/ccUMSD_230912c/obj/src/api/msdDrv_obj/msdFRER.o
 .note.GNU-stack
                0x0000000000000000        0x0 /home/root/ccUMSD_230912c/obj/src/api/msdDrv_obj/msdMACSec.o

.gnu.build.attributes
 *(.gnu.build.attributes)

.debug
 *(.debug)

.line
 *(.line)

.debug_srcinfo
 *(.debug_srcinfo)

.debug_sfnames
 *(.debug_sfnames)

.debug_aranges
 *(.debug_aranges)

.debug_pubnames
 *(.debug_pubnames)

.debug_info
 *(.debug_info)

.debug_abbrev
 *(.debug_abbrev)

.debug_line
 *(.debug_line)

.debug_frame
 *(.debug_frame)

.debug_str
 *(.debug_str)

.debug_loc
 *(.debug_loc)

.debug_macinfo
 *(.debug_macinfo)

.debug_weaknames
 *(.debug_weaknames)

.debug_funcnames
 *(.debug_funcnames)

.debug_typenames
 *(.debug_typenames)

.debug_varnames
 *(.debug_varnames)

.debug_pubtypes
 *(.debug_pubtypes)

.debug_ranges
 *(.debug_ranges)

.debug_macro
 *(.debug_macro)

.debug_addr
 *(.debug_addr)

.ARM.attributes
 *(.ARM.attributes)
 *(.gnu.attributes)

.note.gnu.arm.ident
 *(.note.gnu.arm.ident)
OUTPUT(/home/root/ccUMSD_230912c/obj/src/api/msdDrv_obj/api.o elf64-littleaarch64)
LOAD linker stubs
