gPTP$ DEBUG$ daemon_cl VERSION : May 27 2024 18:41:19
gPTP$ DEBUG$ Group vnw not found, will try root (0) instead
gPTP$ DEBUG$ priority1 = 248
gPTP$ DEBUG$ announceReceiptTimeout: 3
gPTP$ DEBUG$ syncReceiptTimeout: 3
gPTP$ DEBUG$ LINKSPEED_100MB - PHY delay
			TX: 1044 | RX: 2133
gPTP$ DEBUG$ LINKSPEED_1G - PHY delay
			TX: 184 | RX: 382
gPTP$ DEBUG$ neighborPropDelayThresh: 800
gPTP$ DEBUG$ syncReceiptThreshold: 8
gPTP$ DEBUG$ initialLogSyncInterval: -3
gPTP$ DEBUG$ initialLogPdelayReqInterval: 0
gPTP$ DEBUG$ Configuring port state to Slave

gPTP$ DEBUG$ automotive profile True isGM False

gPTP$ DEBUG$ priority1 248 and priority2 248 clockClass 248 srt 3 art 3

gPTP$ DEBUG$ qtimer_to_mono_offset -- min:5918868000 max:5918868200 new avg: 5918868030 
gPTP$ DEBUG$ AsCapable: Enabled
gPTP$ DEBUG$ Using clock device: /dev/ptp0
gPTP$ DEBUG$ gPTP starting
gPTP$ DEBUG$ Received POWERUP/INITIALIZE event
gPTP$ DEBUG$ Switching to Slave
gPTP$ DEBUG$ EtherPort::startPDelay()
gPTP$ DEBUG$ automotive_profile : YES
gPTP$ DEBUG$ getPortState() == 9
gPTP$ DEBUG$ AVnu AP Status : STATION_STATE_ETHERNET_READY
gPTP$ DEBUG$ Interface pfe0 is up
gPTP$ DEBUG$ Link Speed: 1000000 kb/sec
gPTP$ DEBUG$ SYNC receipt timeout
gPTP$ DEBUG$ SYNC receipt timeout
gPTP$ DEBUG$ PDELAY_INTERVAL_TIMEOUT_EXPIRES occured
gPTP$ DEBUG$ case PDELAY_INTERVAL_TIMEOUT_EXPIRES:
gPTP$ DEBUG$ automotive_profile : YES
gPTP$ DEBUG$ getPortState() == 9
gPTP$ DEBUG$ TX PHY compensation: 0 0.000000184 sec
gPTP$ DEBUG$ *** Sent PDelay Request message
gPTP$ DEBUG$ Schedule PDELAY_RESP_RECEIPT_TIMEOUT_EXPIRES, PDelay interval 0, timeout 3000000000
gPTP$ DEBUG$ SYNC receipt timeout
gPTP$ DEBUG$ *** Received Sync message
gPTP$ DEBUG$ RX PHY compensation: 0 0.000000382 sec
gPTP$ DEBUG$ *** Received Follow Up message
gPTP$ DEBUG$ Processing a follow-up message
gPTP$ DEBUG$ *** Received Sync message
gPTP$ DEBUG$ RX PHY compensation: 0 0.000000382 sec
gPTP$ DEBUG$ *** Received Follow Up message
gPTP$ DEBUG$ Processing a follow-up message
gPTP$ DEBUG$ *** Received Sync message
gPTP$ DEBUG$ RX PHY compensation: 0 0.000000382 sec
gPTP$ DEBUG$ *** Received Follow Up message
gPTP$ DEBUG$ Processing a follow-up message
gPTP$ DEBUG$ *** Received Sync message
gPTP$ DEBUG$ RX PHY compensation: 0 0.000000382 sec
gPTP$ DEBUG$ *** Received Follow Up message
gPTP$ DEBUG$ Processing a follow-up message
gPTP$ DEBUG$ *** Received Sync message
gPTP$ DEBUG$ RX PHY compensation: 0 0.000000382 sec
gPTP$ DEBUG$ *** Received Follow Up message
gPTP$ DEBUG$ Processing a follow-up message
gPTP$ DEBUG$ *** Received Sync message
gPTP$ DEBUG$ RX PHY compensation: 0 0.000000382 sec
gPTP$ DEBUG$ *** Received Follow Up message
gPTP$ DEBUG$ Processing a follow-up message
gPTP$ DEBUG$ *** Received Sync message
gPTP$ DEBUG$ RX PHY compensation: 0 0.000000382 sec
gPTP$ DEBUG$ PDELAY_INTERVAL_TIMEOUT_EXPIRES occured
gPTP$ DEBUG$ case PDELAY_INTERVAL_TIMEOUT_EXPIRES:
gPTP$ DEBUG$ automotive_profile : YES
gPTP$ DEBUG$ getPortState() == 9
gPTP$ DEBUG$ TX PHY compensation: 0 0.000000184 sec
gPTP$ DEBUG$ *** Sent PDelay Request message
gPTP$ DEBUG$ Schedule PDELAY_RESP_RECEIPT_TIMEOUT_EXPIRES, PDelay interval 0, timeout 3000000000
gPTP$ DEBUG$ *** Received PDelay Response message, Timestamp 96 (sec) 657333377 (ns), seqID 1
gPTP$ DEBUG$ RX PHY compensation: 0 0.000000382 sec
gPTP$ DEBUG$ *** Received PDelay Response FollowUp message
gPTP$ DEBUG$ Link delay: 1347751 ns
gPTP$ DEBUG$ *** Received Follow Up message
gPTP$ DEBUG$ Processing a follow-up message
gPTP$ DEBUG$ Calculated master to local clock rate difference
gPTP$ DEBUG$ Calculated local to system clock rate difference
gPTP$ DEBUG$ phase_error = 0.000000, ppm = 0.000000
gPTP$ DEBUG$ *** Received Sync message
gPTP$ DEBUG$ RX PHY compensation: 0 0.000000382 sec
gPTP$ DEBUG$ *** Received Follow Up message
gPTP$ DEBUG$ Processing a follow-up message
gPTP$ DEBUG$ Calculated master to local clock rate difference
gPTP$ DEBUG$ Calculated local to system clock rate difference
gPTP$ DEBUG$ Local to system clock ratio (73634758150.328793) exceeding threshold
gPTP$ DEBUG$ Local to mono clock ratio (73634769907.587373) exceeding threshold
gPTP$ DEBUG$ phase_error = -11476.000000, ppm = -27.542400
gPTP$ DEBUG$ AVnu AP Status : STATION_STATE_AVB_SYNC
gPTP$ DEBUG$ *** Received Sync message
gPTP$ DEBUG$ RX PHY compensation: 0 0.000000382 sec
gPTP$ DEBUG$ *** Received Follow Up message
gPTP$ DEBUG$ Processing a follow-up message
gPTP$ DEBUG$ Calculated master to local clock rate difference
gPTP$ DEBUG$ Calculated local to system clock rate difference
gPTP$ DEBUG$ phase_error = 180098.000000, ppm = 1927.364746
gPTP$ DEBUG$ *** Received Sync message
gPTP$ DEBUG$ RX PHY compensation: 0 0.000000382 sec
gPTP$ DEBUG$ *** Received Follow Up message
gPTP$ DEBUG$ Processing a follow-up message
gPTP$ DEBUG$ Calculated master to local clock rate difference
gPTP$ DEBUG$ Calculated local to system clock rate difference
gPTP$ DEBUG$ phase_error = -9748.000000, ppm = -1283.756348
gPTP$ DEBUG$ *** Received Sync message
gPTP$ DEBUG$ RX PHY compensation: 0 0.000000382 sec
gPTP$ DEBUG$ *** Received Follow Up message
gPTP$ DEBUG$ Processing a follow-up message
gPTP$ DEBUG$ Calculated master to local clock rate difference
gPTP$ DEBUG$ Calculated local to system clock rate difference
gPTP$ DEBUG$ phase_error = -21809.000000, ppm = -398.488434
gPTP$ DEBUG$ *** Received Sync message
gPTP$ DEBUG$ RX PHY compensation: 0 0.000000382 sec
gPTP$ DEBUG$ *** Received Follow Up message
gPTP$ DEBUG$ Processing a follow-up message
gPTP$ DEBUG$ Calculated master to local clock rate difference
gPTP$ DEBUG$ Calculated local to system clock rate difference
gPTP$ DEBUG$ phase_error = 76239.000000, ppm = 714.915771
gPTP$ DEBUG$ *** Received Sync message
gPTP$ DEBUG$ RX PHY compensation: 0 0.000000382 sec
gPTP$ DEBUG$ *** Received Follow Up message
gPTP$ DEBUG$ Processing a follow-up message
gPTP$ DEBUG$ Calculated master to local clock rate difference
gPTP$ DEBUG$ Calculated local to system clock rate difference
gPTP$ DEBUG$ phase_error = -52556.000000, ppm = -901.397095
gPTP$ DEBUG$ *** Received Sync message
gPTP$ DEBUG$ RX PHY compensation: 0 0.000000382 sec
gPTP$ DEBUG$ PDELAY_INTERVAL_TIMEOUT_EXPIRES occured
gPTP$ DEBUG$ case PDELAY_INTERVAL_TIMEOUT_EXPIRES:
gPTP$ DEBUG$ automotive_profile : YES
gPTP$ DEBUG$ getPortState() == 9
gPTP$ DEBUG$ TX PHY compensation: 0 0.000000184 sec
gPTP$ DEBUG$ *** Sent PDelay Request message
gPTP$ DEBUG$ Schedule PDELAY_RESP_RECEIPT_TIMEOUT_EXPIRES, PDelay interval 0, timeout 3000000000
gPTP$ DEBUG$ *** Received PDelay Response message, Timestamp 4 (sec) 296630847 (ns), seqID 2
gPTP$ DEBUG$ RX PHY compensation: 0 0.000000382 sec
gPTP$ DEBUG$ *** Received PDelay Response FollowUp message
gPTP$ DEBUG$ Link delay: 1568022 ns
gPTP$ DEBUG$ *** Received Follow Up message
gPTP$ DEBUG$ Processing a follow-up message
gPTP$ DEBUG$ Calculated master to local clock rate difference
gPTP$ DEBUG$ Calculated local to system clock rate difference
gPTP$ DEBUG$ phase_error = 260622.000000, ppm = 2870.483643
gPTP$ DEBUG$ *** Received PDelay Request message
gPTP$ DEBUG$ RX PHY compensation: 0 0.000000382 sec
gPTP$ DEBUG$ Process PDelay Request SeqId: 11	
gPTP$ DEBUG$ TX PHY compensation: 0 0.000000184 sec
gPTP$ DEBUG$ *** Sent PDelay Response message
gPTP$ DEBUG$ *** Sent PDelay Response FollowUp message
gPTP$ DEBUG$ *** Received Sync message
gPTP$ DEBUG$ RX PHY compensation: 0 0.000000382 sec
gPTP$ DEBUG$ *** Received Follow Up message
gPTP$ DEBUG$ Processing a follow-up message
gPTP$ DEBUG$ Calculated master to local clock rate difference
gPTP$ DEBUG$ Calculated local to system clock rate difference
gPTP$ DEBUG$ phase_error = 213318.000000, ppm = 385.289673
gPTP$ DEBUG$ *** Received Sync message
gPTP$ DEBUG$ RX PHY compensation: 0 0.000000382 sec
gPTP$ DEBUG$ *** Received Follow Up message
gPTP$ DEBUG$ Processing a follow-up message
gPTP$ DEBUG$ Calculated master to local clock rate difference
gPTP$ DEBUG$ Calculated local to system clock rate difference
gPTP$ DEBUG$ phase_error = 230732.000000, ppm = 942.549255
gPTP$ DEBUG$ *** Received Sync message
gPTP$ DEBUG$ RX PHY compensation: 0 0.000000382 sec
gPTP$ DEBUG$ *** Received Follow Up message
gPTP$ DEBUG$ Processing a follow-up message
gPTP$ DEBUG$ Calculated master to local clock rate difference
gPTP$ DEBUG$ Calculated local to system clock rate difference
gPTP$ DEBUG$ phase_error = 173007.000000, ppm = 205.229218
gPTP$ DEBUG$ *** Received Sync message
gPTP$ DEBUG$ RX PHY compensation: 0 0.000000382 sec
gPTP$ DEBUG$ *** Received Follow Up message
gPTP$ DEBUG$ Processing a follow-up message
gPTP$ DEBUG$ Calculated master to local clock rate difference
gPTP$ DEBUG$ Calculated local to system clock rate difference
gPTP$ DEBUG$ phase_error = 377881.000000, ppm = 2744.876953
gPTP$ DEBUG$ *** Received Sync message
gPTP$ DEBUG$ RX PHY compensation: 0 0.000000382 sec
gPTP$ DEBUG$ *** Received Follow Up message
gPTP$ DEBUG$ Processing a follow-up message
gPTP$ DEBUG$ Calculated master to local clock rate difference
gPTP$ DEBUG$ Calculated local to system clock rate difference
gPTP$ DEBUG$ phase_error = 278147.000000, ppm = 124.228264
gPTP$ DEBUG$ *** Received Sync message
gPTP$ DEBUG$ RX PHY compensation: 0 0.000000382 sec
gPTP$ DEBUG$ *** Received Follow Up message
gPTP$ DEBUG$ Processing a follow-up message
gPTP$ DEBUG$ Calculated master to local clock rate difference
gPTP$ DEBUG$ Calculated local to system clock rate difference
gPTP$ DEBUG$ phase_error = 36726.000000, ppm = -1707.875366
gPTP$ DEBUG$ *** Received Sync message
gPTP$ DEBUG$ RX PHY compensation: 0 0.000000382 sec
gPTP$ DEBUG$ *** Received Follow Up message
gPTP$ DEBUG$ Processing a follow-up message
gPTP$ DEBUG$ Calculated master to local clock rate difference
gPTP$ DEBUG$ Calculated local to system clock rate difference
gPTP$ DEBUG$ phase_error = 49638.000000, ppm = -27.966431
gPTP$ DEBUG$ *** Received Sync message
gPTP$ DEBUG$ RX PHY compensation: 0 0.000000382 sec
gPTP$ DEBUG$ PDELAY_INTERVAL_TIMEOUT_EXPIRES occured
gPTP$ DEBUG$ case PDELAY_INTERVAL_TIMEOUT_EXPIRES:
gPTP$ DEBUG$ automotive_profile : YES
gPTP$ DEBUG$ getPortState() == 9
gPTP$ DEBUG$ TX PHY compensation: 0 0.000000184 sec
gPTP$ DEBUG$ *** Sent PDelay Request message
gPTP$ DEBUG$ Schedule PDELAY_RESP_RECEIPT_TIMEOUT_EXPIRES, PDelay interval 0, timeout 3000000000
gPTP$ DEBUG$ *** Received PDelay Response message, Timestamp 5 (sec) 300723267 (ns), seqID 3
gPTP$ DEBUG$ RX PHY compensation: 0 0.000000382 sec
gPTP$ DEBUG$ *** Received PDelay Response FollowUp message
gPTP$ DEBUG$ Link delay: 1590369 ns
gPTP$ DEBUG$ *** Received Follow Up message
gPTP$ DEBUG$ Processing a follow-up message
gPTP$ DEBUG$ Calculated master to local clock rate difference
gPTP$ DEBUG$ Calculated local to system clock rate difference
gPTP$ DEBUG$ phase_error = 105330.000000, ppm = 668.853882
gPTP$ DEBUG$ *** Received PDelay Request message
gPTP$ DEBUG$ RX PHY compensation: 0 0.000000382 sec
gPTP$ DEBUG$ Process PDelay Request SeqId: 12	
gPTP$ DEBUG$ TX PHY compensation: 0 0.000000184 sec
gPTP$ DEBUG$ *** Sent PDelay Response message
gPTP$ DEBUG$ *** Sent PDelay Response FollowUp message
gPTP$ DEBUG$ *** Received Sync message
gPTP$ DEBUG$ RX PHY compensation: 0 0.000000382 sec
gPTP$ DEBUG$ *** Received Follow Up message
gPTP$ DEBUG$ Processing a follow-up message
gPTP$ DEBUG$ Calculated master to local clock rate difference
gPTP$ DEBUG$ Calculated local to system clock rate difference
gPTP$ DEBUG$ phase_error = 194548.000000, ppm = 1428.416626
gPTP$ DEBUG$ *** Received Sync message
gPTP$ DEBUG$ RX PHY compensation: 0 0.000000382 sec
gPTP$ DEBUG$ *** Received Follow Up message
gPTP$ DEBUG$ Processing a follow-up message
gPTP$ DEBUG$ Calculated master to local clock rate difference
gPTP$ DEBUG$ Calculated local to system clock rate difference
gPTP$ DEBUG$ phase_error = 145079.000000, ppm = 204.826202
gPTP$ DEBUG$ *** Received Sync message
gPTP$ DEBUG$ RX PHY compensation: 0 0.000000382 sec
gPTP$ DEBUG$ *** Received Follow Up message
gPTP$ DEBUG$ Processing a follow-up message
gPTP$ DEBUG$ Calculated master to local clock rate difference
gPTP$ DEBUG$ Calculated local to system clock rate difference
gPTP$ DEBUG$ phase_error = 148380.000000, ppm = 587.242432
gPTP$ DEBUG$ *** Received Sync message
gPTP$ DEBUG$ RX PHY compensation: 0 0.000000382 sec
gPTP$ DEBUG$ *** Received Follow Up message
gPTP$ DEBUG$ Processing a follow-up message
gPTP$ DEBUG$ Calculated master to local clock rate difference
gPTP$ DEBUG$ Calculated local to system clock rate difference
gPTP$ DEBUG$ phase_error = 7817.000000, ppm = -850.072021
gPTP$ DEBUG$ *** Received Sync message
gPTP$ DEBUG$ RX PHY compensation: 0 0.000000382 sec
gPTP$ DEBUG$ *** Received Follow Up message
gPTP$ DEBUG$ Processing a follow-up message
gPTP$ DEBUG$ Calculated master to local clock rate difference
gPTP$ DEBUG$ Calculated local to system clock rate difference
gPTP$ DEBUG$ phase_error = 113114.000000, ppm = 861.336792
gPTP$ DEBUG$ *** Received Sync message
gPTP$ DEBUG$ RX PHY compensation: 0 0.000000382 sec
gPTP$ DEBUG$ *** Received Follow Up message
gPTP$ DEBUG$ Processing a follow-up message
gPTP$ DEBUG$ Calculated master to local clock rate difference
gPTP$ DEBUG$ Calculated local to system clock rate difference
gPTP$ DEBUG$ phase_error = 25947.000000, ppm = -382.206787
gPTP$ DEBUG$ *** Received Sync message
gPTP$ DEBUG$ RX PHY compensation: 0 0.000000382 sec
gPTP$ DEBUG$ *** Received Follow Up message
gPTP$ DEBUG$ Processing a follow-up message
gPTP$ DEBUG$ Calculated master to local clock rate difference
gPTP$ DEBUG$ Calculated local to system clock rate difference
gPTP$ DEBUG$ phase_error = 135494.000000, ppm = 949.234619
gPTP$ DEBUG$ *** Received Sync message
gPTP$ DEBUG$ RX PHY compensation: 0 0.000000382 sec
gPTP$ DEBUG$ PDELAY_INTERVAL_TIMEOUT_EXPIRES occured
gPTP$ DEBUG$ case PDELAY_INTERVAL_TIMEOUT_EXPIRES:
gPTP$ DEBUG$ automotive_profile : YES
gPTP$ DEBUG$ getPortState() == 9
gPTP$ DEBUG$ TX PHY compensation: 0 0.000000184 sec
gPTP$ DEBUG$ *** Sent PDelay Request message
gPTP$ DEBUG$ Schedule PDELAY_RESP_RECEIPT_TIMEOUT_EXPIRES, PDelay interval 0, timeout 3000000000
gPTP$ DEBUG$ *** Received PDelay Response message, Timestamp 6 (sec) 304666727 (ns), seqID 4
gPTP$ DEBUG$ RX PHY compensation: 0 0.000000382 sec
gPTP$ DEBUG$ *** Received PDelay Response FollowUp message
gPTP$ DEBUG$ Link delay: 1535455 ns
gPTP$ DEBUG$ *** Received Follow Up message
gPTP$ DEBUG$ Processing a follow-up message
gPTP$ DEBUG$ Calculated master to local clock rate difference
gPTP$ DEBUG$ Calculated local to system clock rate difference
gPTP$ DEBUG$ phase_error = 37984.000000, ppm = -436.164795
gPTP$ DEBUG$ *** Received PDelay Request message
gPTP$ DEBUG$ RX PHY compensation: 0 0.000000382 sec
gPTP$ DEBUG$ Process PDelay Request SeqId: 13	
gPTP$ DEBUG$ TX PHY compensation: 0 0.000000184 sec
gPTP$ DEBUG$ *** Sent PDelay Response message
gPTP$ DEBUG$ *** Sent PDelay Response FollowUp message
gPTP$ DEBUG$ *** Received Sync message
gPTP$ DEBUG$ RX PHY compensation: 0 0.000000382 sec
gPTP$ DEBUG$ *** Received Follow Up message
gPTP$ DEBUG$ Processing a follow-up message
gPTP$ DEBUG$ Calculated master to local clock rate difference
gPTP$ DEBUG$ Calculated local to system clock rate difference
gPTP$ DEBUG$ phase_error = 92498.000000, ppm = 405.967407
gPTP$ DEBUG$ *** Received Sync message
gPTP$ DEBUG$ RX PHY compensation: 0 0.000000382 sec
gPTP$ DEBUG$ *** Received Follow Up message
gPTP$ DEBUG$ Processing a follow-up message
gPTP$ DEBUG$ Calculated master to local clock rate difference
gPTP$ DEBUG$ Calculated local to system clock rate difference
gPTP$ DEBUG$ phase_error = -11985.000000, ppm = -610.833252
gPTP$ DEBUG$ *** Received Sync message
gPTP$ DEBUG$ RX PHY compensation: 0 0.000000382 sec
gPTP$ DEBUG$ *** Received Follow Up message
gPTP$ DEBUG$ Processing a follow-up message
gPTP$ DEBUG$ Calculated master to local clock rate difference
gPTP$ DEBUG$ Calculated local to system clock rate difference
gPTP$ DEBUG$ phase_error = 111547.000000, ppm = 1003.209595
gPTP$ DEBUG$ *** Received Sync message
gPTP$ DEBUG$ RX PHY compensation: 0 0.000000382 sec
gPTP$ DEBUG$ *** Received Follow Up message
gPTP$ DEBUG$ Processing a follow-up message
gPTP$ DEBUG$ Calculated master to local clock rate difference
gPTP$ DEBUG$ Calculated local to system clock rate difference
gPTP$ DEBUG$ phase_error = -18235.000000, ppm = -827.016235
gPTP$ DEBUG$ *** Received Sync message
gPTP$ DEBUG$ RX PHY compensation: 0 0.000000382 sec
gPTP$ DEBUG$ *** Received Follow Up message
gPTP$ DEBUG$ Processing a follow-up message
gPTP$ DEBUG$ Calculated master to local clock rate difference
gPTP$ DEBUG$ Calculated local to system clock rate difference
gPTP$ DEBUG$ phase_error = 28302.000000, ppm = 189.086517
gPTP$ DEBUG$ *** Received Sync message
gPTP$ DEBUG$ RX PHY compensation: 0 0.000000382 sec
gPTP$ DEBUG$ *** Received Follow Up message
gPTP$ DEBUG$ Processing a follow-up message
gPTP$ DEBUG$ Calculated master to local clock rate difference
gPTP$ DEBUG$ Calculated local to system clock rate difference
gPTP$ DEBUG$ phase_error = 5642.000000, ppm = 22.068054
gPTP$ DEBUG$ *** Received Sync message
gPTP$ DEBUG$ RX PHY compensation: 0 0.000000382 sec
gPTP$ DEBUG$ *** Received Follow Up message
gPTP$ DEBUG$ Processing a follow-up message
gPTP$ DEBUG$ Calculated master to local clock rate difference
gPTP$ DEBUG$ Calculated local to system clock rate difference
gPTP$ DEBUG$ phase_error = -21303.000000, ppm = -243.810547
gPTP$ DEBUG$ *** Received Sync message
gPTP$ DEBUG$ RX PHY compensation: 0 0.000000382 sec
gPTP$ DEBUG$ PDELAY_INTERVAL_TIMEOUT_EXPIRES occured
gPTP$ DEBUG$ case PDELAY_INTERVAL_TIMEOUT_EXPIRES:
gPTP$ DEBUG$ automotive_profile : YES
gPTP$ DEBUG$ getPortState() == 9
gPTP$ DEBUG$ TX PHY compensation: 0 0.000000184 sec
gPTP$ DEBUG$ *** Sent PDelay Request message
gPTP$ DEBUG$ Schedule PDELAY_RESP_RECEIPT_TIMEOUT_EXPIRES, PDelay interval 0, timeout 3000000000
gPTP$ DEBUG$ *** Received PDelay Response message, Timestamp 7 (sec) 308020617 (ns), seqID 5
gPTP$ DEBUG$ RX PHY compensation: 0 0.000000382 sec
gPTP$ DEBUG$ *** Received PDelay Response FollowUp message
gPTP$ DEBUG$ Link delay: 1328937 ns
gPTP$ DEBUG$ *** Received Follow Up message
gPTP$ DEBUG$ Processing a follow-up message
gPTP$ DEBUG$ Calculated master to local clock rate difference
gPTP$ DEBUG$ Calculated local to system clock rate difference
gPTP$ DEBUG$ phase_error = -122821.000000, ppm = -1347.694580
gPTP$ DEBUG$ *** Received PDelay Request message
gPTP$ DEBUG$ RX PHY compensation: 0 0.000000382 sec
gPTP$ DEBUG$ Process PDelay Request SeqId: 14	
gPTP$ DEBUG$ TX PHY compensation: 0 0.000000184 sec
gPTP$ DEBUG$ *** Sent PDelay Response message
gPTP$ DEBUG$ *** Sent PDelay Response FollowUp message
gPTP$ DEBUG$ *** Received Sync message
gPTP$ DEBUG$ RX PHY compensation: 0 0.000000382 sec
gPTP$ DEBUG$ *** Received Follow Up message
gPTP$ DEBUG$ Processing a follow-up message
gPTP$ DEBUG$ Calculated master to local clock rate difference
gPTP$ DEBUG$ Calculated local to system clock rate difference
gPTP$ DEBUG$ phase_error = -57544.000000, ppm = 132.544403
gPTP$ DEBUG$ SYNC_RATE_INTERVAL_TIMEOUT_EXPIRED occured
gPTP$ DEBUG$ *** Received Sync message
gPTP$ DEBUG$ RX PHY compensation: 0 0.000000382 sec
gPTP$ DEBUG$ *** Received Follow Up message
gPTP$ DEBUG$ Processing a follow-up message
gPTP$ DEBUG$ Calculated master to local clock rate difference
gPTP$ DEBUG$ Calculated local to system clock rate difference
gPTP$ DEBUG$ phase_error = -148981.000000, ppm = -774.382080
gPTP$ DEBUG$ *** Received Sync message
gPTP$ DEBUG$ RX PHY compensation: 0 0.000000382 sec
gPTP$ DEBUG$ *** Received Follow Up message
gPTP$ DEBUG$ Processing a follow-up message
gPTP$ DEBUG$ Calculated master to local clock rate difference
gPTP$ DEBUG$ Calculated local to system clock rate difference
gPTP$ DEBUG$ phase_error = -33621.000000, ppm = 628.945251
gPTP$ DEBUG$ *** Received Sync message
gPTP$ DEBUG$ RX PHY compensation: 0 0.000000382 sec
gPTP$ DEBUG$ *** Received Follow Up message
gPTP$ DEBUG$ Processing a follow-up message
gPTP$ DEBUG$ Calculated master to local clock rate difference
gPTP$ DEBUG$ Calculated local to system clock rate difference
gPTP$ DEBUG$ phase_error = 3757.000000, ppm = 545.086182
gPTP$ DEBUG$ *** Received Sync message
gPTP$ DEBUG$ RX PHY compensation: 0 0.000000382 sec
gPTP$ DEBUG$ *** Received Follow Up message
gPTP$ DEBUG$ Processing a follow-up message
gPTP$ DEBUG$ Calculated master to local clock rate difference
gPTP$ DEBUG$ Calculated local to system clock rate difference
gPTP$ DEBUG$ phase_error = -81503.000000, ppm = -526.007568
gPTP$ DEBUG$ *** Received Sync message
gPTP$ DEBUG$ RX PHY compensation: 0 0.000000382 sec
gPTP$ DEBUG$ *** Received Follow Up message
gPTP$ DEBUG$ Processing a follow-up message
gPTP$ DEBUG$ Calculated master to local clock rate difference
gPTP$ DEBUG$ Calculated local to system clock rate difference
gPTP$ DEBUG$ phase_error = -171448.000000, ppm = -1172.071777
gPTP$ DEBUG$ *** Received Sync message
gPTP$ DEBUG$ RX PHY compensation: 0 0.000000382 sec
gPTP$ DEBUG$ *** Received Follow Up message
gPTP$ DEBUG$ Processing a follow-up message
gPTP$ DEBUG$ Calculated master to local clock rate difference
gPTP$ DEBUG$ Calculated local to system clock rate difference
gPTP$ DEBUG$ phase_error = -7395.000000, ppm = 1049.101807
gPTP$ DEBUG$ *** Received Sync message
gPTP$ DEBUG$ RX PHY compensation: 0 0.000000382 sec
gPTP$ DEBUG$ PDELAY_INTERVAL_TIMEOUT_EXPIRES occured
gPTP$ DEBUG$ case PDELAY_INTERVAL_TIMEOUT_EXPIRES:
gPTP$ DEBUG$ automotive_profile : YES
gPTP$ DEBUG$ getPortState() == 9
gPTP$ DEBUG$ TX PHY compensation: 0 0.000000184 sec
gPTP$ DEBUG$ *** Sent PDelay Request message
gPTP$ DEBUG$ Schedule PDELAY_RESP_RECEIPT_TIMEOUT_EXPIRES, PDelay interval 1, timeout 6000000000
gPTP$ DEBUG$ *** Received PDelay Response message, Timestamp 8 (sec) 315878657 (ns), seqID 6
gPTP$ DEBUG$ RX PHY compensation: 0 0.000000382 sec
gPTP$ DEBUG$ *** Received PDelay Response FollowUp message
gPTP$ DEBUG$ Link delay: 1357544 ns
gPTP$ DEBUG$ *** Received Follow Up message
gPTP$ DEBUG$ Processing a follow-up message
gPTP$ DEBUG$ Calculated master to local clock rate difference
gPTP$ DEBUG$ Calculated local to system clock rate difference
gPTP$ DEBUG$ phase_error = -105862.000000, ppm = -661.111267
gPTP$ DEBUG$ *** Received PDelay Request message
gPTP$ DEBUG$ RX PHY compensation: 0 0.000000382 sec
gPTP$ DEBUG$ Process PDelay Request SeqId: 15	
gPTP$ DEBUG$ TX PHY compensation: 0 0.000000184 sec
gPTP$ DEBUG$ *** Sent PDelay Response message
gPTP$ DEBUG$ *** Sent PDelay Response FollowUp message
gPTP$ DEBUG$ *** Received Sync message
gPTP$ DEBUG$ RX PHY compensation: 0 0.000000382 sec
gPTP$ DEBUG$ *** Received Follow Up message
gPTP$ DEBUG$ Processing a follow-up message
gPTP$ DEBUG$ Calculated master to local clock rate difference
gPTP$ DEBUG$ Calculated local to system clock rate difference
gPTP$ DEBUG$ phase_error = -8176.000000, ppm = 519.194946
gPTP$ DEBUG$ *** Received Sync message
gPTP$ DEBUG$ RX PHY compensation: 0 0.000000382 sec
gPTP$ DEBUG$ *** Received Follow Up message
gPTP$ DEBUG$ Processing a follow-up message
gPTP$ DEBUG$ Calculated master to local clock rate difference
gPTP$ DEBUG$ Calculated local to system clock rate difference
gPTP$ DEBUG$ phase_error = 91276.000000, ppm = 1152.408447
gPTP$ DEBUG$ *** Received Sync message
gPTP$ DEBUG$ RX PHY compensation: 0 0.000000382 sec
gPTP$ DEBUG$ *** Received Follow Up message
gPTP$ DEBUG$ Processing a follow-up message
gPTP$ DEBUG$ Calculated master to local clock rate difference
gPTP$ DEBUG$ Calculated local to system clock rate difference
gPTP$ DEBUG$ phase_error = 60386.000000, ppm = 76.685349
gPTP$ DEBUG$ *** Received Sync message
gPTP$ DEBUG$ RX PHY compensation: 0 0.000000382 sec
gPTP$ DEBUG$ *** Received Follow Up message
gPTP$ DEBUG$ Processing a follow-up message
gPTP$ DEBUG$ Calculated master to local clock rate difference
gPTP$ DEBUG$ Calculated local to system clock rate difference
gPTP$ DEBUG$ phase_error = -2412.000000, ppm = -425.613342
gPTP$ DEBUG$ *** Received Sync message
gPTP$ DEBUG$ RX PHY compensation: 0 0.000000382 sec
gPTP$ DEBUG$ *** Received Follow Up message
gPTP$ DEBUG$ Processing a follow-up message
gPTP$ DEBUG$ Calculated master to local clock rate difference
gPTP$ DEBUG$ Calculated local to system clock rate difference
gPTP$ DEBUG$ phase_error = -47207.000000, ppm = -663.433105
gPTP$ DEBUG$ *** Received Sync message
gPTP$ DEBUG$ RX PHY compensation: 0 0.000000382 sec
gPTP$ DEBUG$ *** Received Follow Up message
gPTP$ DEBUG$ Processing a follow-up message
gPTP$ DEBUG$ Calculated master to local clock rate difference
gPTP$ DEBUG$ Calculated local to system clock rate difference
gPTP$ DEBUG$ phase_error = 44113.000000, ppm = 530.880554
gPTP$ DEBUG$ *** Received Sync message
gPTP$ DEBUG$ RX PHY compensation: 0 0.000000382 sec
gPTP$ DEBUG$ *** Received Follow Up message
gPTP$ DEBUG$ Processing a follow-up message
gPTP$ DEBUG$ Calculated master to local clock rate difference
gPTP$ DEBUG$ Calculated local to system clock rate difference
gPTP$ DEBUG$ phase_error = 3904.000000, ppm = -65.723358
gPTP$ DEBUG$ *** Received Sync message
gPTP$ DEBUG$ RX PHY compensation: 0 0.000000382 sec
gPTP$ DEBUG$ *** Received Follow Up message
gPTP$ DEBUG$ Processing a follow-up message
gPTP$ DEBUG$ Calculated master to local clock rate difference
gPTP$ DEBUG$ Calculated local to system clock rate difference
gPTP$ DEBUG$ phase_error = 84963.000000, ppm = 682.165894
gPTP$ DEBUG$ *** Received PDelay Request message
gPTP$ DEBUG$ RX PHY compensation: 0 0.000000382 sec
gPTP$ DEBUG$ Process PDelay Request SeqId: 16	
gPTP$ DEBUG$ TX PHY compensation: 0 0.000000184 sec
gPTP$ DEBUG$ *** Sent PDelay Response message
gPTP$ DEBUG$ *** Sent PDelay Response FollowUp message
gPTP$ DEBUG$ *** Received Sync message
gPTP$ DEBUG$ RX PHY compensation: 0 0.000000382 sec
gPTP$ DEBUG$ *** Received Follow Up message
gPTP$ DEBUG$ Processing a follow-up message
gPTP$ DEBUG$ Calculated master to local clock rate difference
gPTP$ DEBUG$ Calculated local to system clock rate difference
gPTP$ DEBUG$ phase_error = 87553.000000, ppm = 375.296387
gPTP$ DEBUG$ *** Received Sync message
gPTP$ DEBUG$ RX PHY compensation: 0 0.000000382 sec
gPTP$ DEBUG$ *** Received Follow Up message
gPTP$ DEBUG$ Processing a follow-up message
gPTP$ DEBUG$ Calculated master to local clock rate difference
gPTP$ DEBUG$ Calculated local to system clock rate difference
gPTP$ DEBUG$ phase_error = 6867.000000, ppm = -384.579163
gPTP$ DEBUG$ *** Received Sync message
gPTP$ DEBUG$ RX PHY compensation: 0 0.000000382 sec
gPTP$ DEBUG$ *** Received Follow Up message
gPTP$ DEBUG$ Processing a follow-up message
gPTP$ DEBUG$ Calculated master to local clock rate difference
gPTP$ DEBUG$ Calculated local to system clock rate difference
gPTP$ DEBUG$ phase_error = -15792.000000, ppm = -449.484680
gPTP$ DEBUG$ *** Received Sync message
gPTP$ DEBUG$ RX PHY compensation: 0 0.000000382 sec
gPTP$ DEBUG$ *** Received Follow Up message
gPTP$ DEBUG$ Processing a follow-up message
gPTP$ DEBUG$ Calculated master to local clock rate difference
gPTP$ DEBUG$ Calculated local to system clock rate difference
gPTP$ DEBUG$ phase_error = 28458.000000, ppm = 137.025848
gPTP$ DEBUG$ *** Received Sync message
gPTP$ DEBUG$ RX PHY compensation: 0 0.000000382 sec
gPTP$ DEBUG$ *** Received Follow Up message
gPTP$ DEBUG$ Processing a follow-up message
gPTP$ DEBUG$ Calculated master to local clock rate difference
gPTP$ DEBUG$ Calculated local to system clock rate difference
gPTP$ DEBUG$ phase_error = 31008.000000, ppm = 194.556381
gPTP$ DEBUG$ *** Received Sync message
gPTP$ DEBUG$ RX PHY compensation: 0 0.000000382 sec
gPTP$ DEBUG$ *** Received Follow Up message
gPTP$ DEBUG$ Processing a follow-up message
gPTP$ DEBUG$ Calculated master to local clock rate difference
gPTP$ DEBUG$ Calculated local to system clock rate difference
gPTP$ DEBUG$ phase_error = 61643.000000, ppm = 512.474365
gPTP$ DEBUG$ *** Received Sync message
gPTP$ DEBUG$ RX PHY compensation: 0 0.000000382 sec
gPTP$ DEBUG$ *** Received Follow Up message
gPTP$ DEBUG$ Processing a follow-up message
gPTP$ DEBUG$ Calculated master to local clock rate difference
gPTP$ DEBUG$ Calculated local to system clock rate difference
gPTP$ DEBUG$ phase_error = 34476.000000, ppm = 75.025696
gPTP$ DEBUG$ *** Received Sync message
gPTP$ DEBUG$ RX PHY compensation: 0 0.000000382 sec
gPTP$ DEBUG$ PDELAY_INTERVAL_TIMEOUT_EXPIRES occured
gPTP$ DEBUG$ case PDELAY_INTERVAL_TIMEOUT_EXPIRES:
gPTP$ DEBUG$ automotive_profile : YES
gPTP$ DEBUG$ getPortState() == 9
gPTP$ DEBUG$ TX PHY compensation: 0 0.000000184 sec
gPTP$ DEBUG$ *** Sent PDelay Request message
gPTP$ DEBUG$ Schedule PDELAY_RESP_RECEIPT_TIMEOUT_EXPIRES, PDelay interval 1, timeout 6000000000
gPTP$ DEBUG$ *** Received PDelay Response message, Timestamp 10 (sec) 326558337 (ns), seqID 7
gPTP$ DEBUG$ RX PHY compensation: 0 0.000000382 sec
gPTP$ DEBUG$ *** Received PDelay Response FollowUp message
gPTP$ DEBUG$ Link delay: 1291255 ns
gPTP$ DEBUG$ *** Received Follow Up message
gPTP$ DEBUG$ Processing a follow-up message
gPTP$ DEBUG$ Calculated master to local clock rate difference
gPTP$ DEBUG$ Calculated local to system clock rate difference
gPTP$ DEBUG$ phase_error = -80968.000000, ppm = -941.652344
gPTP$ DEBUG$ *** Received PDelay Request message
gPTP$ DEBUG$ RX PHY compensation: 0 0.000000382 sec
gPTP$ DEBUG$ Process PDelay Request SeqId: 17	
gPTP$ DEBUG$ TX PHY compensation: 0 0.000000184 sec
gPTP$ DEBUG$ *** Sent PDelay Response message
gPTP$ DEBUG$ *** Sent PDelay Response FollowUp message
gPTP$ DEBUG$ *** Received Sync message
gPTP$ DEBUG$ RX PHY compensation: 0 0.000000382 sec
gPTP$ DEBUG$ *** Received Follow Up message
gPTP$ DEBUG$ Processing a follow-up message
gPTP$ DEBUG$ Calculated master to local clock rate difference
gPTP$ DEBUG$ Calculated local to system clock rate difference
gPTP$ DEBUG$ phase_error = -49232.000000, ppm = -163.607513
gPTP$ DEBUG$ *** Received Sync message
gPTP$ DEBUG$ RX PHY compensation: 0 0.000000382 sec
gPTP$ DEBUG$ *** Received Follow Up message
gPTP$ DEBUG$ Processing a follow-up message
gPTP$ DEBUG$ Calculated master to local clock rate difference
gPTP$ DEBUG$ Calculated local to system clock rate difference
gPTP$ DEBUG$ phase_error = 10920.000000, ppm = 329.098267
gPTP$ DEBUG$ *** Received Sync message
gPTP$ DEBUG$ RX PHY compensation: 0 0.000000382 sec
gPTP$ DEBUG$ *** Received Follow Up message
gPTP$ DEBUG$ Processing a follow-up message
gPTP$ DEBUG$ Calculated master to local clock rate difference
gPTP$ DEBUG$ Calculated local to system clock rate difference
gPTP$ DEBUG$ phase_error = -19880.000000, ppm = -19.247681
gPTP$ DEBUG$ *** Received Sync message
gPTP$ DEBUG$ RX PHY compensation: 0 0.000000382 sec
gPTP$ DEBUG$ *** Received Follow Up message
gPTP$ DEBUG$ Processing a follow-up message
gPTP$ DEBUG$ Calculated master to local clock rate difference
gPTP$ DEBUG$ Calculated local to system clock rate difference
gPTP$ DEBUG$ phase_error = -35590.000000, ppm = -187.071213
gPTP$ DEBUG$ *** Received Sync message
gPTP$ DEBUG$ RX PHY compensation: 0 0.000000382 sec
gPTP$ DEBUG$ *** Received Follow Up message
gPTP$ DEBUG$ Processing a follow-up message
gPTP$ DEBUG$ Calculated master to local clock rate difference
gPTP$ DEBUG$ Calculated local to system clock rate difference
gPTP$ DEBUG$ phase_error = -97679.000000, ppm = -799.126099
gPTP$ DEBUG$ *** Received Sync message
gPTP$ DEBUG$ RX PHY compensation: 0 0.000000382 sec
gPTP$ DEBUG$ *** Received Follow Up message
gPTP$ DEBUG$ Processing a follow-up message
gPTP$ DEBUG$ Calculated master to local clock rate difference
gPTP$ DEBUG$ Calculated local to system clock rate difference
gPTP$ DEBUG$ phase_error = -89731.000000, ppm = -294.303131
gPTP$ DEBUG$ *** Received Sync message
gPTP$ DEBUG$ RX PHY compensation: 0 0.000000382 sec
gPTP$ DEBUG$ *** Received Follow Up message
gPTP$ DEBUG$ Processing a follow-up message
gPTP$ DEBUG$ Calculated master to local clock rate difference
gPTP$ DEBUG$ Calculated local to system clock rate difference
gPTP$ DEBUG$ phase_error = 45666.000000, ppm = 885.420654
gPTP$ DEBUG$ *** Received PDelay Request message
gPTP$ DEBUG$ RX PHY compensation: 0 0.000000382 sec
gPTP$ DEBUG$ Process PDelay Request SeqId: 18	
gPTP$ DEBUG$ TX PHY compensation: 0 0.000000184 sec
gPTP$ DEBUG$ *** Sent PDelay Response message
gPTP$ DEBUG$ *** Sent PDelay Response FollowUp message
gPTP$ DEBUG$ *** Received Sync message
gPTP$ DEBUG$ RX PHY compensation: 0 0.000000382 sec
gPTP$ DEBUG$ *** Received Follow Up message
gPTP$ DEBUG$ Processing a follow-up message
gPTP$ DEBUG$ Calculated master to local clock rate difference
gPTP$ DEBUG$ Calculated local to system clock rate difference
gPTP$ DEBUG$ phase_error = 2894.000000, ppm = -87.363861
gPTP$ DEBUG$ *** Received Sync message
gPTP$ DEBUG$ RX PHY compensation: 0 0.000000382 sec
gPTP$ DEBUG$ *** Received Follow Up message
gPTP$ DEBUG$ Processing a follow-up message
gPTP$ DEBUG$ Calculated master to local clock rate difference
gPTP$ DEBUG$ Calculated local to system clock rate difference
gPTP$ DEBUG$ phase_error = 112070.000000, ppm = 917.278442
gPTP$ DEBUG$ *** Received Sync message
gPTP$ DEBUG$ RX PHY compensation: 0 0.000000382 sec
gPTP$ DEBUG$ *** Received Follow Up message
gPTP$ DEBUG$ Processing a follow-up message
gPTP$ DEBUG$ Calculated master to local clock rate difference
gPTP$ DEBUG$ Calculated local to system clock rate difference
gPTP$ DEBUG$ phase_error = 9339.000000, ppm = -555.727417
gPTP$ DEBUG$ *** Received Sync message
gPTP$ DEBUG$ RX PHY compensation: 0 0.000000382 sec
gPTP$ DEBUG$ *** Received Follow Up message
gPTP$ DEBUG$ Processing a follow-up message
gPTP$ DEBUG$ Calculated master to local clock rate difference
gPTP$ DEBUG$ Calculated local to system clock rate difference
gPTP$ DEBUG$ phase_error = -17176.000000, ppm = -481.708832
gPTP$ DEBUG$ *** Received Sync message
gPTP$ DEBUG$ RX PHY compensation: 0 0.000000382 sec
gPTP$ DEBUG$ *** Received Follow Up message
gPTP$ DEBUG$ Processing a follow-up message
gPTP$ DEBUG$ Calculated master to local clock rate difference
gPTP$ DEBUG$ Calculated local to system clock rate difference
gPTP$ DEBUG$ phase_error = -36266.000000, ppm = -445.646790
gPTP$ DEBUG$ *** Received Sync message
gPTP$ DEBUG$ RX PHY compensation: 0 0.000000382 sec
gPTP$ DEBUG$ *** Received Follow Up message
gPTP$ DEBUG$ Processing a follow-up message
gPTP$ DEBUG$ Calculated master to local clock rate difference
gPTP$ DEBUG$ Calculated local to system clock rate difference
gPTP$ DEBUG$ phase_error = 72346.000000, ppm = 703.403137
gPTP$ DEBUG$ *** Received Sync message
gPTP$ DEBUG$ RX PHY compensation: 0 0.000000382 sec
gPTP$ DEBUG$ *** Received Follow Up message
gPTP$ DEBUG$ Processing a follow-up message
gPTP$ DEBUG$ Calculated master to local clock rate difference
gPTP$ DEBUG$ Calculated local to system clock rate difference
gPTP$ DEBUG$ phase_error = 110927.000000, ppm = 690.593872
gPTP$ DEBUG$ *** Received Sync message
gPTP$ DEBUG$ RX PHY compensation: 0 0.000000382 sec
gPTP$ DEBUG$ PDELAY_INTERVAL_TIMEOUT_EXPIRES occured
gPTP$ DEBUG$ case PDELAY_INTERVAL_TIMEOUT_EXPIRES:
gPTP$ DEBUG$ automotive_profile : YES
gPTP$ DEBUG$ getPortState() == 9
gPTP$ DEBUG$ TX PHY compensation: 0 0.000000184 sec
gPTP$ DEBUG$ *** Sent PDelay Request message
gPTP$ DEBUG$ Schedule PDELAY_RESP_RECEIPT_TIMEOUT_EXPIRES, PDelay interval 1, timeout 6000000000
gPTP$ DEBUG$ *** Received PDelay Response message, Timestamp 12 (sec) 333314387 (ns), seqID 8
gPTP$ DEBUG$ RX PHY compensation: 0 0.000000382 sec
gPTP$ DEBUG$ *** Received PDelay Response FollowUp message
gPTP$ DEBUG$ Link delay: 1301988 ns
gPTP$ DEBUG$ *** Received Follow Up message
gPTP$ DEBUG$ Processing a follow-up message
gPTP$ DEBUG$ Calculated master to local clock rate difference
gPTP$ DEBUG$ Calculated local to system clock rate difference
gPTP$ DEBUG$ phase_error = 101810.000000, ppm = 299.499481
gPTP$ DEBUG$ *** Received PDelay Request message
gPTP$ DEBUG$ RX PHY compensation: 0 0.000000382 sec
gPTP$ DEBUG$ Process PDelay Request SeqId: 19	
gPTP$ DEBUG$ TX PHY compensation: 0 0.000000184 sec
gPTP$ DEBUG$ *** Sent PDelay Response message
gPTP$ DEBUG$ *** Sent PDelay Response FollowUp message
gPTP$ DEBUG$ *** Received Sync message
gPTP$ DEBUG$ RX PHY compensation: 0 0.000000382 sec
gPTP$ DEBUG$ *** Received Follow Up message
gPTP$ DEBUG$ Processing a follow-up message
gPTP$ DEBUG$ Calculated master to local clock rate difference
gPTP$ DEBUG$ Calculated local to system clock rate difference
gPTP$ DEBUG$ phase_error = 148329.000000, ppm = 798.554260
gPTP$ DEBUG$ *** Received Sync message
gPTP$ DEBUG$ RX PHY compensation: 0 0.000000382 sec
gPTP$ DEBUG$ *** Received Follow Up message
gPTP$ DEBUG$ Processing a follow-up message
gPTP$ DEBUG$ Calculated master to local clock rate difference
gPTP$ DEBUG$ Calculated local to system clock rate difference
gPTP$ DEBUG$ phase_error = 102781.000000, ppm = 10.662384
gPTP$ DEBUG$ *** Received Sync message
gPTP$ DEBUG$ RX PHY compensation: 0 0.000000382 sec
gPTP$ DEBUG$ *** Received Follow Up message
gPTP$ DEBUG$ Processing a follow-up message
gPTP$ DEBUG$ Calculated master to local clock rate difference
gPTP$ DEBUG$ Calculated local to system clock rate difference
gPTP$ DEBUG$ phase_error = -20918.000000, ppm = -999.315186
gPTP$ DEBUG$ *** Received Sync message
gPTP$ DEBUG$ RX PHY compensation: 0 0.000000382 sec
gPTP$ DEBUG$ *** Received Follow Up message
gPTP$ DEBUG$ Processing a follow-up message
gPTP$ DEBUG$ Calculated master to local clock rate difference
gPTP$ DEBUG$ Calculated local to system clock rate difference
gPTP$ DEBUG$ phase_error = 14731.000000, ppm = 51.932098
gPTP$ DEBUG$ *** Received Sync message
gPTP$ DEBUG$ RX PHY compensation: 0 0.000000382 sec
gPTP$ DEBUG$ *** Received Follow Up message
gPTP$ DEBUG$ Processing a follow-up message
gPTP$ DEBUG$ Calculated master to local clock rate difference
gPTP$ DEBUG$ Calculated local to system clock rate difference
gPTP$ DEBUG$ phase_error = 4120.000000, ppm = -27.673393
gPTP$ DEBUG$ *** Received Sync message
gPTP$ DEBUG$ RX PHY compensation: 0 0.000000382 sec
gPTP$ DEBUG$ *** Received Follow Up message
gPTP$ DEBUG$ Processing a follow-up message
gPTP$ DEBUG$ Calculated master to local clock rate difference
gPTP$ DEBUG$ Calculated local to system clock rate difference
gPTP$ DEBUG$ phase_error = -29879.000000, ppm = -334.534180
gPTP$ DEBUG$ *** Received Sync message
gPTP$ DEBUG$ RX PHY compensation: 0 0.000000382 sec
gPTP$ DEBUG$ *** Received Follow Up message
gPTP$ DEBUG$ Processing a follow-up message
gPTP$ DEBUG$ Calculated master to local clock rate difference
gPTP$ DEBUG$ Calculated local to system clock rate difference
gPTP$ DEBUG$ phase_error = 27575.000000, ppm = 241.256226
gPTP$ DEBUG$ *** Received Sync message
gPTP$ DEBUG$ RX PHY compensation: 0 0.000000382 sec
gPTP$ DEBUG$ *** Received Follow Up message
gPTP$ DEBUG$ Processing a follow-up message
gPTP$ DEBUG$ Calculated master to local clock rate difference
gPTP$ DEBUG$ Calculated local to system clock rate difference
gPTP$ DEBUG$ phase_error = 72663.000000, ppm = 688.030212
gPTP$ DEBUG$ *** Received PDelay Request message
gPTP$ DEBUG$ RX PHY compensation: 0 0.000000382 sec
gPTP$ DEBUG$ Process PDelay Request SeqId: 20	
gPTP$ DEBUG$ TX PHY compensation: 0 0.000000184 sec
gPTP$ DEBUG$ *** Sent PDelay Response message
gPTP$ DEBUG$ *** Sent PDelay Response FollowUp message
gPTP$ DEBUG$ *** Received Sync message
gPTP$ DEBUG$ RX PHY compensation: 0 0.000000382 sec
gPTP$ DEBUG$ *** Received Follow Up message
gPTP$ DEBUG$ Processing a follow-up message
gPTP$ DEBUG$ Calculated master to local clock rate difference
gPTP$ DEBUG$ Calculated local to system clock rate difference
gPTP$ DEBUG$ phase_error = 83635.000000, ppm = 437.833618
gPTP$ DEBUG$ *** Received Sync message
gPTP$ DEBUG$ RX PHY compensation: 0 0.000000382 sec
gPTP$ DEBUG$ *** Received Follow Up message
gPTP$ DEBUG$ Processing a follow-up message
gPTP$ DEBUG$ Calculated master to local clock rate difference
gPTP$ DEBUG$ Calculated local to system clock rate difference
gPTP$ DEBUG$ phase_error = 98145.000000, ppm = 483.439819
gPTP$ DEBUG$ *** Received Sync message
gPTP$ DEBUG$ RX PHY compensation: 0 0.000000382 sec
gPTP$ DEBUG$ *** Received Follow Up message
gPTP$ DEBUG$ Processing a follow-up message
gPTP$ DEBUG$ Calculated master to local clock rate difference
gPTP$ DEBUG$ Calculated local to system clock rate difference
gPTP$ DEBUG$ phase_error = -8363.000000, ppm = -608.068298
gPTP$ DEBUG$ *** Received Sync message
gPTP$ DEBUG$ RX PHY compensation: 0 0.000000382 sec
gPTP$ DEBUG$ *** Received Follow Up message
gPTP$ DEBUG$ Processing a follow-up message
gPTP$ DEBUG$ Calculated master to local clock rate difference
gPTP$ DEBUG$ Calculated local to system clock rate difference
gPTP$ DEBUG$ phase_error = -111961.000000, ppm = -1209.489990
gPTP$ DEBUG$ *** Received Sync message
gPTP$ DEBUG$ RX PHY compensation: 0 0.000000382 sec
gPTP$ DEBUG$ *** Received Follow Up message
gPTP$ DEBUG$ Processing a follow-up message
gPTP$ DEBUG$ Calculated master to local clock rate difference
gPTP$ DEBUG$ Calculated local to system clock rate difference
gPTP$ DEBUG$ phase_error = -14149.000000, ppm = 513.054321
gPTP$ DEBUG$ *** Received Sync message
gPTP$ DEBUG$ RX PHY compensation: 0 0.000000382 sec
gPTP$ DEBUG$ *** Received Follow Up message
gPTP$ DEBUG$ Processing a follow-up message
gPTP$ DEBUG$ Calculated master to local clock rate difference
gPTP$ DEBUG$ Calculated local to system clock rate difference
gPTP$ DEBUG$ phase_error = 52335.000000, ppm = 842.983459
gPTP$ DEBUG$ *** Received Sync message
gPTP$ DEBUG$ RX PHY compensation: 0 0.000000382 sec
gPTP$ DEBUG$ *** Received Follow Up message
gPTP$ DEBUG$ Processing a follow-up message
gPTP$ DEBUG$ Calculated master to local clock rate difference
gPTP$ DEBUG$ Calculated local to system clock rate difference
gPTP$ DEBUG$ phase_error = -64132.000000, ppm = -754.431824
gPTP$ DEBUG$ *** Received Sync message
gPTP$ DEBUG$ RX PHY compensation: 0 0.000000382 sec
gPTP$ DEBUG$ PDELAY_INTERVAL_TIMEOUT_EXPIRES occured
gPTP$ DEBUG$ case PDELAY_INTERVAL_TIMEOUT_EXPIRES:
gPTP$ DEBUG$ automotive_profile : YES
gPTP$ DEBUG$ getPortState() == 9
gPTP$ DEBUG$ TX PHY compensation: 0 0.000000184 sec
gPTP$ DEBUG$ *** Sent PDelay Request message
gPTP$ DEBUG$ Schedule PDELAY_RESP_RECEIPT_TIMEOUT_EXPIRES, PDelay interval 1, timeout 6000000000
gPTP$ DEBUG$ *** Received PDelay Response message, Timestamp 14 (sec) 340954257 (ns), seqID 9
gPTP$ DEBUG$ RX PHY compensation: 0 0.000000382 sec
gPTP$ DEBUG$ *** Received PDelay Response FollowUp message
gPTP$ DEBUG$ Link delay: 1327611 ns
gPTP$ DEBUG$ *** Received Follow Up message
gPTP$ DEBUG$ Processing a follow-up message
gPTP$ DEBUG$ Calculated master to local clock rate difference
gPTP$ DEBUG$ Calculated local to system clock rate difference
gPTP$ DEBUG$ phase_error = 75610.000000, ppm = 955.603882
gPTP$ DEBUG$ *** Received PDelay Request message
gPTP$ DEBUG$ RX PHY compensation: 0 0.000000382 sec
gPTP$ DEBUG$ Process PDelay Request SeqId: 21	
gPTP$ DEBUG$ TX PHY compensation: 0 0.000000184 sec
gPTP$ DEBUG$ *** Sent PDelay Response message
gPTP$ DEBUG$ *** Sent PDelay Response FollowUp message
gPTP$ DEBUG$ *** Received Sync message
gPTP$ DEBUG$ RX PHY compensation: 0 0.000000382 sec
gPTP$ DEBUG$ *** Received Follow Up message
gPTP$ DEBUG$ Processing a follow-up message
gPTP$ DEBUG$ Calculated master to local clock rate difference
gPTP$ DEBUG$ Calculated local to system clock rate difference
gPTP$ DEBUG$ phase_error = 132627.000000, ppm = 863.674072
gPTP$ DEBUG$ *** Received Sync message
gPTP$ DEBUG$ RX PHY compensation: 0 0.000000382 sec
gPTP$ DEBUG$ *** Received Follow Up message
gPTP$ DEBUG$ Processing a follow-up message
gPTP$ DEBUG$ Calculated master to local clock rate difference
gPTP$ DEBUG$ Calculated local to system clock rate difference
gPTP$ DEBUG$ phase_error = -7148.000000, ppm = -871.111694
gPTP$ DEBUG$ *** Received Sync message
gPTP$ DEBUG$ RX PHY compensation: 0 0.000000382 sec
gPTP$ DEBUG$ *** Received Follow Up message
gPTP$ DEBUG$ Processing a follow-up message
gPTP$ DEBUG$ Calculated master to local clock rate difference
gPTP$ DEBUG$ Calculated local to system clock rate difference
gPTP$ DEBUG$ phase_error = -40025.000000, ppm = -559.997192
gPTP$ DEBUG$ *** Received Sync message
gPTP$ DEBUG$ RX PHY compensation: 0 0.000000382 sec
gPTP$ DEBUG$ *** Received Follow Up message
gPTP$ DEBUG$ Processing a follow-up message
gPTP$ DEBUG$ Calculated master to local clock rate difference
gPTP$ DEBUG$ Calculated local to system clock rate difference
gPTP$ DEBUG$ phase_error = 34765.000000, ppm = 387.992615
gPTP$ DEBUG$ *** Received Sync message
gPTP$ DEBUG$ RX PHY compensation: 0 0.000000382 sec
gPTP$ DEBUG$ *** Received Follow Up message
gPTP$ DEBUG$ Processing a follow-up message
gPTP$ DEBUG$ Calculated master to local clock rate difference
gPTP$ DEBUG$ Calculated local to system clock rate difference
gPTP$ DEBUG$ phase_error = 138879.000000, ppm = 1247.212646
gPTP$ DEBUG$ *** Received Sync message
gPTP$ DEBUG$ RX PHY compensation: 0 0.000000382 sec
gPTP$ DEBUG$ *** Received Follow Up message
gPTP$ DEBUG$ Processing a follow-up message
gPTP$ DEBUG$ Calculated master to local clock rate difference
gPTP$ DEBUG$ Calculated local to system clock rate difference
gPTP$ DEBUG$ phase_error = 1436.000000, ppm = -842.375488
gPTP$ DEBUG$ *** Received Sync message
gPTP$ DEBUG$ RX PHY compensation: 0 0.000000382 sec
gPTP$ DEBUG$ *** Received Follow Up message
gPTP$ DEBUG$ Processing a follow-up message
gPTP$ DEBUG$ Calculated master to local clock rate difference
gPTP$ DEBUG$ Calculated local to system clock rate difference
gPTP$ DEBUG$ phase_error = 60972.000000, ppm = 297.679443
gPTP$ DEBUG$ *** Received Sync message
gPTP$ DEBUG$ RX PHY compensation: 0 0.000000382 sec
gPTP$ DEBUG$ *** Received Follow Up message
gPTP$ DEBUG$ Processing a follow-up message
gPTP$ DEBUG$ Calculated master to local clock rate difference
gPTP$ DEBUG$ Calculated local to system clock rate difference
gPTP$ DEBUG$ phase_error = 25822.000000, ppm = 0.940704
gPTP$ DEBUG$ *** Received PDelay Request message
gPTP$ DEBUG$ RX PHY compensation: 0 0.000000382 sec
gPTP$ DEBUG$ Process PDelay Request SeqId: 22	
gPTP$ DEBUG$ TX PHY compensation: 0 0.000000184 sec
gPTP$ DEBUG$ *** Sent PDelay Response message
gPTP$ DEBUG$ *** Sent PDelay Response FollowUp message
gPTP$ DEBUG$ *** Received Sync message
gPTP$ DEBUG$ RX PHY compensation: 0 0.000000382 sec
gPTP$ DEBUG$ *** Received Follow Up message
gPTP$ DEBUG$ Processing a follow-up message
gPTP$ DEBUG$ Calculated master to local clock rate difference
gPTP$ DEBUG$ Calculated local to system clock rate difference
gPTP$ DEBUG$ phase_error = 48397.000000, ppm = 238.948013
gPTP$ DEBUG$ *** Received Sync message
gPTP$ DEBUG$ RX PHY compensation: 0 0.000000382 sec
gPTP$ DEBUG$ *** Received Follow Up message
gPTP$ DEBUG$ Processing a follow-up message
gPTP$ DEBUG$ Calculated master to local clock rate difference
gPTP$ DEBUG$ Calculated local to system clock rate difference
gPTP$ DEBUG$ phase_error = -35624.000000, ppm = -472.609436
gPTP$ DEBUG$ *** Received Sync message
gPTP$ DEBUG$ RX PHY compensation: 0 0.000000382 sec
gPTP$ DEBUG$ *** Received Follow Up message
gPTP$ DEBUG$ Processing a follow-up message
gPTP$ DEBUG$ Calculated master to local clock rate difference
gPTP$ DEBUG$ Calculated local to system clock rate difference
gPTP$ DEBUG$ phase_error = -3955.000000, ppm = -2.365143
gPTP$ DEBUG$ *** Received Sync message
gPTP$ DEBUG$ RX PHY compensation: 0 0.000000382 sec
gPTP$ DEBUG$ *** Received Follow Up message
gPTP$ DEBUG$ Processing a follow-up message
gPTP$ DEBUG$ Calculated master to local clock rate difference
gPTP$ DEBUG$ Calculated local to system clock rate difference
gPTP$ DEBUG$ phase_error = 24720.000000, ppm = 255.937378
gPTP$ DEBUG$ *** Received Sync message
gPTP$ DEBUG$ RX PHY compensation: 0 0.000000382 sec
gPTP$ DEBUG$ *** Received Follow Up message
gPTP$ DEBUG$ Processing a follow-up message
gPTP$ DEBUG$ Calculated master to local clock rate difference
gPTP$ DEBUG$ Calculated local to system clock rate difference
gPTP$ DEBUG$ phase_error = -30024.000000, ppm = -222.310425
gPTP$ DEBUG$ *** Received Sync message
gPTP$ DEBUG$ RX PHY compensation: 0 0.000000382 sec
gPTP$ DEBUG$ *** Received Follow Up message
gPTP$ DEBUG$ Processing a follow-up message
gPTP$ DEBUG$ Calculated master to local clock rate difference
gPTP$ DEBUG$ Calculated local to system clock rate difference
gPTP$ DEBUG$ phase_error = 27882.000000, ppm = 272.937744
gPTP$ DEBUG$ *** Received Sync message
gPTP$ DEBUG$ RX PHY compensation: 0 0.000000382 sec
gPTP$ DEBUG$ *** Received Follow Up message
gPTP$ DEBUG$ Processing a follow-up message
gPTP$ DEBUG$ Calculated master to local clock rate difference
gPTP$ DEBUG$ Calculated local to system clock rate difference
gPTP$ DEBUG$ phase_error = 11209.000000, ppm = 130.533600
gPTP$ DEBUG$ *** Received Sync message
gPTP$ DEBUG$ RX PHY compensation: 0 0.000000382 sec
gPTP$ DEBUG$ PDELAY_INTERVAL_TIMEOUT_EXPIRES occured
gPTP$ DEBUG$ case PDELAY_INTERVAL_TIMEOUT_EXPIRES:
gPTP$ DEBUG$ automotive_profile : YES
gPTP$ DEBUG$ getPortState() == 9
gPTP$ DEBUG$ TX PHY compensation: 0 0.000000184 sec
gPTP$ DEBUG$ *** Sent PDelay Request message
gPTP$ DEBUG$ Schedule PDELAY_RESP_RECEIPT_TIMEOUT_EXPIRES, PDelay interval 1, timeout 6000000000
gPTP$ DEBUG$ *** Received PDelay Response message, Timestamp 16 (sec) 351157957 (ns), seqID 10
gPTP$ DEBUG$ RX PHY compensation: 0 0.000000382 sec
gPTP$ DEBUG$ *** Received PDelay Response FollowUp message
gPTP$ DEBUG$ Link delay: 1360478 ns
gPTP$ DEBUG$ *** Received PDelay Request message
gPTP$ DEBUG$ RX PHY compensation: 0 0.000000382 sec
gPTP$ DEBUG$ Process PDelay Request SeqId: 23	
gPTP$ DEBUG$ TX PHY compensation: 0 0.000000184 sec
gPTP$ DEBUG$ *** Sent PDelay Response message
gPTP$ DEBUG$ *** Sent PDelay Response FollowUp message
gPTP$ DEBUG$ *** Received Follow Up message
gPTP$ DEBUG$ Processing a follow-up message
gPTP$ DEBUG$ Calculated master to local clock rate difference
gPTP$ DEBUG$ Calculated local to system clock rate difference
gPTP$ DEBUG$ phase_error = 214429.000000, ppm = 1976.713867
gPTP$ DEBUG$ *** Received Sync message
gPTP$ DEBUG$ RX PHY compensation: 0 0.000000382 sec
gPTP$ DEBUG$ *** Received Follow Up message
gPTP$ DEBUG$ Processing a follow-up message
gPTP$ DEBUG$ Calculated master to local clock rate difference
gPTP$ DEBUG$ Calculated local to system clock rate difference
gPTP$ DEBUG$ phase_error = 42963.000000, ppm = -1062.628052
gPTP$ DEBUG$ *** Received Sync message
gPTP$ DEBUG$ RX PHY compensation: 0 0.000000382 sec
gPTP$ DEBUG$ *** Received Follow Up message
gPTP$ DEBUG$ Processing a follow-up message
gPTP$ DEBUG$ Calculated master to local clock rate difference
gPTP$ DEBUG$ Calculated local to system clock rate difference
gPTP$ DEBUG$ phase_error = 60125.000000, ppm = -41.061249
gPTP$ DEBUG$ *** Received Sync message
gPTP$ DEBUG$ RX PHY compensation: 0 0.000000382 sec
gPTP$ DEBUG$ *** Received Follow Up message
gPTP$ DEBUG$ Processing a follow-up message
gPTP$ DEBUG$ Calculated master to local clock rate difference
gPTP$ DEBUG$ Calculated local to system clock rate difference
gPTP$ DEBUG$ phase_error = 34923.000000, ppm = -199.903549
gPTP$ DEBUG$ *** Received Sync message
gPTP$ DEBUG$ RX PHY compensation: 0 0.000000382 sec
gPTP$ DEBUG$ *** Received Follow Up message
gPTP$ DEBUG$ Processing a follow-up message
gPTP$ DEBUG$ Calculated master to local clock rate difference
gPTP$ DEBUG$ Calculated local to system clock rate difference
gPTP$ DEBUG$ phase_error = -18530.000000, ppm = -647.926208
gPTP$ DEBUG$ *** Received Sync message
gPTP$ DEBUG$ RX PHY compensation: 0 0.000000382 sec
gPTP$ DEBUG$ *** Received Follow Up message
gPTP$ DEBUG$ Processing a follow-up message
gPTP$ DEBUG$ Calculated master to local clock rate difference
gPTP$ DEBUG$ Calculated local to system clock rate difference
gPTP$ DEBUG$ phase_error = 77719.000000, ppm = 610.882751
gPTP$ DEBUG$ *** Received Sync message
gPTP$ DEBUG$ RX PHY compensation: 0 0.000000382 sec
gPTP$ DEBUG$ *** Received Follow Up message
gPTP$ DEBUG$ Processing a follow-up message
gPTP$ DEBUG$ Calculated master to local clock rate difference
gPTP$ DEBUG$ Calculated local to system clock rate difference
gPTP$ DEBUG$ phase_error = 105619.000000, ppm = 599.173828
gPTP$ DEBUG$ *** Received Sync message
gPTP$ DEBUG$ RX PHY compensation: 0 0.000000382 sec
gPTP$ DEBUG$ *** Received Follow Up message
gPTP$ DEBUG$ Processing a follow-up message
gPTP$ DEBUG$ Calculated master to local clock rate difference
gPTP$ DEBUG$ Calculated local to system clock rate difference
gPTP$ DEBUG$ phase_error = 191840.000000, ppm = 1167.615601
gPTP$ DEBUG$ *** Received Sync message
gPTP$ DEBUG$ RX PHY compensation: 0 0.000000382 sec
gPTP$ DEBUG$ *** Received PDelay Request message
gPTP$ DEBUG$ RX PHY compensation: 0 0.000000382 sec
gPTP$ DEBUG$ Process PDelay Request SeqId: 24	
gPTP$ DEBUG$ TX PHY compensation: 0 0.000000184 sec
gPTP$ DEBUG$ *** Sent PDelay Response message
gPTP$ DEBUG$ *** Sent PDelay Response FollowUp message
gPTP$ DEBUG$ *** Received Follow Up message
gPTP$ DEBUG$ Processing a follow-up message
gPTP$ DEBUG$ Calculated master to local clock rate difference
gPTP$ DEBUG$ Calculated local to system clock rate difference
gPTP$ DEBUG$ phase_error = 33480.000000, ppm = -970.591553
gPTP$ DEBUG$ *** Received Sync message
gPTP$ DEBUG$ RX PHY compensation: 0 0.000000382 sec
gPTP$ DEBUG$ *** Received Follow Up message
gPTP$ DEBUG$ Processing a follow-up message
gPTP$ DEBUG$ Calculated master to local clock rate difference
gPTP$ DEBUG$ Calculated local to system clock rate difference
gPTP$ DEBUG$ phase_error = 104591.000000, ppm = 441.954102
gPTP$ DEBUG$ *** Received Sync message
gPTP$ DEBUG$ RX PHY compensation: 0 0.000000382 sec
gPTP$ DEBUG$ *** Received Follow Up message
gPTP$ DEBUG$ Processing a follow-up message
gPTP$ DEBUG$ Calculated master to local clock rate difference
gPTP$ DEBUG$ Calculated local to system clock rate difference
gPTP$ DEBUG$ phase_error = 154694.000000, ppm = 835.078918
gPTP$ DEBUG$ *** Received Sync message
gPTP$ DEBUG$ RX PHY compensation: 0 0.000000382 sec
gPTP$ DEBUG$ *** Received Follow Up message
gPTP$ DEBUG$ Processing a follow-up message
gPTP$ DEBUG$ Calculated master to local clock rate difference
gPTP$ DEBUG$ Calculated local to system clock rate difference
gPTP$ DEBUG$ phase_error = 277100.000000, ppm = 1542.834839
gPTP$ DEBUG$ *** Received Sync message
gPTP$ DEBUG$ RX PHY compensation: 0 0.000000382 sec
gPTP$ DEBUG$ *** Received Follow Up message
gPTP$ DEBUG$ Processing a follow-up message
gPTP$ DEBUG$ Calculated master to local clock rate difference
gPTP$ DEBUG$ Calculated local to system clock rate difference
gPTP$ DEBUG$ phase_error = 3721.000000, ppm = -1920.370605
gPTP$ DEBUG$ *** Received Sync message
gPTP$ DEBUG$ RX PHY compensation: 0 0.000000382 sec
gPTP$ DEBUG$ *** Received Follow Up message
gPTP$ DEBUG$ Processing a follow-up message
gPTP$ DEBUG$ Calculated master to local clock rate difference
gPTP$ DEBUG$ Calculated local to system clock rate difference
gPTP$ DEBUG$ phase_error = -26121.000000, ppm = -519.181335
gPTP$ DEBUG$ *** Received Sync message
gPTP$ DEBUG$ RX PHY compensation: 0 0.000000382 sec
gPTP$ DEBUG$ *** Received Follow Up message
gPTP$ DEBUG$ Processing a follow-up message
gPTP$ DEBUG$ Calculated master to local clock rate difference
gPTP$ DEBUG$ Calculated local to system clock rate difference
gPTP$ DEBUG$ phase_error = -40859.000000, ppm = -416.535278
gPTP$ DEBUG$ *** Received Sync message
gPTP$ DEBUG$ RX PHY compensation: 0 0.000000382 sec
gPTP$ DEBUG$ *** Received Follow Up message
gPTP$ DEBUG$ Processing a follow-up message
gPTP$ DEBUG$ Calculated master to local clock rate difference
gPTP$ DEBUG$ Calculated local to system clock rate difference
gPTP$ DEBUG$ phase_error = 127039.000000, ppm = 1242.196777
gPTP$ DEBUG$ *** Received Sync message
gPTP$ DEBUG$ RX PHY compensation: 0 0.000000382 sec
gPTP$ DEBUG$ PDELAY_INTERVAL_TIMEOUT_EXPIRES occured
gPTP$ DEBUG$ case PDELAY_INTERVAL_TIMEOUT_EXPIRES:
gPTP$ DEBUG$ automotive_profile : YES
gPTP$ DEBUG$ getPortState() == 9
gPTP$ DEBUG$ TX PHY compensation: 0 0.000000184 sec
gPTP$ DEBUG$ *** Sent PDelay Request message
gPTP$ DEBUG$ Schedule PDELAY_RESP_RECEIPT_TIMEOUT_EXPIRES, PDelay interval 1, timeout 6000000000
gPTP$ DEBUG$ *** Received PDelay Response message, Timestamp 18 (sec) 361304937 (ns), seqID 11
gPTP$ DEBUG$ RX PHY compensation: 0 0.000000382 sec
gPTP$ DEBUG$ *** Received PDelay Response FollowUp message
gPTP$ DEBUG$ Link delay: 1411589 ns
gPTP$ DEBUG$ *** Received PDelay Request message
gPTP$ DEBUG$ RX PHY compensation: 0 0.000000382 sec
gPTP$ DEBUG$ Process PDelay Request SeqId: 25	
gPTP$ DEBUG$ TX PHY compensation: 0 0.000000184 sec
gPTP$ DEBUG$ *** Sent PDelay Response message
gPTP$ DEBUG$ *** Sent PDelay Response FollowUp message
gPTP$ DEBUG$ *** Received Follow Up message
gPTP$ DEBUG$ Processing a follow-up message
gPTP$ DEBUG$ Calculated master to local clock rate difference
gPTP$ DEBUG$ Calculated local to system clock rate difference
gPTP$ DEBUG$ phase_error = 163229.000000, ppm = 734.416748
gPTP$ DEBUG$ SYNC receipt timeout
gPTP$ DEBUG$ *** Receiv