
Memory Configuration

Name             Origin             Length             Attributes
*default*        0x0000000000000000 0xffffffffffffffff

Linker script and memory map

LOAD /home/root/UMSD_v7.0.0/obj/dev/fir/src/api/msdDrv_obj/Fir_msdTCAM.o
LOAD /home/root/UMSD_v7.0.0/obj/dev/fir/src/api/msdDrv_obj/Fir_msdTCAMRC.o
LOAD /home/root/UMSD_v7.0.0/obj/dev/fir/src/api/msdDrv_obj/Fir_msdTCAMRCComp.o
LOAD /home/root/UMSD_v7.0.0/obj/dev/fir/src/api/msdDrv_obj/Fir_msdBrgFdb.o
LOAD /home/root/UMSD_v7.0.0/obj/dev/fir/src/api/msdDrv_obj/Fir_msdPolicy.o
LOAD /home/root/UMSD_v7.0.0/obj/dev/fir/src/api/msdDrv_obj/Fir_msdBrgVtu.o
LOAD /home/root/UMSD_v7.0.0/obj/dev/fir/src/api/msdDrv_obj/Fir_msdArp.o
LOAD /home/root/UMSD_v7.0.0/obj/dev/fir/src/api/msdDrv_obj/Fir_msdBrgStu.o
LOAD /home/root/UMSD_v7.0.0/obj/dev/fir/src/api/msdDrv_obj/Fir_msdPIRL.o
LOAD /home/root/UMSD_v7.0.0/obj/dev/fir/src/api/msdDrv_obj/Fir_msdPortRmon.o
LOAD /home/root/UMSD_v7.0.0/obj/dev/fir/src/api/msdDrv_obj/Fir_msdPortCtrl.o
LOAD /home/root/UMSD_v7.0.0/obj/dev/fir/src/api/msdDrv_obj/Fir_msdEcid.o
LOAD /home/root/UMSD_v7.0.0/obj/dev/fir/src/api/msdDrv_obj/Fir_msdPortPrioMap.o
LOAD /home/root/UMSD_v7.0.0/obj/dev/fir/src/api/msdDrv_obj/Fir_msdQueueCtrl.o
LOAD /home/root/UMSD_v7.0.0/obj/dev/fir/src/api/msdDrv_obj/Fir_msdSysCtrl.o
LOAD /home/root/UMSD_v7.0.0/obj/dev/fir/src/api/msdDrv_obj/Fir_msdPhyCtrl.o
LOAD /home/root/UMSD_v7.0.0/obj/dev/fir/src/api/msdDrv_obj/Fir_msdRMU.o
LOAD /home/root/UMSD_v7.0.0/obj/dev/fir/src/api/msdDrv_obj/Fir_msdTCAMIntf.o
LOAD /home/root/UMSD_v7.0.0/obj/dev/fir/src/api/msdDrv_obj/Fir_msdFRER.o
LOAD /home/root/UMSD_v7.0.0/obj/dev/fir/src/api/msdDrv_obj/Fir_msdFRERIntf.o
LOAD /home/root/UMSD_v7.0.0/obj/dev/fir/src/api/msdDrv_obj/Fir_msdBrgFdbIntf.o
LOAD /home/root/UMSD_v7.0.0/obj/dev/fir/src/api/msdDrv_obj/Fir_msdBrgVtuIntf.o
LOAD /home/root/UMSD_v7.0.0/obj/dev/fir/src/api/msdDrv_obj/Fir_msdBrgStuIntf.o
LOAD /home/root/UMSD_v7.0.0/obj/dev/fir/src/api/msdDrv_obj/Fir_msdPIRLIntf.o
LOAD /home/root/UMSD_v7.0.0/obj/dev/fir/src/api/msdDrv_obj/Fir_msdQav.o
LOAD /home/root/UMSD_v7.0.0/obj/dev/fir/src/api/msdDrv_obj/Fir_msdArpIntf.o
LOAD /home/root/UMSD_v7.0.0/obj/dev/fir/src/api/msdDrv_obj/Fir_msdPortRmonIntf.o
LOAD /home/root/UMSD_v7.0.0/obj/dev/fir/src/api/msdDrv_obj/Fir_msdPortCtrlIntf.o
LOAD /home/root/UMSD_v7.0.0/obj/dev/fir/src/api/msdDrv_obj/Fir_msdPortPrioMapIntf.o
LOAD /home/root/UMSD_v7.0.0/obj/dev/fir/src/api/msdDrv_obj/Fir_msdEcidIntf.o
LOAD /home/root/UMSD_v7.0.0/obj/dev/fir/src/api/msdDrv_obj/Fir_msdQueueCtrlIntf.o
LOAD /home/root/UMSD_v7.0.0/obj/dev/fir/src/api/msdDrv_obj/Fir_msdSysCtrlIntf.o
LOAD /home/root/UMSD_v7.0.0/obj/dev/fir/src/api/msdDrv_obj/Fir_msdPhyCtrlIntf.o
LOAD /home/root/UMSD_v7.0.0/obj/dev/fir/src/api/msdDrv_obj/Fir_msdPolicyIntf.o
LOAD /home/root/UMSD_v7.0.0/obj/dev/fir/src/api/msdDrv_obj/Fir_msdTCAMRCIntf.o
LOAD /home/root/UMSD_v7.0.0/obj/dev/fir/src/api/msdDrv_obj/Fir_msdRMUIntf.o
LOAD /home/root/UMSD_v7.0.0/obj/dev/fir/src/api/msdDrv_obj/Fir_msdPTP.o
LOAD /home/root/UMSD_v7.0.0/obj/dev/fir/src/api/msdDrv_obj/Fir_msdPTPIntf.o
LOAD /home/root/UMSD_v7.0.0/obj/dev/fir/src/api/msdDrv_obj/Fir_msdLed.o
LOAD /home/root/UMSD_v7.0.0/obj/dev/fir/src/api/msdDrv_obj/Fir_msdLedIntf.o
LOAD /home/root/UMSD_v7.0.0/obj/dev/fir/src/api/msdDrv_obj/Fir_msdTCAMRCCompIntf.o
LOAD /home/root/UMSD_v7.0.0/obj/dev/fir/src/api/msdDrv_obj/Fir_msdEEPROM.o
LOAD /home/root/UMSD_v7.0.0/obj/dev/fir/src/api/msdDrv_obj/Fir_msdEEPROMIntf.o
LOAD /home/root/UMSD_v7.0.0/obj/dev/fir/src/api/msdDrv_obj/Fir_msdQcr.o
LOAD /home/root/UMSD_v7.0.0/obj/dev/fir/src/api/msdDrv_obj/Fir_msdQci.o
LOAD /home/root/UMSD_v7.0.0/obj/dev/fir/src/api/msdDrv_obj/Fir_msdQciIntf.o
LOAD /home/root/UMSD_v7.0.0/obj/dev/fir/src/api/msdDrv_obj/Fir_msdMACSec.o
LOAD /home/root/UMSD_v7.0.0/obj/dev/fir/src/api/msdDrv_obj/Fir_msdMACSecIntf.o

.interp
 *(.interp)

.note.gnu.build-id
 *(.note.gnu.build-id)

.hash
 *(.hash)

.gnu.hash
 *(.gnu.hash)

.dynsym
 *(.dynsym)

.dynstr
 *(.dynstr)

.gnu.version
 *(.gnu.version)

.gnu.version_d
 *(.gnu.version_d)

.gnu.version_r
 *(.gnu.version_r)

.rela.init
 *(.rela.init)

.rela.text
 *(.rela.text)

.rela.fini
 *(.rela.fini)

.rela.rodata
 *(.rela.rodata)

.rela.data.rel.ro
 *(.rela.data.rel.ro)

.rela.data
 *(.rela.data)

.rela.tdata
 *(.rela.tdata)

.rela.tbss
 *(.rela.tbss)

.rela.ctors
 *(.rela.ctors)

.rela.dtors
 *(.rela.dtors)

.rela.got
 *(.rela.got)

.rela.bss
 *(.rela.bss)

.rela.ifunc
 *(.rela.ifunc)

.rela.plt
 *(.rela.plt)

.init
 *(SORT_NONE(.init))

.plt
 *(.plt)

.text           0x0000000000000000    0x29270
 *(.text .stub)
 .text          0x0000000000000000     0x2b8c /home/root/UMSD_v7.0.0/obj/dev/fir/src/api/msdDrv_obj/Fir_msdTCAM.o
                0x0000000000001670                Fir_gtcamFlushAll
                0x0000000000001690                Fir_gtcamFlushEntry
                0x00000000000016c4                Fir_gtcamLoadEntry
                0x0000000000001730                Fir_gtcamReadTCAMData
                0x0000000000001790                Fir_gtcamGetNextTCAMData
                0x0000000000001810                Fir_gtcamFindEntry
                0x00000000000018d0                Fir_gtcamSetMode
                0x0000000000001934                Fir_gtcamGetMode
                0x00000000000019a4                Fir_gtcamAddEntryPort
                0x0000000000001a80                Fir_gtcamRemoveEntryPort
                0x0000000000001b54                Fir_gtcamEgrFlushEntry
                0x0000000000001bd0                Fir_gtcamEgrFlushEntryAllPorts
                0x0000000000001c10                Fir_gtcamEgrLoadEntry
                0x0000000000001d90                Fir_gtcamEgrGetNextTCAMData
                0x0000000000001e40                Fir_gtcamEgrReadTCAMData
                0x0000000000001ef0                Fir_gtcamDump
                0x00000000000023d0                Fir_gtcamAdvConfig
 *fill*         0x0000000000002b8c        0x4 1f2003d5
 .text          0x0000000000002b90     0x1500 /home/root/UMSD_v7.0.0/obj/dev/fir/src/api/msdDrv_obj/Fir_msdTCAMRC.o
                0x0000000000003440                Fir_gtcamRCFlushAllEntry
                0x00000000000034f0                Fir_gtcamRCFlushEntry
                0x00000000000035c0                Fir_gtcamRCLoadEntry
                0x00000000000038c0                Fir_gtcamRCReadEntry
                0x00000000000039c0                Fir_gtcamRCGetNextEntry
                0x0000000000003ae0                Fir_gtcamRCFindEntry
                0x0000000000003c14                Fir_gtcamRCEntryDump
 .text          0x0000000000004090      0x8d8 /home/root/UMSD_v7.0.0/obj/dev/fir/src/api/msdDrv_obj/Fir_msdTCAMRCComp.o
                0x0000000000004484                Fir_gtcamRCCompFlushAll
                0x0000000000004530                Fir_gtcamRCCompFlushPort
                0x0000000000004600                Fir_gtcamRCCompLoad
                0x00000000000047d0                Fir_gtcamRCCompRead
 *fill*         0x0000000000004968        0x8 1f2003d5
 .text          0x0000000000004970     0x1a04 /home/root/UMSD_v7.0.0/obj/dev/fir/src/api/msdDrv_obj/Fir_msdBrgFdb.o
                0x0000000000005890                Fir_gfdbGetAtuEntryNext
                0x00000000000058b0                Fir_gfdbFlush
                0x0000000000005900                Fir_gfdbFlushInDB
                0x0000000000005970                Fir_gfdbMove
                0x0000000000005a30                Fir_gfdbMoveInDB
                0x0000000000005b14                Fir_gfdbAddMacEntry
                0x0000000000005be0                Fir_gfdbDelAtuEntry
                0x0000000000005c50                Fir_gfdbGetViolation
                0x0000000000005d34                Fir_gfdbFindAtuMacEntry
                0x0000000000005e70                Fir_gfdbSetAgingTimeout
                0x0000000000005ee0                Fir_gfdbGetAgingTimeout
                0x0000000000005f50                Fir_gfdbGetLearn2All
                0x0000000000005fc0                Fir_gfdbSetLearn2All
                0x0000000000006000                Fir_gfdbSetPortLearnLimit
                0x0000000000006134                Fir_gfdbGetPortLearnLimit
                0x0000000000006234                Fir_gfdbGetPortLearnCount
                0x00000000000062e0                Fir_gfdbGetEntryCount
                0x0000000000006300                Fir_gfdbGetEntryCountPerFid
                0x0000000000006324                Fir_gfdbGetNonStaticEntryCount
                0x0000000000006350                Fir_gfdbGetNStaticEntryCountFid
 *fill*         0x0000000000006374        0xc 1f2003d5
 .text          0x0000000000006380     0x4318 /home/root/UMSD_v7.0.0/obj/dev/fir/src/api/msdDrv_obj/Fir_msdPolicy.o
                0x0000000000006590                Fir_gpolicySetMgmtCtrl
                0x00000000000065b0                Fir_gpolicyGetMgmtCtrl
                0x00000000000065d0                Fir_gpolicySetCpuDest
                0x0000000000006684                Fir_gpolicyGetCpuDest
                0x0000000000006700                Fir_gpolicySetIgrMonitorDest
                0x00000000000067b4                Fir_gpolicyGetIgrMonitorDest
                0x0000000000006830                Fir_gpolicySetRsvd2CpuEnables
                0x0000000000006890                Fir_gpolicyGetRsvd2CpuEnables
                0x0000000000006914                Fir_gpolicySetMGMTPri
                0x00000000000069a0                Fir_gpolicyGetMGMTPri
                0x00000000000069e0                Fir_gpolicySetRouteDest
                0x0000000000006a94                Fir_gpolicyGetRouteDest
                0x0000000000006b10                Fir_gpolicySetMirrorDest
                0x0000000000006bc4                Fir_gpolicyGetMirrorDest
                0x0000000000006c40                Fir_gpolicySetIllegalIPAddr
                0x0000000000006cc0                Fir_gpolicyGetIllegalIPAddr
                0x0000000000006d00                Fir_gpolicySetDipDaMismatch
                0x0000000000006d80                Fir_gpolicyGetDipDaMismatch
                0x0000000000006dc0                Fir_gpolicySetZeroSIP
                0x0000000000006e40                Fir_gpolicyGetZeroSIP
                0x0000000000006e80                Fir_gpolicySetMcTtlExceeded
                0x0000000000006f40                Fir_gpolicyGetMcTtlExceeded
                0x0000000000006fc0                Fir_gpolicySetUcTtlExceeded
                0x0000000000007060                Fir_gpolicyGetUcTtlExceeded
                0x00000000000070a0                Fir_gprtSetPortTtlThreshold
                0x0000000000007110                Fir_gprtGetPortTtlThreshold
                0x0000000000007150                Fir_gpolicySetIpHdrErr
                0x00000000000071d0                Fir_gpolicyGetIpHdrErr
                0x0000000000007210                Fir_gpolicySetTCPFinUrgPsh
                0x0000000000007290                Fir_gpolicyGetTCPFinUrgPsh
                0x00000000000072d0                Fir_gpolicySetTCPFlagsSeqNum
                0x0000000000007350                Fir_gpolicyGetTCPFlagsSeqNum
                0x0000000000007390                Fir_gpolicySetTCPSYN
                0x0000000000007410                Fir_gpolicyGetTCPSYN
                0x0000000000007450                Fir_gpolicySetTCPHSize
                0x00000000000074d0                Fir_gpolicyGetTCPHSize
                0x0000000000007510                Fir_gprtSetPortTCPMinHdrSize
                0x0000000000007580                Fir_gprtGetPortTCPMinHdrSize
                0x00000000000075c0                Fir_gpolicySetICMPSize
                0x0000000000007640                Fir_gpolicyGetICMPSize
                0x0000000000007680                Fir_gprtSetPortICMPMaxSize
                0x00000000000076e0                Fir_gprtGetPortICMPMaxSize
                0x0000000000007760                Fir_gpolicySetUDPPort
                0x00000000000077e0                Fir_gpolicyGetUDPPort
                0x0000000000007820                Fir_gpolicySetTCPPort
                0x00000000000078a0                Fir_gpolicyGetTCPPort
                0x00000000000078e0                Fir_gpolicySetTCPSynFin
                0x0000000000007960                Fir_gpolicyGetTCPSynFin
                0x00000000000079a0                Fir_gpolicySetTCPFrag
                0x0000000000007a20                Fir_gpolicyGetTCPFrag
                0x0000000000007a60                Fir_gpolicySetNearNonTPMR
                0x0000000000007ae0                Fir_gpolicyGetNearNonTPMR
                0x0000000000007b20                Fir_gpolicySetETag
                0x0000000000007ba0                Fir_gpolicyGetETag
                0x0000000000007be0                Fir_gpolicySetNonETag
                0x0000000000007c60                Fir_gpolicyGetNonETag
                0x0000000000007ca0                Fir_gpolicyDump
 *fill*         0x000000000000a698        0x8 1f2003d5
 .text          0x000000000000a6a0     0x14f8 /home/root/UMSD_v7.0.0/obj/dev/fir/src/api/msdDrv_obj/Fir_msdBrgVtu.o
                0x000000000000b140                Fir_gvtuGetEntryNext
                0x000000000000b2a0                Fir_gvtuFindVidEntry
                0x000000000000b440                Fir_gvtuFlush
                0x000000000000b450                Fir_gvtuAddEntry
                0x000000000000b5a0                Fir_gvtuDelEntry
                0x000000000000b5e4                Fir_gvtuSetMode
                0x000000000000b740                Fir_gvtuGetMode
                0x000000000000b890                Fir_gvtuGetViolation_MultiChip
                0x000000000000b950                Fir_gvtuGetViolation
                0x000000000000ba30                Fir_gvtuDump
 *fill*         0x000000000000bb98        0x8 1f2003d5
 .text          0x000000000000bba0      0x7d8 /home/root/UMSD_v7.0.0/obj/dev/fir/src/api/msdDrv_obj/Fir_msdArp.o
                0x000000000000c0e0                Fir_garpLoadMcEntry
                0x000000000000c1b0                Fir_garpLoadUcEntry
                0x000000000000c240                Fir_garpFlushEntry
                0x000000000000c274                Fir_garpFlushAll
                0x000000000000c290                Fir_garpReadEntry
                0x000000000000c2f0                Fir_garpGetNextEntry
 *fill*         0x000000000000c378        0x8 1f2003d5
 .text          0x000000000000c380      0x744 /home/root/UMSD_v7.0.0/obj/dev/fir/src/api/msdDrv_obj/Fir_msdBrgStu.o
                0x000000000000c6d0                Fir_gstuGetEntryNext
                0x000000000000c7d0                Fir_gstuAddEntry
                0x000000000000c8a0                Fir_gstuDelEntry
                0x000000000000c8e0                Fir_gstuFindSidEntry
                0x000000000000c9e0                Fir_gstuDump
 *fill*         0x000000000000cac4        0xc 1f2003d5
 .text          0x000000000000cad0      0xa08 /home/root/UMSD_v7.0.0/obj/dev/fir/src/api/msdDrv_obj/Fir_msdPIRL.o
                0x000000000000ceb0                Fir_gpirlInitialize
                0x000000000000ced0                Fir_gpirlInitResource
                0x000000000000cf24                Fir_gpirlCustomSetup_sr2c
                0x000000000000d0d0                Fir_gpirlReadResource
                0x000000000000d250                Fir_gpirlWriteResource
                0x000000000000d3e0                Fir_gpirlGetResReg
                0x000000000000d470                Fir_gpirlSetResReg
 *fill*         0x000000000000d4d8        0x8 1f2003d5
 .text          0x000000000000d4e0      0xc6c /home/root/UMSD_v7.0.0/obj/dev/fir/src/api/msdDrv_obj/Fir_msdPortRmon.o
                0x000000000000da90                Fir_gstatsFlushAll
                0x000000000000daa4                Fir_gstatsFlushPort
                0x000000000000db00                Fir_gstatsGetPortCounter
                0x000000000000db80                Fir_gstatsGetPortAllCounters
                0x000000000000dbe0                Fir_gstatsGetHistogramMode
                0x000000000000dc60                Fir_gstatsSetHistogramMode
                0x000000000000dc90                Fir_gmibDump
 *fill*         0x000000000000e14c        0x4 1f2003d5
 .text          0x000000000000e150     0x405c /home/root/UMSD_v7.0.0/obj/dev/fir/src/api/msdDrv_obj/Fir_msdPortCtrl.o
                0x000000000000e664                Fir_gvlnSetPortVid
                0x000000000000e6d0                Fir_gvlnGetPortVid
                0x000000000000e740                Fir_gprtSetForceDefaultVid
                0x000000000000e7a4                Fir_gprtGetForceDefaultVid
                0x000000000000e820                Fir_gvlnSetPortVlanDot1qMode
                0x000000000000e884                Fir_gvlnGetPortVlanDot1qMode
                0x000000000000e900                Fir_gprtSetDiscardTagged
                0x000000000000e964                Fir_gprtGetDiscardTagged
                0x000000000000e9e0                Fir_gprtSetDiscardUntagged
                0x000000000000ea44                Fir_gprtGetDiscardUntagged
                0x000000000000eac0                Fir_gprtSetUnicastFloodBlock
                0x000000000000eb24                Fir_gprtGetUnicastFloodBlock
                0x000000000000eba0                Fir_gprtSetMulticastFloodBlock
                0x000000000000ec04                Fir_gprtGetMulticastFloodBlock
                0x000000000000ec80                Fir_gprtSetDiscardBCastMode
                0x000000000000ece4                Fir_gprtGetDiscardBCastMode
                0x000000000000ed60                Fir_gprtSetIGMPSnoopEnable
                0x000000000000edc4                Fir_gprtGetIGMPSnoopEnable
                0x000000000000ee40                Fir_gprtGetHeaderMode
                0x000000000000eec0                Fir_gprtSetHeaderMode
                0x000000000000ef24                Fir_gprtGetDropOnLock
                0x000000000000efa0                Fir_gprtSetDropOnLock
                0x000000000000f004                Fir_gprtSetJumboMode
                0x000000000000f074                Fir_gprtGetJumboMode
                0x000000000000f0e4                Fir_gprtSetSpecifiedMTU
                0x000000000000f180                Fir_gprtGetSpecifiedMTU
                0x000000000000f1f0                Fir_gprtSetLearnEnable
                0x000000000000f2c0                Fir_gprtGetLearnEnable
                0x000000000000f340                Fir_gprtGetVTUPriorityOverride
                0x000000000000f3b0                Fir_gprtSetVTUPriorityOverride
                0x000000000000f414                Fir_gprtGetSAPriorityOverride
                0x000000000000f484                Fir_gprtSetSAPriorityOverride
                0x000000000000f4f0                Fir_gprtGetDAPriorityOverride
                0x000000000000f560                Fir_gprtSetDAPriorityOverride
                0x000000000000f5c4                Fir_gprtGetMessagePort
                0x000000000000f640                Fir_gprtSetMessagePort
                0x000000000000f6a4                Fir_gprtGetEtherType
                0x000000000000f6b0                Fir_gprtSetEtherType
                0x000000000000f6c0                Fir_gprtGetAllowVidZero
                0x000000000000f740                Fir_gprtSetAllowVidZero
                0x000000000000f7a4                Fir_gprtSetTrunkPort
                0x000000000000f864                Fir_gprtGetTrunkPort
                0x000000000000f930                Fir_gprtSetFlowCtrl
                0x000000000000f9d0                Fir_gprtGetFlowCtrl
                0x000000000000fa14                Fir_gprtSetEgressMonitorSource
                0x000000000000fa80                Fir_gprtGetEgressMonitorSource
                0x000000000000fb00                Fir_gprtSetIngressMonitorSource
                0x000000000000fb64                Fir_gprtGetIngressMonitorSource
                0x000000000000fbe0                Fir_grcSetEgressRate
                0x000000000000fe20                Fir_grcSetELimitMode
                0x000000000000fe80                Fir_grcGetELimitMode
                0x000000000000fef0                Fir_grcGetEgressRate
                0x0000000000010010                Fir_gprtSetDuplex
                0x0000000000010080                Fir_gprtGetDuplex
                0x0000000000010120                Fir_gprtGetDuplexStatus
                0x00000000000101a0                Fir_gprtGetForceLink
                0x0000000000010244                Fir_gprtSetForceLink
                0x00000000000102c0                Fir_gprtGetLinkState
                0x0000000000010340                Fir_gprtSetForceSpeed
                0x00000000000105c4                Fir_gprtGetForceSpeed
                0x0000000000010720                Fir_gprtGetSpeed
                0x0000000000010810                Fir_gprtGetVlanPorts
                0x00000000000108d0                Fir_gprtSetVlanPorts
                0x00000000000109d0                Fir_gprtGetFrameMode
                0x0000000000010a40                Fir_gprtSetFrameMode
                0x0000000000010aa4                Fir_gprtSetPortECID
                0x0000000000010b10                Fir_gprtGetPortECID
                0x0000000000010b50                Fir_gprtSetIgnoreETag
                0x0000000000010bc0                Fir_gprtGetIgnoreETag
                0x0000000000010c00                Fir_gprtSetEgressMode
                0x0000000000010c64                Fir_gprtGetEgressMode
                0x0000000000010cd4                Fir_gprtSetExtendedPortCtrlReg
                0x0000000000010d80                Fir_gprtGetExtendedPortCtrlReg
                0x0000000000010df4                Fir_gprtGetPortState
                0x0000000000010e64                Fir_gprtSetPortState
                0x0000000000010ed0                Fir_gprtSetIgnoreFcs
                0x0000000000010f34                Fir_gprtGetIgnoreFcs
                0x0000000000010fb0                Fir_gprtSetAllowBadFcs
                0x0000000000011014                Fir_gprtGetAllowBadFcs
                0x0000000000011090                Fir_gprtSetPauseLimitOut
                0x00000000000110f4                Fir_gprtGetPauseLimitOut
                0x0000000000011160                Fir_gprtSetPauseLimitIn
                0x00000000000111c4                Fir_gprtGetPauseLimitIn
                0x0000000000011230                Fir_gprtSetQueueToPause
                0x0000000000011294                Fir_gprtGetQueueToPause
                0x0000000000011300                Fir_gprtSetRxPriFlowCtrlEnable
                0x00000000000113c4                Fir_gprtGetRxPriFlowCtrlEnable
                0x0000000000011460                Fir_gprtSetRxPriFlowCtrlToQueue
                0x0000000000011540                Fir_gprtGetRxPriFlowCtrlToQueue
                0x00000000000115d0                Fir_gprtSetTxPriFlowCtrlEnable
                0x0000000000011694                Fir_gprtGetTxPriFlowCtrlEnable
                0x0000000000011730                Fir_gprtGetOutQueueSize
                0x00000000000117d0                Fir_gprtSetMapDA
                0x0000000000011834                Fir_gprtGetMapDA
                0x00000000000118b0                Fir_gprtSetPortLocked
                0x0000000000011914                Fir_gprtGetPortLocked
                0x0000000000011990                Fir_gprtSetHoldAt1
                0x00000000000119f4                Fir_gprtGetHoldAt1
                0x0000000000011a70                Fir_gprtSetInt0nAgeOut
                0x0000000000011ad4                Fir_gprtGetInt0nAgeOut
                0x0000000000011b50                Fir_gprtSetRefreshLocked
                0x0000000000011bb4                Fir_gprtGetRefreshLocked
                0x0000000000011c30                Fir_gprtSetIgnoreWrongData
                0x0000000000011c94                Fir_gprtGetIgnoreWrongData
                0x0000000000011d10                Fir_gprtSetARPMirror
                0x0000000000011d74                Fir_gprtGetARPMirror
                0x0000000000011df0                Fir_gprtSetPreemptSize
                0x0000000000011e50                Fir_gprtGetPreemptSize
                0x0000000000011ec4                Fir_gprtSetPreemptEnable
                0x0000000000011f30                Fir_gprtGetPreemptEnable
                0x0000000000011fb0                Fir_gprtSetPreemptQueue
                0x0000000000012030                Fir_gprtGetPreemptQueue
                0x00000000000120c0                Fir_gprtRegDump
 *fill*         0x00000000000121ac        0x4 1f2003d5
 .text          0x00000000000121b0     0x116c /home/root/UMSD_v7.0.0/obj/dev/fir/src/api/msdDrv_obj/Fir_msdEcid.o
                0x0000000000012a44                Fir_gBpeEnableSet
                0x0000000000012b64                Fir_gBpeEnableGet
                0x0000000000012bd4                Fir_gecidAddEntry
                0x0000000000012c24                Fir_gecidFlushAll
                0x0000000000012c70                Fir_gecidMove
                0x0000000000012d20                Fir_gecidFlushEntry
                0x0000000000012da0                Fir_gecidGetEcidEntryNext
                0x0000000000012e40                Fir_gecidFindEcidEntry
                0x0000000000012f54                Fir_gecidGetEntryCount
                0x00000000000131e0                Fir_gecidDump
 *fill*         0x000000000001331c        0x4 1f2003d5
 .text          0x0000000000013320      0x988 /home/root/UMSD_v7.0.0/obj/dev/fir/src/api/msdDrv_obj/Fir_msdPortPrioMap.o
                0x0000000000013320                Fir_gqosSetPrioMapRule
                0x0000000000013384                Fir_gqosGetPrioMapRule
                0x0000000000013400                Fir_gprtSetInitialPri
                0x0000000000013470                Fir_gprtGetInitialPri
                0x0000000000013510                Fir_gprtSetDefQpri
                0x0000000000013574                Fir_gprtGetDefQpri
                0x0000000000013610                Fir_gprtSetIEEEPrioMap
                0x00000000000137d0                Fir_gprtGetIEEEPrioMap
                0x00000000000139d0                Fir_gprtRewriteDscp
                0x0000000000013a34                Fir_gprtSetCosToQueue
                0x0000000000013ac0                Fir_gprtGetCosToQueue
                0x0000000000013b00                Fir_gprtSetCosToDscp
                0x0000000000013b90                Fir_gprtGetCosToDscp
                0x0000000000013bd0                Fir_gprtSetDefFpri
                0x0000000000013c34                Fir_gprtGetDefFpri
 *fill*         0x0000000000013ca8        0x8 1f2003d5
 .text          0x0000000000013cb0      0x9c0 /home/root/UMSD_v7.0.0/obj/dev/fir/src/api/msdDrv_obj/Fir_msdQueueCtrl.o
                0x0000000000013cb0                Fir_gprtSetQueueCtrl
                0x0000000000013db4                Fir_gprtGetQueueCtrl
                0x0000000000013ee0                Fir_gprtSetPortSched
                0x0000000000013f50                Fir_gprtGetPortSched
                0x0000000000014014                Fir_gprtSetQoSWeight
                0x0000000000014390                Fir_gprtGetQoSWeight
 .text          0x0000000000014670      0xff4 /home/root/UMSD_v7.0.0/obj/dev/fir/src/api/msdDrv_obj/Fir_msdSysCtrl.o
                0x0000000000014670                Fir_gsysSetTrunkMaskTable
                0x00000000000147b0                Fir_gsysGetTrunkMaskTable
                0x0000000000014920                Fir_gsysSetHashTrunk
                0x0000000000014940                Fir_gsysGetHashTrunk
                0x0000000000014990                Fir_gsysSetTrunkRouting
                0x0000000000014af0                Fir_gsysGetTrunkRouting
                0x0000000000014c80                Fir_gsysSetFloodBC
                0x0000000000014ca0                Fir_gsysGetFloodBC
                0x0000000000014cf0                Fir_gsysSetEgressMonitorDest
                0x0000000000014d54                Fir_gsysGetEgressMonitorDest
                0x0000000000014de0                Fir_gsysSetSMISetup
                0x0000000000014fa0                Fir_gsysGetSMISetup
                0x0000000000015160                Fir_gsysGlobal1RegDump
                0x0000000000015210                Fir_gsysGlobal2RegDump
                0x00000000000152d0                Fir_gsysSetRMUMode
                0x0000000000015334                Fir_gsysGetRMUMode
                0x0000000000015374                Fir_gsysQbvWrite
                0x0000000000015420                Fir_gsysQbvRead
                0x00000000000154f0                Fir_gsysDevIntEnableSet
                0x0000000000015504                Fir_gsysDevIntEnableGet
                0x0000000000015540                Fir_gsysDevIntStatusGet
                0x0000000000015580                Fir_gsysActiveIntEnableSet
                0x00000000000155e4                Fir_gsysActiveIntEnableGet
                0x0000000000015624                Fir_gsysActiveIntStatusGet
 *fill*         0x0000000000015664        0xc 1f2003d5
 .text          0x0000000000015670       0xa8 /home/root/UMSD_v7.0.0/obj/dev/fir/src/api/msdDrv_obj/Fir_msdPhyCtrl.o
                0x0000000000015670                Fir_serdesReset
 *fill*         0x0000000000015718        0x8 1f2003d5
 .text          0x0000000000015720     0x18ac /home/root/UMSD_v7.0.0/obj/dev/fir/src/api/msdDrv_obj/Fir_msdRMU.o
                0x0000000000015a74                Fir_msdRmuGetID
                0x0000000000015ba4                Fir_msdRmuAtuDump
                0x0000000000015de0                Fir_msdRmuEcidDump
                0x0000000000016020                Fir_msdRmuMib2Dump
                0x0000000000016470                Fir_msdRmuReadRegister
                0x0000000000016490                Fir_msdRmuWriteRegister
                0x00000000000164a0                Fir_msdRmuMultiRegAccess
                0x00000000000166d0                Fir_msdRmuTCAMDump
                0x0000000000016830                Fir_msdRmuTCAMWrite
                0x0000000000016da0                Fir_msdRmuTCAMRead
                0x0000000000016f30                Fir_msdRmuRegDump
 *fill*         0x0000000000016fcc        0x4 1f2003d5
 .text          0x0000000000016fd0      0xb3c /home/root/UMSD_v7.0.0/obj/dev/fir/src/api/msdDrv_obj/Fir_msdTCAMIntf.o
                0x0000000000016fd0                Fir_gtcamLoadEntryIntf
                0x0000000000017150                Fir_gtcamReadTCAMDataIntf
                0x0000000000017300                Fir_gtcamGetNextTCAMDataIntf
                0x00000000000174b0                Fir_gtcamFindEntryIntf
                0x00000000000176b0                Fir_gtcamSetModeIntf
                0x00000000000176b4                Fir_gtcamGetModeIntf
                0x00000000000176f0                Fir_gtcamEgrFlushEntryIntf
                0x00000000000176f4                Fir_gtcamEgrFlushAllPortsIntf
                0x0000000000017700                Fir_gtcamEgrLoadEntryIntf
                0x00000000000177a0                Fir_gtcamEgrGetNextTCAMDataIntf
                0x0000000000017870                Fir_gtcamEgrReadTCAMDataIntf
                0x0000000000017940                Fir_gtcamAdvConfigIntf
 *fill*         0x0000000000017b0c        0x4 1f2003d5
 .text          0x0000000000017b10     0x252c /home/root/UMSD_v7.0.0/obj/dev/fir/src/api/msdDrv_obj/Fir_msdFRER.o
                0x0000000000018350                Fir_gfrerSeqGenFlushAll
                0x0000000000018360                Fir_gfrerSeqGenFlushEntry
                0x0000000000018370                Fir_gfrerSeqGenRead
                0x0000000000018410                Fir_gfrerSeqGenLoad
                0x0000000000018480                Fir_gfrerIndvRcvyFlushAll
                0x0000000000018490                Fir_gfrerIndvRcvyFlushEntry
                0x00000000000184b0                Fir_gfrerIndvRcvyRead
                0x00000000000185a0                Fir_gfrerIndvRcvyLoad
                0x0000000000018640                Fir_gfrerIndvRcvyGetNext
                0x0000000000018740                Fir_gfrerIndvRcvyReadClear
                0x0000000000018830                Fir_gfrerSeqRcvyFlushAll
                0x0000000000018840                Fir_gfrerSeqRcvyFlushEntry
                0x0000000000018860                Fir_gfrerSeqRcvyRead
                0x0000000000018a14                Fir_gfrerSeqRcvyLoad
                0x0000000000018b60                Fir_gfrerSeqRcvyGetNext
                0x0000000000018d14                Fir_gfrerSeqRcvyGetViolation
                0x0000000000018ed0                Fir_gfrerSeqRcvyReadClear
                0x0000000000019084                Fir_gfrerBank0SCtrFlushAll
                0x0000000000019090                Fir_gfrerBank0SCtrFlushCtr
                0x00000000000190a0                Fir_gfrerBank0SCtrRead
                0x0000000000019324                Fir_gfrerBank0SCtrLoad
                0x00000000000193a4                Fir_gfrerBank0SCtrGetNext
                0x0000000000019630                Fir_gfrerBank0SCtrReadClear
                0x00000000000198b4                Fir_gfrerBank1SCtrFlushAll
                0x00000000000198c0                Fir_gfrerBank1SCtrFlushCtr
                0x00000000000198d0                Fir_gfrerBank1SCtrRead
                0x0000000000019b20                Fir_gfrerBank1SCtrLoad
                0x0000000000019ba0                Fir_gfrerBank1SCtrGetNext
                0x0000000000019df0                Fir_gfrerBank1SCtrReadClear
 *fill*         0x000000000001a03c        0x4 1f2003d5
 .text          0x000000000001a040      0x848 /home/root/UMSD_v7.0.0/obj/dev/fir/src/api/msdDrv_obj/Fir_msdFRERIntf.o
                0x000000000001a040                Fir_gfrerSeqGenLoadIntf
                0x000000000001a0a4                Fir_gfrerSeqGenReadIntf
                0x000000000001a0f4                Fir_gfrerIndvRcvyLoadIntf
                0x000000000001a150                Fir_gfrerIndvRcvyReadIntf
                0x000000000001a1a0                Fir_gfrerIndvRcvyGetNextIntf
                0x000000000001a1f0                Fir_gfrerIndvRcvyReadClearIntf
                0x000000000001a240                Fir_gfrerSeqRcvyLoadIntf
                0x000000000001a2b4                Fir_gfrerSeqRcvyReadIntf
                0x000000000001a320                Fir_gfrerSeqRcvyGetNextIntf
                0x000000000001a390                Fir_gfrerSeqRcvyGetViolationIntf
                0x000000000001a400                Fir_gfrerSeqRcvyReadClearIntf
                0x000000000001a470                Fir_gfrerBank0SCtrReadIntf
                0x000000000001a500                Fir_gfrerBank0SCtrLoadIntf
                0x000000000001a560                Fir_gfrerBank0SCtrGetNextIntf
                0x000000000001a5f0                Fir_gfrerBank0SCtrReadClearIntf
                0x000000000001a680                Fir_gfrerBank1SCtrLoadIntf
                0x000000000001a6e0                Fir_gfrerBank1SCtrReadIntf
                0x000000000001a770                Fir_gfrerBank1SCtrGetNextIntf
                0x000000000001a800                Fir_gfrerBank1SCtrReadClearIntf
 *fill*         0x000000000001a888        0x8 1f2003d5
 .text          0x000000000001a890      0x4b0 /home/root/UMSD_v7.0.0/obj/dev/fir/src/api/msdDrv_obj/Fir_msdBrgFdbIntf.o
                0x000000000001a890                Fir_gfdbAddMacEntryIntf
                0x000000000001a8f0                Fir_gfdbGetAtuEntryNextIntf
                0x000000000001a9c0                Fir_gfdbFlushIntf
                0x000000000001a9c4                Fir_gfdbFlushInDBIntf
                0x000000000001a9d0                Fir_gfdbMoveIntf
                0x000000000001a9d4                Fir_gfdbMoveInDBIntf
                0x000000000001a9e0                Fir_gfdbPortRemoveIntf
                0x000000000001aa00                Fir_gfdbPortRemoveInDBIntf
                0x000000000001aa20                Fir_gfdbGetViolationIntf
                0x000000000001aae0                Fir_gfdbFindAtuMacEntryIntf
                0x000000000001abd0                Fir_gfdbDump
 .text          0x000000000001ad40      0x760 /home/root/UMSD_v7.0.0/obj/dev/fir/src/api/msdDrv_obj/Fir_msdBrgVtuIntf.o
                0x000000000001ad40                Fir_gvtuFindVidEntryIntf
                0x000000000001aeb0                Fir_gvtuExistVidEntryIntf
                0x000000000001af24                Fir_gvtuFlushIntf
                0x000000000001af30                Fir_gvtuAddEntryIntf
                0x000000000001b040                Fir_gvtuDelEntryIntf
                0x000000000001b0b4                Fir_gvtuSetModeIntf
                0x000000000001b0c0                Fir_gvtuGetModeIntf
                0x000000000001b0c4                Fir_gvtuGetViolationIntf
                0x000000000001b154                Fir_gvtuGetEntryCountIntf
                0x000000000001b200                Fir_gvtuSetMemberTagIntf
                0x000000000001b2d0                Fir_gvtuGetMemberTagIntf
                0x000000000001b394                Fir_gvtuGetEntryNextIntf
 .text          0x000000000001b4a0      0x27c /home/root/UMSD_v7.0.0/obj/dev/fir/src/api/msdDrv_obj/Fir_msdBrgStuIntf.o
                0x000000000001b4a0                Fir_gstuAddEntryIntf
                0x000000000001b4f4                Fir_gstuGetEntryNextIntf
                0x000000000001b5a4                Fir_gstuDelEntryIntf
                0x000000000001b5f0                Fir_gstuFindSidEntryIntf
                0x000000000001b690                Fir_gstuGetEntryCountIntf
 *fill*         0x000000000001b71c        0x4 1f2003d5
 .text          0x000000000001b720      0x314 /home/root/UMSD_v7.0.0/obj/dev/fir/src/api/msdDrv_obj/Fir_msdPIRLIntf.o
                0x000000000001b720                Fir_gpirlInitializeIntf
                0x000000000001b724                Fir_gpirlInitResourceIntf
                0x000000000001b730                Fir_gpirlCustomSetup_sr2cIntf
                0x000000000001b7d0                Fir_gpirlReadResourceIntf
                0x000000000001b890                Fir_gpirlWriteResourceIntf
                0x000000000001b914                Fir_gpirlGetResRegIntf
                0x000000000001b920                Fir_gpirlSetResRegIntf
                0x000000000001b924                Fir_gpirlAdvConfigIntf
                0x000000000001b9e0                Fir_gpirlAdvConfigDisableIntf
 *fill*         0x000000000001ba34        0xc 1f2003d5
 .text          0x000000000001ba40      0x60c /home/root/UMSD_v7.0.0/obj/dev/fir/src/api/msdDrv_obj/Fir_msdQav.o
                0x000000000001bd80                Fir_gqavSetPortQpriXRate
                0x000000000001be64                Fir_gqavGetPortQpriXRate
                0x000000000001bf14                Fir_gqavSetPortQpriXHiLimit
                0x000000000001bfc0                Fir_gqavGetPortQpriXHiLimit
 *fill*         0x000000000001c04c        0x4 1f2003d5
 .text          0x000000000001c050      0x160 /home/root/UMSD_v7.0.0/obj/dev/fir/src/api/msdDrv_obj/Fir_msdArpIntf.o
                0x000000000001c050                Fir_garpLoadMcEntryIntf
                0x000000000001c090                Fir_garpLoadUcEntryIntf
                0x000000000001c0d0                Fir_garpReadEntryIntf
                0x000000000001c140                Fir_garpGetNextEntryIntf
 .text          0x000000000001c1b0      0x174 /home/root/UMSD_v7.0.0/obj/dev/fir/src/api/msdDrv_obj/Fir_msdPortRmonIntf.o
                0x000000000001c1b0                Fir_gstatsGetPortCounterIntf
                0x000000000001c1b4                Fir_gstatsGetPortAllCntersIntf
                0x000000000001c314                Fir_gstatsGetHistogramModeIntf
                0x000000000001c320                Fir_gstatsSetHistogramModeIntf
 *fill*         0x000000000001c324        0xc 1f2003d5
 .text          0x000000000001c330      0x178 /home/root/UMSD_v7.0.0/obj/dev/fir/src/api/msdDrv_obj/Fir_msdPortCtrlIntf.o
                0x000000000001c330                Fir_gvlnSetPortVlanQModeIntf
                0x000000000001c334                Fir_gvlnGetPortVlanQModeIntf
                0x000000000001c340                Fir_gprtSetDiscardTaggedIntf
                0x000000000001c344                Fir_gprtGetDiscardTaggedIntf
                0x000000000001c350                Fir_gprtSetDiscardUntaggedIntf
                0x000000000001c354                Fir_gprtGetDiscardUntaggedIntf
                0x000000000001c360                Fir_gprtSetUnicFloodBlockIntf
                0x000000000001c364                Fir_gprtGetUnicFloodBlockIntf
                0x000000000001c370                Fir_gprtSetMultiFloodBlockIntf
                0x000000000001c374                Fir_gprtGetMultiFloodBlockIntf
                0x000000000001c380                Fir_gprtSetDiscardBCastModeIntf
                0x000000000001c384                Fir_gprtGetDiscardBCastModeIntf
                0x000000000001c390                Fir_gprtSetJumboModeIntf
                0x000000000001c394                Fir_gprtGetJumboModeIntf
                0x000000000001c3a0                Fir_gprtSetSpecifiedMTUIntf
                0x000000000001c3a4                Fir_gprtGetSpecifiedMTUIntf
                0x000000000001c3b0                Fir_gprtSetLearnEnableIntf
                0x000000000001c3b4                Fir_gprtGetLearnEnableIntf
                0x000000000001c3c0                Fir_gprtGetVTUPriOverrideIntf
                0x000000000001c3c4                Fir_gprtSetVTUPriOverrideIntf
                0x000000000001c3d0                Fir_gprtGetSAPriOverrideIntf
                0x000000000001c3d4                Fir_gprtSetSAPriOverrideIntf
                0x000000000001c3e0                Fir_gprtGetDAPriOverrideIntf
                0x000000000001c3e4                Fir_gprtSetDAPriOverrideIntf
                0x000000000001c3f0                Fir_gprtSetFlowCtrlIntf
                0x000000000001c3f4                Fir_gprtGetFlowCtrlIntf
                0x000000000001c400                Fir_gprtSetForceSpeedIntf
                0x000000000001c414                Fir_gprtGetForceSpeedIntf
                0x000000000001c420                Fir_grcSetEgressRateIntf
                0x000000000001c424                Fir_grcGetEgressRateIntf
                0x000000000001c430                Fir_grcSetELimitModeIntf
                0x000000000001c434                Fir_grcGetELimitModeIntf
                0x000000000001c440                Fir_gprtSetDuplexIntf
                0x000000000001c444                Fir_gprtGetDuplexIntf
                0x000000000001c450                Fir_gprtGetDuplexStatusIntf
                0x000000000001c454                Fir_gprtGetForceLinkIntf
                0x000000000001c460                Fir_gprtSetForceLinkIntf
                0x000000000001c464                Fir_gprtGetSpeedIntf
                0x000000000001c470                Fir_gprtGetFrameModeIntf
                0x000000000001c474                Fir_gprtSetFrameModeIntf
                0x000000000001c480                Fir_gprtSetEgressModeIntf
                0x000000000001c494                Fir_gprtGetEgressModeIntf
                0x000000000001c4a0                Fir_gprtGetPortStateIntf
                0x000000000001c4a4                Fir_gprtSetPortStateIntf
 *fill*         0x000000000001c4a8        0x8 1f2003d5
 .text          0x000000000001c4b0      0x134 /home/root/UMSD_v7.0.0/obj/dev/fir/src/api/msdDrv_obj/Fir_msdPortPrioMapIntf.o
                0x000000000001c4b0                Fir_gqosSetPrioMapRuleIntf
                0x000000000001c4b4                Fir_gqosGetPrioMapRuleIntf
                0x000000000001c4c0                Fir_gprtSetInitialPriIntf
                0x000000000001c4c4                Fir_gprtGetInitialPriIntf
                0x000000000001c4d0                Fir_gprtSetDefQpriIntf
                0x000000000001c4d4                Fir_gprtGetDefQpriIntf
                0x000000000001c4e0                Fir_gprtSetIEEEPrioMapIntf
                0x000000000001c520                Fir_gprtGetIEEEPrioMapIntf
 *fill*         0x000000000001c5e4        0xc 1f2003d5
 .text          0x000000000001c5f0      0x1c8 /home/root/UMSD_v7.0.0/obj/dev/fir/src/api/msdDrv_obj/Fir_msdEcidIntf.o
                0x000000000001c5f0                Fir_gecidAddEntryIntf
                0x000000000001c650                Fir_gecidGetEcidEntryNextIntf
                0x000000000001c700                Fir_gecidFindEcidEntryIntf
 *fill*         0x000000000001c7b8        0x8 1f2003d5
 .text          0x000000000001c7c0      0x104 /home/root/UMSD_v7.0.0/obj/dev/fir/src/api/msdDrv_obj/Fir_msdQueueCtrlIntf.o
                0x000000000001c7c0                Fir_gprtSetQueueCtrlIntf
                0x000000000001c7c4                Fir_gprtGetQueueCtrlIntf
                0x000000000001c7d0                Fir_gprtSetPortSchedIntf
                0x000000000001c7d4                Fir_gprtGetPortSchedIntf
                0x000000000001c7e0                Fir_gprtSetQoSWeightIntf
                0x000000000001c850                Fir_gprtGetQoSWeightIntf
 .text          0x000000000001c8c4        0x0 /home/root/UMSD_v7.0.0/obj/dev/fir/src/api/msdDrv_obj/Fir_msdSysCtrlIntf.o
 .text          0x000000000001c8c4        0x0 /home/root/UMSD_v7.0.0/obj/dev/fir/src/api/msdDrv_obj/Fir_msdPhyCtrlIntf.o
 .text          0x000000000001c8c4        0x0 /home/root/UMSD_v7.0.0/obj/dev/fir/src/api/msdDrv_obj/Fir_msdPolicyIntf.o
 *fill*         0x000000000001c8c4        0xc 1f2003d5
 .text          0x000000000001c8d0      0x5d4 /home/root/UMSD_v7.0.0/obj/dev/fir/src/api/msdDrv_obj/Fir_msdTCAMRCIntf.o
                0x000000000001c8d0                Fir_gtcamRCLoadEntryIntf
                0x000000000001ca10                Fir_gtcamRCReadEntryIntf
                0x000000000001cb80                Fir_gtcamRCGetNextEntryIntf
                0x000000000001ccf0                Fir_gtcamRCFindEntryIntf
 *fill*         0x000000000001cea4        0xc 1f2003d5
 .text          0x000000000001ceb0      0x8f4 /home/root/UMSD_v7.0.0/obj/dev/fir/src/api/msdDrv_obj/Fir_msdRMUIntf.o
                0x000000000001ceb0                Fir_msdRmuGetIDIntf
                0x000000000001ceb4                Fir_msdRmuAtuDumpIntf
                0x000000000001cff0                Fir_msdRmuEcidDumpIntf
                0x000000000001d120                Fir_msdRmuMib2DumpIntf
                0x000000000001d280                Fir_msdRmuReadRegisterIntf
                0x000000000001d284                Fir_msdRmuWriteRegisterIntf
                0x000000000001d290                Fir_msdRmuMultiRegAccessIntf
                0x000000000001d294                Fir_msdRmuTCAMDumpIntf
                0x000000000001d4e4                Fir_msdRmuTCAMWriteIntf
                0x000000000001d610                Fir_msdRmuTCAMReadIntf
 *fill*         0x000000000001d7a4        0xc 1f2003d5
 .text          0x000000000001d7b0     0x2568 /home/root/UMSD_v7.0.0/obj/dev/fir/src/api/msdDrv_obj/Fir_msdPTP.o
                0x000000000001e310                Fir_gptpSetIntEnable
                0x000000000001e400                Fir_gptpGetIntEnable
                0x000000000001e4a0                Fir_gptpSetPortPTPEn
                0x000000000001e574                Fir_gptpGetPortPTPEn
                0x000000000001e610                Fir_gptpGetTimeStamp
                0x000000000001e720                Fir_gptpGetTSValidSt
                0x000000000001e7e0                Fir_gptpResetTimeStamp
                0x000000000001e8c0                Fir_gptpGetIntStatus
                0x000000000001e970                Fir_gptpSetMeanPathDelay
                0x000000000001e9f0                Fir_gptpGetMeanPathDelay
                0x000000000001ea80                Fir_gptpSetIgrPathDelayAsym
                0x000000000001eb00                Fir_gptpGetIgrPathDelayAsym
                0x000000000001eb90                Fir_gptpSetEgrPathDelayAsym
                0x000000000001ec10                Fir_gptpGetEgrPathDelayAsym
                0x000000000001eca0                Fir_gptpGetTODBusyBitStatus
                0x000000000001ed04                Fir_gptpTODStoreCompensation
                0x000000000001edd0                Fir_gptpTODStoreAll
                0x000000000001eea0                Fir_gptpTODCaptureAll
                0x000000000001f140                Fir_gptpSetPulse
                0x000000000001f1c0                Fir_gptpGetPulse
                0x000000000001f240                Fir_gtaiGetPTPGlobalTime
                0x000000000001f2a0                Fir_gptpPortRegGet
                0x000000000001f350                Fir_gptpPortRegSet
                0x000000000001f3e0                Fir_gptpGlobalRegGet
                0x000000000001f454                Fir_gptpGlobalRegSet
                0x000000000001f4a0                Fir_gTaiRegGet
                0x000000000001f514                Fir_gTaiRegSet
                0x000000000001f560                Fir_gptp1588v2ConfigSet
                0x000000000001f6c0                Fir_gptp8021asConfigSet
                0x000000000001f830                Fir_gptp8021asRevConfigSet
                0x000000000001f9a0                Fir_gptpPreemptTimestampSelSet
                0x000000000001fa50                Fir_gptpPreemptTimestampSelGet
                0x000000000001fae0                Fir_gptpPreemptCtrlSet
                0x000000000001fb90                Fir_gptpPreemptCtrlGet
                0x000000000001fc20                Fir_gtaiTrigGenTimerSelGet
                0x000000000001fc80                Fir_gtaiTrigGenTimerSelSet
 *fill*         0x000000000001fd18        0x8 1f2003d5
 .text          0x000000000001fd20      0x2c4 /home/root/UMSD_v7.0.0/obj/dev/fir/src/api/msdDrv_obj/Fir_msdPTPIntf.o
                0x000000000001fd20                Fir_gptpSetIntEnableIntf
                0x000000000001fd50                Fir_gptpGetIntEnableIntf
                0x000000000001fd90                Fir_gptpGetTimeStampIntf
                0x000000000001fdd4                Fir_gptpGetIntStatusIntf
                0x000000000001fe20                Fir_gptpTODStoreCompenIntf
                0x000000000001fe80                Fir_gptpTODStoreAllIntf
                0x000000000001fee0                Fir_gptpTODCaptureAllIntf
                0x000000000001ff50                Fir_gptpSetPulseIntf
                0x000000000001ff90                Fir_gptpGetPulseIntf
                0x000000000001ffd0                Fir_gptp1588v2ConfigSetIntf
                0x000000000001ffd4                Fir_gptp8021asConfigSetIntf
                0x000000000001ffe0                Fir_gptp8021asRevConfigSetIntf
 *fill*         0x000000000001ffe4        0xc 1f2003d5
 .text          0x000000000001fff0      0xc40 /home/root/UMSD_v7.0.0/obj/dev/fir/src/api/msdDrv_obj/Fir_msdLed.o
                0x0000000000020224                Fir_gledForceOn
                0x00000000000202e0                Fir_gledForceOff
                0x00000000000203a0                Fir_gledLinkAct
                0x00000000000204a0                Fir_gledModeSet
                0x0000000000020590                Fir_gledModeGet
                0x0000000000020604                Fir_gledBlinkRateSet
                0x0000000000020690                Fir_gledBlinkRateGet
                0x0000000000020720                Fir_gledPulseStretchSet
                0x00000000000207a4                Fir_gledPulseStretchGet
                0x0000000000020824                Fir_gledSpecialModeSet
                0x00000000000208c0                Fir_gledSpecialModeGet
                0x0000000000020920                Fir_gledCtrlSet
                0x0000000000020944                Fir_gledCtrlGet
                0x00000000000209a4                Fir_gledDump
 .text          0x0000000000020c30       0x64 /home/root/UMSD_v7.0.0/obj/dev/fir/src/api/msdDrv_obj/Fir_msdLedIntf.o
                0x0000000000020c30                Fir_gledForceOnIntf
                0x0000000000020c34                Fir_gledForceOffIntf
                0x0000000000020c40                Fir_gledLinkActIntf
                0x0000000000020c44                Fir_gledModeSetIntf
                0x0000000000020c50                Fir_gledModeGetIntf
                0x0000000000020c54                Fir_gledBlinkRateSetIntf
                0x0000000000020c60                Fir_gledBlinkRateGetIntf
                0x0000000000020c64                Fir_gledPulseStretchSetIntf
                0x0000000000020c70                Fir_gledPulseStretchGetIntf
                0x0000000000020c74                Fir_gledSpecialModeSetIntf
                0x0000000000020c80                Fir_gledSpecialModeGetIntf
                0x0000000000020c84                Fir_gledCtrlSetIntf
                0x0000000000020c90                Fir_gledCtrlGetIntf
 *fill*         0x0000000000020c94        0xc 1f2003d5
 .text          0x0000000000020ca0      0x164 /home/root/UMSD_v7.0.0/obj/dev/fir/src/api/msdDrv_obj/Fir_msdTCAMRCCompIntf.o
                0x0000000000020ca0                Fir_gtcamRCCompLoadIntf
                0x0000000000020d50                Fir_gtcamRCCompReadIntf
 *fill*         0x0000000000020e04        0xc 1f2003d5
 .text          0x0000000000020e10      0x3f0 /home/root/UMSD_v7.0.0/obj/dev/fir/src/api/msdDrv_obj/Fir_msdEEPROM.o
                0x0000000000020e10                Fir_EEPROMWrite
                0x0000000000020f10                Fir_EEPROMRead
                0x0000000000021030                Fir_EEPROMChipSelSet
                0x0000000000021100                Fir_EEPROMChipSelGet
 .text          0x0000000000021200       0x18 /home/root/UMSD_v7.0.0/obj/dev/fir/src/api/msdDrv_obj/Fir_msdEEPROMIntf.o
                0x0000000000021200                Fir_EEPROMWriteIntf
                0x0000000000021204                Fir_EEPROMReadIntf
                0x0000000000021210                Fir_EEPROMChipSelSetIntf
                0x0000000000021214                Fir_EEPROMChipSelGetIntf
 *fill*         0x0000000000021218        0x8 1f2003d5
 .text          0x0000000000021220      0xdac /home/root/UMSD_v7.0.0/obj/dev/fir/src/api/msdDrv_obj/Fir_msdQcr.o
                0x00000000000218b0                Fir_gatsFlushAll
                0x00000000000218c0                Fir_gatsFlushOne
                0x00000000000218e0                Fir_gatsSetGrpId
                0x0000000000021980                Fir_gatsGetGrpId
                0x0000000000021a30                Fir_gatsSetCbsLimit
                0x0000000000021ad0                Fir_gatsGetCbsLimit
                0x0000000000021b64                Fir_gatsSetRateLimit
                0x0000000000021cd0                Fir_gatsGetRateLimit
                0x0000000000021d74                Fir_gatsSetMaxResidenceTime
                0x0000000000021e20                Fir_gatsGetMaxResidenceTime
                0x0000000000021eb0                Fir_gatsSetQueueEnables
                0x0000000000021f30                Fir_gatsGetQueueEnables
 *fill*         0x0000000000021fcc        0x4 1f2003d5
 .text          0x0000000000021fd0     0x2378 /home/root/UMSD_v7.0.0/obj/dev/fir/src/api/msdDrv_obj/Fir_msdQci.o
                0x00000000000226d0                Fir_gqciStreamFiltFlushAll
                0x0000000000022724                Fir_gqciStreamFiltSet
                0x0000000000022870                Fir_gqciStreamFiltBlockStatSet
                0x0000000000022974                Fir_gqciStreamFiltBlockStatGet
                0x0000000000022a40                Fir_gqciStreamFiltEnAts
                0x0000000000022b50                Fir_gqciStreamFiltEnGate
                0x0000000000022c60                Fir_gqciStreamFiltMatchCtrGet
                0x0000000000022d20                Fir_gqciStreamFiltFilterCtrGet
                0x0000000000022de0                Fir_gqciStreamGateFiltCtrGet
                0x0000000000022ea0                Fir_gqciFlowMeterFiltCtrGet
                0x0000000000022f60                Fir_gqciStreamGateFlushAll
                0x0000000000022fb4                Fir_gqciStreamGateDefStateSet
                0x00000000000230e4                Fir_gqciStreamGateScaleSet
                0x0000000000023200                Fir_gqciStreamGateTimeGenIdSet
                0x0000000000023310                Fir_gqciStreamGateEntryAdd
                0x0000000000023590                Fir_gqciStreamGateTimeGenFlush
                0x0000000000023640                Fir_gqciStreamGateTimeGenSet
                0x00000000000237f0                Fir_gqciFlowMeterFlushAll
                0x0000000000023844                Fir_gqciFlowMeterCoupleFlagSet
                0x0000000000023950                Fir_gqciFlowMeterCoupleFlagGet
                0x0000000000023a24                Fir_gqciFlowMeterDropOnYelSet
                0x0000000000023b30                Fir_gqciFlowMeterDropOnYelGet
                0x0000000000023c04                Fir_gqciFlowMeterRedBlockEnSet
                0x0000000000023d10                Fir_gqciFlowMeterRedBlockEnGet
                0x0000000000023de4                Fir_gqciFlowMeterRedBlkStatSet
                0x0000000000023ef0                Fir_gqciFlowMeterRedBlkStatGet
                0x0000000000023fc4                Fir_gqciFlowMeterAdvConfig
 *fill*         0x0000000000024348        0x8 1f2003d5
 .text          0x0000000000024350       0x84 /home/root/UMSD_v7.0.0/obj/dev/fir/src/api/msdDrv_obj/Fir_msdQciIntf.o
                0x0000000000024350                Fir_gqciStreamGateEntryAddIntf
 *fill*         0x00000000000243d4        0xc 1f2003d5
 .text          0x00000000000243e0     0x4254 /home/root/UMSD_v7.0.0/obj/dev/fir/src/api/msdDrv_obj/Fir_msdMACSec.o
                0x00000000000243e0                Fir_gmacsecRead
                0x00000000000250d4                Fir_gmacsecWrite
                0x00000000000262b4                Fir_gmacsecFlushAll
                0x00000000000263d0                Fir_gmacsecCreateRule
                0x00000000000264a0                Fir_gmacsecDeleteRule
                0x0000000000026500                Fir_gmacsecGetRule
                0x00000000000265c0                Fir_gmacsecCreateRxSecY
                0x0000000000026650                Fir_gmacsecCreateTxSecY
                0x00000000000266e0                Fir_gmacsecDeleteTxSecY
                0x0000000000026710                Fir_gmacsecDeleteRxSecY
                0x0000000000026740                Fir_gmacsecGetTxSecY
                0x00000000000267c4                Fir_gmacsecGetRxSecY
                0x0000000000026850                Fir_gmacsecCreateRxSC
                0x00000000000268e0                Fir_gmacsecDeleteRxSC
                0x0000000000026910                Fir_gmacsecGetRxSC
                0x0000000000026994                Fir_gmacsecCreateTxSC
                0x0000000000026a20                Fir_gmacsecDeleteTxSC
                0x0000000000026a50                Fir_gmacsecGetTxSC
                0x0000000000026ad4                Fir_gmacsecCreateRxSA
                0x0000000000026b80                Fir_gmacsecDeleteRxSA
                0x0000000000026bb0                Fir_gmacsecGetRxSA
                0x0000000000026c50                Fir_gmacsecCreateTxSA
                0x0000000000026cf0                Fir_gmacsecDeleteTxSA
                0x0000000000026d20                Fir_gmacsecGetTxSA
                0x0000000000026dc0                Fir_gmacsecGetTXSecYStates
                0x00000000000270e4                Fir_gmacsecGetTXSCStates
                0x0000000000027214                Fir_gmacsecGetRXSecYStates
                0x00000000000275a0                Fir_gmacsecGetRXSCStates
                0x0000000000027780                Fir_gmacsecSetTxPNThreshold
                0x00000000000277e0                Fir_gmacsecGetTxPNThreshold
                0x0000000000027860                Fir_gmacsecSetTxXPNThreshold
                0x0000000000027910                Fir_gmacsecGetTxXPNThreshold
                0x00000000000279e0                Fir_gmacsecSetRxDefaultSCI
                0x0000000000027ac0                Fir_gmacsecGetRxDefaultSCI
                0x0000000000027bd0                Fir_gmacsecSetTxSCIntCtrl
                0x0000000000027de0                Fir_gmacsecGetTxSCIntCtrl
                0x0000000000027fd0                Fir_gmacsecGetNextTxSCIntStatus
                0x00000000000281e0                Fir_gmacsecEnableIngressSet
                0x00000000000282d0                Fir_gmacsecEnableEgressSet
                0x00000000000283c4                Fir_gmacsecEnableIngressGet
                0x0000000000028470                Fir_gmacsecEnableEgressGet
                0x0000000000028520                Fir_gmacsecGetEvent
 *fill*         0x0000000000028634        0xc 1f2003d5
 .text          0x0000000000028640      0xc30 /home/root/UMSD_v7.0.0/obj/dev/fir/src/api/msdDrv_obj/Fir_msdMACSecIntf.o
                0x0000000000028640                Fir_gmacsecGetEventIntf
                0x00000000000286a0                Fir_gmacsecCreateRuleIntf
                0x0000000000028770                Fir_gmacsecGetRuleIntf
                0x0000000000028900                Fir_gmacsecCreateTxSecYIntf
                0x0000000000028980                Fir_gmacsecCreateRxSecYIntf
                0x00000000000289f0                Fir_gmacsecGetTxSecYIntf
                0x0000000000028a74                Fir_gmacsecGetRxSecYIntf
                0x0000000000028af0                Fir_gmacsecCreateRxSCIntf
                0x0000000000028b60                Fir_gmacsecGetRxSCIntf
                0x0000000000028bd0                Fir_gmacsecCreateRxSAIntf
                0x0000000000028c60                Fir_gmacsecGetRxSAIntf
                0x0000000000028cf4                Fir_gmacsecCreateTxSCIntf
                0x0000000000028d70                Fir_gmacsecGetTxSCIntf
                0x0000000000028df0                Fir_gmacsecCreateTxSAIntf
                0x0000000000028e80                Fir_gmacsecGetTxSAIntf
                0x0000000000028f14                Fir_gmacsecGetRXSCStatesIntf
                0x0000000000028f90                Fir_gmacsecGetRXSecYStatesIntf
                0x0000000000029030                Fir_gmacsecGetTXSCStatesIntf
                0x00000000000290a0                Fir_gmacsecGetTXSecYStatesIntf
                0x0000000000029130                Fir_gmacsecSetTxSCIntCtrlIntf
                0x0000000000029190                Fir_gmacsecGetTxSCIntCtrlIntf
                0x00000000000291f0                Fir_gmacsecGetNextTxSCIntStatusIntf
 *(.gnu.warning)

.fini
 *(SORT_NONE(.fini))

.rodata         0x0000000000000000     0x1230
 *(.rodata)
 .rodata        0x0000000000000000        0xc /home/root/UMSD_v7.0.0/obj/dev/fir/src/api/msdDrv_obj/Fir_msdPolicy.o
 *fill*         0x000000000000000c        0x4 
 .rodata        0x0000000000000010      0x610 /home/root/UMSD_v7.0.0/obj/dev/fir/src/api/msdDrv_obj/Fir_msdPortCtrl.o
 .rodata        0x0000000000000620      0xc00 /home/root/UMSD_v7.0.0/obj/dev/fir/src/api/msdDrv_obj/Fir_msdSysCtrl.o
 .rodata        0x0000000000001220       0x10 /home/root/UMSD_v7.0.0/obj/dev/fir/src/api/msdDrv_obj/Fir_msdPTP.o

.rodata.str1.8  0x0000000000000000     0x42ad
 .rodata.str1.8
                0x0000000000000000      0x7ba /home/root/UMSD_v7.0.0/obj/dev/fir/src/api/msdDrv_obj/Fir_msdTCAM.o
 *fill*         0x00000000000007ba        0x6 
 .rodata.str1.8
                0x00000000000007c0      0x662 /home/root/UMSD_v7.0.0/obj/dev/fir/src/api/msdDrv_obj/Fir_msdTCAMRC.o
 *fill*         0x0000000000000e22        0x6 
 .rodata.str1.8
                0x0000000000000e28     0x21d1 /home/root/UMSD_v7.0.0/obj/dev/fir/src/api/msdDrv_obj/Fir_msdPolicy.o
 *fill*         0x0000000000002ff9        0x7 
 .rodata.str1.8
                0x0000000000003000      0x21a /home/root/UMSD_v7.0.0/obj/dev/fir/src/api/msdDrv_obj/Fir_msdBrgVtu.o
 *fill*         0x000000000000321a        0x6 
 .rodata.str1.8
                0x0000000000003220       0x92 /home/root/UMSD_v7.0.0/obj/dev/fir/src/api/msdDrv_obj/Fir_msdBrgStu.o
 *fill*         0x00000000000032b2        0x6 
 .rodata.str1.8
                0x00000000000032b8      0xa52 /home/root/UMSD_v7.0.0/obj/dev/fir/src/api/msdDrv_obj/Fir_msdPortRmon.o
 *fill*         0x0000000000003d0a        0x6 
 .rodata.str1.8
                0x0000000000003d10       0x4b /home/root/UMSD_v7.0.0/obj/dev/fir/src/api/msdDrv_obj/Fir_msdPortCtrl.o
 *fill*         0x0000000000003d5b        0x5 
 .rodata.str1.8
                0x0000000000003d60      0x117 /home/root/UMSD_v7.0.0/obj/dev/fir/src/api/msdDrv_obj/Fir_msdEcid.o
 *fill*         0x0000000000003e77        0x1 
 .rodata.str1.8
                0x0000000000003e78       0x93 /home/root/UMSD_v7.0.0/obj/dev/fir/src/api/msdDrv_obj/Fir_msdSysCtrl.o
 *fill*         0x0000000000003f0b        0x5 
 .rodata.str1.8
                0x0000000000003f10      0x112 /home/root/UMSD_v7.0.0/obj/dev/fir/src/api/msdDrv_obj/Fir_msdBrgFdbIntf.o
 *fill*         0x0000000000004022        0x6 
 .rodata.str1.8
                0x0000000000004028      0x285 /home/root/UMSD_v7.0.0/obj/dev/fir/src/api/msdDrv_obj/Fir_msdLed.o

.rodata1
 *(.rodata1)

.eh_frame_hdr
 *(.eh_frame_hdr)

.eh_frame       0x0000000000000000     0x96d4
 *(.eh_frame)
 .eh_frame      0x0000000000000000      0x4b8 /home/root/UMSD_v7.0.0/obj/dev/fir/src/api/msdDrv_obj/Fir_msdTCAM.o
 .eh_frame      0x00000000000004b8      0x278 /home/root/UMSD_v7.0.0/obj/dev/fir/src/api/msdDrv_obj/Fir_msdTCAMRC.o
 .eh_frame      0x0000000000000730      0x150 /home/root/UMSD_v7.0.0/obj/dev/fir/src/api/msdDrv_obj/Fir_msdTCAMRCComp.o
 .eh_frame      0x0000000000000880      0x4b0 /home/root/UMSD_v7.0.0/obj/dev/fir/src/api/msdDrv_obj/Fir_msdBrgFdb.o
 .eh_frame      0x0000000000000d30      0xac0 /home/root/UMSD_v7.0.0/obj/dev/fir/src/api/msdDrv_obj/Fir_msdPolicy.o
 .eh_frame      0x00000000000017f0      0x290 /home/root/UMSD_v7.0.0/obj/dev/fir/src/api/msdDrv_obj/Fir_msdBrgVtu.o
 .eh_frame      0x0000000000001a80      0x128 /home/root/UMSD_v7.0.0/obj/dev/fir/src/api/msdDrv_obj/Fir_msdArp.o
 .eh_frame      0x0000000000001ba8      0x1a0 /home/root/UMSD_v7.0.0/obj/dev/fir/src/api/msdDrv_obj/Fir_msdBrgStu.o
 .eh_frame      0x0000000000001d48      0x1b8 /home/root/UMSD_v7.0.0/obj/dev/fir/src/api/msdDrv_obj/Fir_msdPIRL.o
 .eh_frame      0x0000000000001f00      0x1b8 /home/root/UMSD_v7.0.0/obj/dev/fir/src/api/msdDrv_obj/Fir_msdPortRmon.o
 .eh_frame      0x00000000000020b8     0x1720 /home/root/UMSD_v7.0.0/obj/dev/fir/src/api/msdDrv_obj/Fir_msdPortCtrl.o
 .eh_frame      0x00000000000037d8      0x2b8 /home/root/UMSD_v7.0.0/obj/dev/fir/src/api/msdDrv_obj/Fir_msdEcid.o
 .eh_frame      0x0000000000003a90      0x348 /home/root/UMSD_v7.0.0/obj/dev/fir/src/api/msdDrv_obj/Fir_msdPortPrioMap.o
 .eh_frame      0x0000000000003dd8      0x1d8 /home/root/UMSD_v7.0.0/obj/dev/fir/src/api/msdDrv_obj/Fir_msdQueueCtrl.o
 .eh_frame      0x0000000000003fb0      0x4f0 /home/root/UMSD_v7.0.0/obj/dev/fir/src/api/msdDrv_obj/Fir_msdSysCtrl.o
 .eh_frame      0x00000000000044a0       0x40 /home/root/UMSD_v7.0.0/obj/dev/fir/src/api/msdDrv_obj/Fir_msdPhyCtrl.o
 .eh_frame      0x00000000000044e0      0x5c8 /home/root/UMSD_v7.0.0/obj/dev/fir/src/api/msdDrv_obj/Fir_msdRMU.o
 .eh_frame      0x0000000000004aa8      0x1f0 /home/root/UMSD_v7.0.0/obj/dev/fir/src/api/msdDrv_obj/Fir_msdTCAMIntf.o
 .eh_frame      0x0000000000004c98      0x6f8 /home/root/UMSD_v7.0.0/obj/dev/fir/src/api/msdDrv_obj/Fir_msdFRER.o
 .eh_frame      0x0000000000005390      0x2f0 /home/root/UMSD_v7.0.0/obj/dev/fir/src/api/msdDrv_obj/Fir_msdFRERIntf.o
 .eh_frame      0x0000000000005680      0x1b0 /home/root/UMSD_v7.0.0/obj/dev/fir/src/api/msdDrv_obj/Fir_msdBrgFdbIntf.o
 .eh_frame      0x0000000000005830      0x2a0 /home/root/UMSD_v7.0.0/obj/dev/fir/src/api/msdDrv_obj/Fir_msdBrgVtuIntf.o
 .eh_frame      0x0000000000005ad0      0x110 /home/root/UMSD_v7.0.0/obj/dev/fir/src/api/msdDrv_obj/Fir_msdBrgStuIntf.o
 .eh_frame      0x0000000000005be0      0x150 /home/root/UMSD_v7.0.0/obj/dev/fir/src/api/msdDrv_obj/Fir_msdPIRLIntf.o
 .eh_frame      0x0000000000005d30      0x128 /home/root/UMSD_v7.0.0/obj/dev/fir/src/api/msdDrv_obj/Fir_msdQav.o
 .eh_frame      0x0000000000005e58       0xb0 /home/root/UMSD_v7.0.0/obj/dev/fir/src/api/msdDrv_obj/Fir_msdArpIntf.o
 .eh_frame      0x0000000000005f08       0x80 /home/root/UMSD_v7.0.0/obj/dev/fir/src/api/msdDrv_obj/Fir_msdPortRmonIntf.o
 .eh_frame      0x0000000000005f88      0x388 /home/root/UMSD_v7.0.0/obj/dev/fir/src/api/msdDrv_obj/Fir_msdPortCtrlIntf.o
 .eh_frame      0x0000000000006310      0x108 /home/root/UMSD_v7.0.0/obj/dev/fir/src/api/msdDrv_obj/Fir_msdPortPrioMapIntf.o
 .eh_frame      0x0000000000006418       0xb0 /home/root/UMSD_v7.0.0/obj/dev/fir/src/api/msdDrv_obj/Fir_msdEcidIntf.o
 .eh_frame      0x00000000000064c8       0xe8 /home/root/UMSD_v7.0.0/obj/dev/fir/src/api/msdDrv_obj/Fir_msdQueueCtrlIntf.o
 .eh_frame      0x00000000000065b0       0xd8 /home/root/UMSD_v7.0.0/obj/dev/fir/src/api/msdDrv_obj/Fir_msdTCAMRCIntf.o
 .eh_frame      0x0000000000006688      0x1b0 /home/root/UMSD_v7.0.0/obj/dev/fir/src/api/msdDrv_obj/Fir_msdRMUIntf.o
 .eh_frame      0x0000000000006838      0x9f0 /home/root/UMSD_v7.0.0/obj/dev/fir/src/api/msdDrv_obj/Fir_msdPTP.o
 .eh_frame      0x0000000000007228      0x188 /home/root/UMSD_v7.0.0/obj/dev/fir/src/api/msdDrv_obj/Fir_msdPTPIntf.o
 .eh_frame      0x00000000000073b0      0x3a0 /home/root/UMSD_v7.0.0/obj/dev/fir/src/api/msdDrv_obj/Fir_msdLed.o
 .eh_frame      0x0000000000007750      0x118 /home/root/UMSD_v7.0.0/obj/dev/fir/src/api/msdDrv_obj/Fir_msdLedIntf.o
 .eh_frame      0x0000000000007868       0x60 /home/root/UMSD_v7.0.0/obj/dev/fir/src/api/msdDrv_obj/Fir_msdTCAMRCCompIntf.o
 .eh_frame      0x00000000000078c8       0xd0 /home/root/UMSD_v7.0.0/obj/dev/fir/src/api/msdDrv_obj/Fir_msdEEPROM.o
 .eh_frame      0x0000000000007998       0x68 /home/root/UMSD_v7.0.0/obj/dev/fir/src/api/msdDrv_obj/Fir_msdEEPROMIntf.o
 .eh_frame      0x0000000000007a00      0x3f0 /home/root/UMSD_v7.0.0/obj/dev/fir/src/api/msdDrv_obj/Fir_msdQcr.o
 .eh_frame      0x0000000000007df0      0x868 /home/root/UMSD_v7.0.0/obj/dev/fir/src/api/msdDrv_obj/Fir_msdQci.o
 .eh_frame      0x0000000000008658       0x48 /home/root/UMSD_v7.0.0/obj/dev/fir/src/api/msdDrv_obj/Fir_msdQciIntf.o
 .eh_frame      0x00000000000086a0      0xc40 /home/root/UMSD_v7.0.0/obj/dev/fir/src/api/msdDrv_obj/Fir_msdMACSec.o
 .eh_frame      0x00000000000092e0      0x3f4 /home/root/UMSD_v7.0.0/obj/dev/fir/src/api/msdDrv_obj/Fir_msdMACSecIntf.o
                                        0x3f8 (size before relaxing)

.gcc_except_table
 *(.gcc_except_table)

.gnu_extab
 *(.gnu_extab*)

.exception_ranges
 *(.exception_ranges)

.eh_frame
 *(.eh_frame)

.gnu_extab
 *(.gnu_extab)

.gcc_except_table
 *(.gcc_except_table)

.exception_ranges
 *(.exception_ranges)

.tdata
 *(.tdata)

.tbss
 *(.tbss)

.jcr
 *(.jcr)

.dynamic
 *(.dynamic)

.got
 *(.got)

.got.plt
 *(.got.plt)

.data           0x0000000000000000        0x0
 *(.data)
 .data          0x0000000000000000        0x0 /home/root/UMSD_v7.0.0/obj/dev/fir/src/api/msdDrv_obj/Fir_msdTCAM.o
 .data          0x0000000000000000        0x0 /home/root/UMSD_v7.0.0/obj/dev/fir/src/api/msdDrv_obj/Fir_msdTCAMRC.o
 .data          0x0000000000000000        0x0 /home/root/UMSD_v7.0.0/obj/dev/fir/src/api/msdDrv_obj/Fir_msdTCAMRCComp.o
 .data          0x0000000000000000        0x0 /home/root/UMSD_v7.0.0/obj/dev/fir/src/api/msdDrv_obj/Fir_msdBrgFdb.o
 .data          0x0000000000000000        0x0 /home/root/UMSD_v7.0.0/obj/dev/fir/src/api/msdDrv_obj/Fir_msdPolicy.o
 .data          0x0000000000000000        0x0 /home/root/UMSD_v7.0.0/obj/dev/fir/src/api/msdDrv_obj/Fir_msdBrgVtu.o
 .data          0x0000000000000000        0x0 /home/root/UMSD_v7.0.0/obj/dev/fir/src/api/msdDrv_obj/Fir_msdArp.o
 .data          0x0000000000000000        0x0 /home/root/UMSD_v7.0.0/obj/dev/fir/src/api/msdDrv_obj/Fir_msdBrgStu.o
 .data          0x0000000000000000        0x0 /home/root/UMSD_v7.0.0/obj/dev/fir/src/api/msdDrv_obj/Fir_msdPIRL.o
 .data          0x0000000000000000        0x0 /home/root/UMSD_v7.0.0/obj/dev/fir/src/api/msdDrv_obj/Fir_msdPortRmon.o
 .data          0x0000000000000000        0x0 /home/root/UMSD_v7.0.0/obj/dev/fir/src/api/msdDrv_obj/Fir_msdPortCtrl.o
 .data          0x0000000000000000        0x0 /home/root/UMSD_v7.0.0/obj/dev/fir/src/api/msdDrv_obj/Fir_msdEcid.o
 .data          0x0000000000000000        0x0 /home/root/UMSD_v7.0.0/obj/dev/fir/src/api/msdDrv_obj/Fir_msdPortPrioMap.o
 .data          0x0000000000000000        0x0 /home/root/UMSD_v7.0.0/obj/dev/fir/src/api/msdDrv_obj/Fir_msdQueueCtrl.o
 .data          0x0000000000000000        0x0 /home/root/UMSD_v7.0.0/obj/dev/fir/src/api/msdDrv_obj/Fir_msdSysCtrl.o
 .data          0x0000000000000000        0x0 /home/root/UMSD_v7.0.0/obj/dev/fir/src/api/msdDrv_obj/Fir_msdPhyCtrl.o
 .data          0x0000000000000000        0x0 /home/root/UMSD_v7.0.0/obj/dev/fir/src/api/msdDrv_obj/Fir_msdRMU.o
 .data          0x0000000000000000        0x0 /home/root/UMSD_v7.0.0/obj/dev/fir/src/api/msdDrv_obj/Fir_msdTCAMIntf.o
 .data          0x0000000000000000        0x0 /home/root/UMSD_v7.0.0/obj/dev/fir/src/api/msdDrv_obj/Fir_msdFRER.o
 .data          0x0000000000000000        0x0 /home/root/UMSD_v7.0.0/obj/dev/fir/src/api/msdDrv_obj/Fir_msdFRERIntf.o
 .data          0x0000000000000000        0x0 /home/root/UMSD_v7.0.0/obj/dev/fir/src/api/msdDrv_obj/Fir_msdBrgFdbIntf.o
 .data          0x0000000000000000        0x0 /home/root/UMSD_v7.0.0/obj/dev/fir/src/api/msdDrv_obj/Fir_msdBrgVtuIntf.o
 .data          0x0000000000000000        0x0 /home/root/UMSD_v7.0.0/obj/dev/fir/src/api/msdDrv_obj/Fir_msdBrgStuIntf.o
 .data          0x0000000000000000        0x0 /home/root/UMSD_v7.0.0/obj/dev/fir/src/api/msdDrv_obj/Fir_msdPIRLIntf.o
 .data          0x0000000000000000        0x0 /home/root/UMSD_v7.0.0/obj/dev/fir/src/api/msdDrv_obj/Fir_msdQav.o
 .data          0x0000000000000000        0x0 /home/root/UMSD_v7.0.0/obj/dev/fir/src/api/msdDrv_obj/Fir_msdArpIntf.o
 .data          0x0000000000000000        0x0 /home/root/UMSD_v7.0.0/obj/dev/fir/src/api/msdDrv_obj/Fir_msdPortRmonIntf.o
 .data          0x0000000000000000        0x0 /home/root/UMSD_v7.0.0/obj/dev/fir/src/api/msdDrv_obj/Fir_msdPortCtrlIntf.o
 .data          0x0000000000000000        0x0 /home/root/UMSD_v7.0.0/obj/dev/fir/src/api/msdDrv_obj/Fir_msdPortPrioMapIntf.o
 .data          0x0000000000000000        0x0 /home/root/UMSD_v7.0.0/obj/dev/fir/src/api/msdDrv_obj/Fir_msdEcidIntf.o
 .data          0x0000000000000000        0x0 /home/root/UMSD_v7.0.0/obj/dev/fir/src/api/msdDrv_obj/Fir_msdQueueCtrlIntf.o
 .data          0x0000000000000000        0x0 /home/root/UMSD_v7.0.0/obj/dev/fir/src/api/msdDrv_obj/Fir_msdSysCtrlIntf.o
 .data          0x0000000000000000        0x0 /home/root/UMSD_v7.0.0/obj/dev/fir/src/api/msdDrv_obj/Fir_msdPhyCtrlIntf.o
 .data          0x0000000000000000        0x0 /home/root/UMSD_v7.0.0/obj/dev/fir/src/api/msdDrv_obj/Fir_msdPolicyIntf.o
 .data          0x0000000000000000        0x0 /home/root/UMSD_v7.0.0/obj/dev/fir/src/api/msdDrv_obj/Fir_msdTCAMRCIntf.o
 .data          0x0000000000000000        0x0 /home/root/UMSD_v7.0.0/obj/dev/fir/src/api/msdDrv_obj/Fir_msdRMUIntf.o
 .data          0x0000000000000000        0x0 /home/root/UMSD_v7.0.0/obj/dev/fir/src/api/msdDrv_obj/Fir_msdPTP.o
 .data          0x0000000000000000        0x0 /home/root/UMSD_v7.0.0/obj/dev/fir/src/api/msdDrv_obj/Fir_msdPTPIntf.o
 .data          0x0000000000000000        0x0 /home/root/UMSD_v7.0.0/obj/dev/fir/src/api/msdDrv_obj/Fir_msdLed.o
 .data          0x0000000000000000        0x0 /home/root/UMSD_v7.0.0/obj/dev/fir/src/api/msdDrv_obj/Fir_msdLedIntf.o
 .data          0x0000000000000000        0x0 /home/root/UMSD_v7.0.0/obj/dev/fir/src/api/msdDrv_obj/Fir_msdTCAMRCCompIntf.o
 .data          0x0000000000000000        0x0 /home/root/UMSD_v7.0.0/obj/dev/fir/src/api/msdDrv_obj/Fir_msdEEPROM.o
 .data          0x0000000000000000        0x0 /home/root/UMSD_v7.0.0/obj/dev/fir/src/api/msdDrv_obj/Fir_msdEEPROMIntf.o
 .data          0x0000000000000000        0x0 /home/root/UMSD_v7.0.0/obj/dev/fir/src/api/msdDrv_obj/Fir_msdQcr.o
 .data          0x0000000000000000        0x0 /home/root/UMSD_v7.0.0/obj/dev/fir/src/api/msdDrv_obj/Fir_msdQci.o
 .data          0x0000000000000000        0x0 /home/root/UMSD_v7.0.0/obj/dev/fir/src/api/msdDrv_obj/Fir_msdQciIntf.o
 .data          0x0000000000000000        0x0 /home/root/UMSD_v7.0.0/obj/dev/fir/src/api/msdDrv_obj/Fir_msdMACSec.o
 .data          0x0000000000000000        0x0 /home/root/UMSD_v7.0.0/obj/dev/fir/src/api/msdDrv_obj/Fir_msdMACSecIntf.o

.data1
 *(.data1)

.bss            0x0000000000000000      0x298
 *(.bss)
 .bss           0x0000000000000000        0x0 /home/root/UMSD_v7.0.0/obj/dev/fir/src/api/msdDrv_obj/Fir_msdTCAM.o
 .bss           0x0000000000000000        0x0 /home/root/UMSD_v7.0.0/obj/dev/fir/src/api/msdDrv_obj/Fir_msdTCAMRC.o
 .bss           0x0000000000000000        0x0 /home/root/UMSD_v7.0.0/obj/dev/fir/src/api/msdDrv_obj/Fir_msdTCAMRCComp.o
 .bss           0x0000000000000000        0x0 /home/root/UMSD_v7.0.0/obj/dev/fir/src/api/msdDrv_obj/Fir_msdBrgFdb.o
 .bss           0x0000000000000000        0x0 /home/root/UMSD_v7.0.0/obj/dev/fir/src/api/msdDrv_obj/Fir_msdPolicy.o
 .bss           0x0000000000000000        0x0 /home/root/UMSD_v7.0.0/obj/dev/fir/src/api/msdDrv_obj/Fir_msdBrgVtu.o
 .bss           0x0000000000000000        0x0 /home/root/UMSD_v7.0.0/obj/dev/fir/src/api/msdDrv_obj/Fir_msdArp.o
 .bss           0x0000000000000000        0x0 /home/root/UMSD_v7.0.0/obj/dev/fir/src/api/msdDrv_obj/Fir_msdBrgStu.o
 .bss           0x0000000000000000        0x0 /home/root/UMSD_v7.0.0/obj/dev/fir/src/api/msdDrv_obj/Fir_msdPIRL.o
 .bss           0x0000000000000000        0x0 /home/root/UMSD_v7.0.0/obj/dev/fir/src/api/msdDrv_obj/Fir_msdPortRmon.o
 .bss           0x0000000000000000        0x0 /home/root/UMSD_v7.0.0/obj/dev/fir/src/api/msdDrv_obj/Fir_msdPortCtrl.o
 .bss           0x0000000000000000        0x0 /home/root/UMSD_v7.0.0/obj/dev/fir/src/api/msdDrv_obj/Fir_msdEcid.o
 .bss           0x0000000000000000        0x0 /home/root/UMSD_v7.0.0/obj/dev/fir/src/api/msdDrv_obj/Fir_msdPortPrioMap.o
 .bss           0x0000000000000000        0x0 /home/root/UMSD_v7.0.0/obj/dev/fir/src/api/msdDrv_obj/Fir_msdQueueCtrl.o
 .bss           0x0000000000000000        0x0 /home/root/UMSD_v7.0.0/obj/dev/fir/src/api/msdDrv_obj/Fir_msdSysCtrl.o
 .bss           0x0000000000000000        0x0 /home/root/UMSD_v7.0.0/obj/dev/fir/src/api/msdDrv_obj/Fir_msdPhyCtrl.o
 .bss           0x0000000000000000        0x0 /home/root/UMSD_v7.0.0/obj/dev/fir/src/api/msdDrv_obj/Fir_msdRMU.o
 .bss           0x0000000000000000        0x0 /home/root/UMSD_v7.0.0/obj/dev/fir/src/api/msdDrv_obj/Fir_msdTCAMIntf.o
 .bss           0x0000000000000000        0x0 /home/root/UMSD_v7.0.0/obj/dev/fir/src/api/msdDrv_obj/Fir_msdFRER.o
 .bss           0x0000000000000000        0x0 /home/root/UMSD_v7.0.0/obj/dev/fir/src/api/msdDrv_obj/Fir_msdFRERIntf.o
 .bss           0x0000000000000000        0x0 /home/root/UMSD_v7.0.0/obj/dev/fir/src/api/msdDrv_obj/Fir_msdBrgFdbIntf.o
 .bss           0x0000000000000000        0x0 /home/root/UMSD_v7.0.0/obj/dev/fir/src/api/msdDrv_obj/Fir_msdBrgVtuIntf.o
 .bss           0x0000000000000000        0x0 /home/root/UMSD_v7.0.0/obj/dev/fir/src/api/msdDrv_obj/Fir_msdBrgStuIntf.o
 .bss           0x0000000000000000        0x0 /home/root/UMSD_v7.0.0/obj/dev/fir/src/api/msdDrv_obj/Fir_msdPIRLIntf.o
 .bss           0x0000000000000000        0x0 /home/root/UMSD_v7.0.0/obj/dev/fir/src/api/msdDrv_obj/Fir_msdQav.o
 .bss           0x0000000000000000        0x0 /home/root/UMSD_v7.0.0/obj/dev/fir/src/api/msdDrv_obj/Fir_msdArpIntf.o
 .bss           0x0000000000000000        0x0 /home/root/UMSD_v7.0.0/obj/dev/fir/src/api/msdDrv_obj/Fir_msdPortRmonIntf.o
 .bss           0x0000000000000000        0x0 /home/root/UMSD_v7.0.0/obj/dev/fir/src/api/msdDrv_obj/Fir_msdPortCtrlIntf.o
 .bss           0x0000000000000000        0x0 /home/root/UMSD_v7.0.0/obj/dev/fir/src/api/msdDrv_obj/Fir_msdPortPrioMapIntf.o
 .bss           0x0000000000000000        0x0 /home/root/UMSD_v7.0.0/obj/dev/fir/src/api/msdDrv_obj/Fir_msdEcidIntf.o
 .bss           0x0000000000000000        0x0 /home/root/UMSD_v7.0.0/obj/dev/fir/src/api/msdDrv_obj/Fir_msdQueueCtrlIntf.o
 .bss           0x0000000000000000        0x0 /home/root/UMSD_v7.0.0/obj/dev/fir/src/api/msdDrv_obj/Fir_msdSysCtrlIntf.o
 .bss           0x0000000000000000        0x0 /home/root/UMSD_v7.0.0/obj/dev/fir/src/api/msdDrv_obj/Fir_msdPhyCtrlIntf.o
 .bss           0x0000000000000000        0x0 /home/root/UMSD_v7.0.0/obj/dev/fir/src/api/msdDrv_obj/Fir_msdPolicyIntf.o
 .bss           0x0000000000000000        0x0 /home/root/UMSD_v7.0.0/obj/dev/fir/src/api/msdDrv_obj/Fir_msdTCAMRCIntf.o
 .bss           0x0000000000000000        0x0 /home/root/UMSD_v7.0.0/obj/dev/fir/src/api/msdDrv_obj/Fir_msdRMUIntf.o
 .bss           0x0000000000000000        0x0 /home/root/UMSD_v7.0.0/obj/dev/fir/src/api/msdDrv_obj/Fir_msdPTP.o
 .bss           0x0000000000000000        0x0 /home/root/UMSD_v7.0.0/obj/dev/fir/src/api/msdDrv_obj/Fir_msdPTPIntf.o
 .bss           0x0000000000000000        0x0 /home/root/UMSD_v7.0.0/obj/dev/fir/src/api/msdDrv_obj/Fir_msdLed.o
 .bss           0x0000000000000000        0x0 /home/root/UMSD_v7.0.0/obj/dev/fir/src/api/msdDrv_obj/Fir_msdLedIntf.o
 .bss           0x0000000000000000        0x0 /home/root/UMSD_v7.0.0/obj/dev/fir/src/api/msdDrv_obj/Fir_msdTCAMRCCompIntf.o
 .bss           0x0000000000000000        0x0 /home/root/UMSD_v7.0.0/obj/dev/fir/src/api/msdDrv_obj/Fir_msdEEPROM.o
 .bss           0x0000000000000000        0x0 /home/root/UMSD_v7.0.0/obj/dev/fir/src/api/msdDrv_obj/Fir_msdEEPROMIntf.o
 .bss           0x0000000000000000        0x0 /home/root/UMSD_v7.0.0/obj/dev/fir/src/api/msdDrv_obj/Fir_msdQcr.o
 .bss           0x0000000000000000        0x0 /home/root/UMSD_v7.0.0/obj/dev/fir/src/api/msdDrv_obj/Fir_msdQci.o
 .bss           0x0000000000000000        0x0 /home/root/UMSD_v7.0.0/obj/dev/fir/src/api/msdDrv_obj/Fir_msdQciIntf.o
 .bss           0x0000000000000000      0x298 /home/root/UMSD_v7.0.0/obj/dev/fir/src/api/msdDrv_obj/Fir_msdMACSec.o
 .bss           0x0000000000000298        0x0 /home/root/UMSD_v7.0.0/obj/dev/fir/src/api/msdDrv_obj/Fir_msdMACSecIntf.o

.stab
 *(.stab)

.stabstr
 *(.stabstr)

.stab.excl
 *(.stab.excl)

.stab.exclstr
 *(.stab.exclstr)

.stab.index
 *(.stab.index)

.stab.indexstr
 *(.stab.indexstr)

.comment        0x0000000000000000      0x390
 *(.comment)
 .comment       0x0000000000000000       0x13 /home/root/UMSD_v7.0.0/obj/dev/fir/src/api/msdDrv_obj/Fir_msdTCAM.o
 .comment       0x0000000000000013       0x13 /home/root/UMSD_v7.0.0/obj/dev/fir/src/api/msdDrv_obj/Fir_msdTCAMRC.o
 .comment       0x0000000000000026       0x13 /home/root/UMSD_v7.0.0/obj/dev/fir/src/api/msdDrv_obj/Fir_msdTCAMRCComp.o
 .comment       0x0000000000000039       0x13 /home/root/UMSD_v7.0.0/obj/dev/fir/src/api/msdDrv_obj/Fir_msdBrgFdb.o
 .comment       0x000000000000004c       0x13 /home/root/UMSD_v7.0.0/obj/dev/fir/src/api/msdDrv_obj/Fir_msdPolicy.o
 .comment       0x000000000000005f       0x13 /home/root/UMSD_v7.0.0/obj/dev/fir/src/api/msdDrv_obj/Fir_msdBrgVtu.o
 .comment       0x0000000000000072       0x13 /home/root/UMSD_v7.0.0/obj/dev/fir/src/api/msdDrv_obj/Fir_msdArp.o
 .comment       0x0000000000000085       0x13 /home/root/UMSD_v7.0.0/obj/dev/fir/src/api/msdDrv_obj/Fir_msdBrgStu.o
 .comment       0x0000000000000098       0x13 /home/root/UMSD_v7.0.0/obj/dev/fir/src/api/msdDrv_obj/Fir_msdPIRL.o
 .comment       0x00000000000000ab       0x13 /home/root/UMSD_v7.0.0/obj/dev/fir/src/api/msdDrv_obj/Fir_msdPortRmon.o
 .comment       0x00000000000000be       0x13 /home/root/UMSD_v7.0.0/obj/dev/fir/src/api/msdDrv_obj/Fir_msdPortCtrl.o
 .comment       0x00000000000000d1       0x13 /home/root/UMSD_v7.0.0/obj/dev/fir/src/api/msdDrv_obj/Fir_msdEcid.o
 .comment       0x00000000000000e4       0x13 /home/root/UMSD_v7.0.0/obj/dev/fir/src/api/msdDrv_obj/Fir_msdPortPrioMap.o
 .comment       0x00000000000000f7       0x13 /home/root/UMSD_v7.0.0/obj/dev/fir/src/api/msdDrv_obj/Fir_msdQueueCtrl.o
 .comment       0x000000000000010a       0x13 /home/root/UMSD_v7.0.0/obj/dev/fir/src/api/msdDrv_obj/Fir_msdSysCtrl.o
 .comment       0x000000000000011d       0x13 /home/root/UMSD_v7.0.0/obj/dev/fir/src/api/msdDrv_obj/Fir_msdPhyCtrl.o
 .comment       0x0000000000000130       0x13 /home/root/UMSD_v7.0.0/obj/dev/fir/src/api/msdDrv_obj/Fir_msdRMU.o
 .comment       0x0000000000000143       0x13 /home/root/UMSD_v7.0.0/obj/dev/fir/src/api/msdDrv_obj/Fir_msdTCAMIntf.o
 .comment       0x0000000000000156       0x13 /home/root/UMSD_v7.0.0/obj/dev/fir/src/api/msdDrv_obj/Fir_msdFRER.o
 .comment       0x0000000000000169       0x13 /home/root/UMSD_v7.0.0/obj/dev/fir/src/api/msdDrv_obj/Fir_msdFRERIntf.o
 .comment       0x000000000000017c       0x13 /home/root/UMSD_v7.0.0/obj/dev/fir/src/api/msdDrv_obj/Fir_msdBrgFdbIntf.o
 .comment       0x000000000000018f       0x13 /home/root/UMSD_v7.0.0/obj/dev/fir/src/api/msdDrv_obj/Fir_msdBrgVtuIntf.o
 .comment       0x00000000000001a2       0x13 /home/root/UMSD_v7.0.0/obj/dev/fir/src/api/msdDrv_obj/Fir_msdBrgStuIntf.o
 .comment       0x00000000000001b5       0x13 /home/root/UMSD_v7.0.0/obj/dev/fir/src/api/msdDrv_obj/Fir_msdPIRLIntf.o
 .comment       0x00000000000001c8       0x13 /home/root/UMSD_v7.0.0/obj/dev/fir/src/api/msdDrv_obj/Fir_msdQav.o
 .comment       0x00000000000001db       0x13 /home/root/UMSD_v7.0.0/obj/dev/fir/src/api/msdDrv_obj/Fir_msdArpIntf.o
 .comment       0x00000000000001ee       0x13 /home/root/UMSD_v7.0.0/obj/dev/fir/src/api/msdDrv_obj/Fir_msdPortRmonIntf.o
 .comment       0x0000000000000201       0x13 /home/root/UMSD_v7.0.0/obj/dev/fir/src/api/msdDrv_obj/Fir_msdPortCtrlIntf.o
 .comment       0x0000000000000214       0x13 /home/root/UMSD_v7.0.0/obj/dev/fir/src/api/msdDrv_obj/Fir_msdPortPrioMapIntf.o
 .comment       0x0000000000000227       0x13 /home/root/UMSD_v7.0.0/obj/dev/fir/src/api/msdDrv_obj/Fir_msdEcidIntf.o
 .comment       0x000000000000023a       0x13 /home/root/UMSD_v7.0.0/obj/dev/fir/src/api/msdDrv_obj/Fir_msdQueueCtrlIntf.o
 .comment       0x000000000000024d       0x13 /home/root/UMSD_v7.0.0/obj/dev/fir/src/api/msdDrv_obj/Fir_msdSysCtrlIntf.o
 .comment       0x0000000000000260       0x13 /home/root/UMSD_v7.0.0/obj/dev/fir/src/api/msdDrv_obj/Fir_msdPhyCtrlIntf.o
 .comment       0x0000000000000273       0x13 /home/root/UMSD_v7.0.0/obj/dev/fir/src/api/msdDrv_obj/Fir_msdPolicyIntf.o
 .comment       0x0000000000000286       0x13 /home/root/UMSD_v7.0.0/obj/dev/fir/src/api/msdDrv_obj/Fir_msdTCAMRCIntf.o
 .comment       0x0000000000000299       0x13 /home/root/UMSD_v7.0.0/obj/dev/fir/src/api/msdDrv_obj/Fir_msdRMUIntf.o
 .comment       0x00000000000002ac       0x13 /home/root/UMSD_v7.0.0/obj/dev/fir/src/api/msdDrv_obj/Fir_msdPTP.o
 .comment       0x00000000000002bf       0x13 /home/root/UMSD_v7.0.0/obj/dev/fir/src/api/msdDrv_obj/Fir_msdPTPIntf.o
 .comment       0x00000000000002d2       0x13 /home/root/UMSD_v7.0.0/obj/dev/fir/src/api/msdDrv_obj/Fir_msdLed.o
 .comment       0x00000000000002e5       0x13 /home/root/UMSD_v7.0.0/obj/dev/fir/src/api/msdDrv_obj/Fir_msdLedIntf.o
 .comment       0x00000000000002f8       0x13 /home/root/UMSD_v7.0.0/obj/dev/fir/src/api/msdDrv_obj/Fir_msdTCAMRCCompIntf.o
 .comment       0x000000000000030b       0x13 /home/root/UMSD_v7.0.0/obj/dev/fir/src/api/msdDrv_obj/Fir_msdEEPROM.o
 .comment       0x000000000000031e       0x13 /home/root/UMSD_v7.0.0/obj/dev/fir/src/api/msdDrv_obj/Fir_msdEEPROMIntf.o
 .comment       0x0000000000000331       0x13 /home/root/UMSD_v7.0.0/obj/dev/fir/src/api/msdDrv_obj/Fir_msdQcr.o
 .comment       0x0000000000000344       0x13 /home/root/UMSD_v7.0.0/obj/dev/fir/src/api/msdDrv_obj/Fir_msdQci.o
 .comment       0x0000000000000357       0x13 /home/root/UMSD_v7.0.0/obj/dev/fir/src/api/msdDrv_obj/Fir_msdQciIntf.o
 .comment       0x000000000000036a       0x13 /home/root/UMSD_v7.0.0/obj/dev/fir/src/api/msdDrv_obj/Fir_msdMACSec.o
 .comment       0x000000000000037d       0x13 /home/root/UMSD_v7.0.0/obj/dev/fir/src/api/msdDrv_obj/Fir_msdMACSecIntf.o

.note.GNU-stack
                0x0000000000000000        0x0
 .note.GNU-stack
                0x0000000000000000        0x0 /home/root/UMSD_v7.0.0/obj/dev/fir/src/api/msdDrv_obj/Fir_msdTCAM.o
 .note.GNU-stack
                0x0000000000000000        0x0 /home/root/UMSD_v7.0.0/obj/dev/fir/src/api/msdDrv_obj/Fir_msdTCAMRC.o
 .note.GNU-stack
                0x0000000000000000        0x0 /home/root/UMSD_v7.0.0/obj/dev/fir/src/api/msdDrv_obj/Fir_msdTCAMRCComp.o
 .note.GNU-stack
                0x0000000000000000        0x0 /home/root/UMSD_v7.0.0/obj/dev/fir/src/api/msdDrv_obj/Fir_msdBrgFdb.o
 .note.GNU-stack
                0x0000000000000000        0x0 /home/root/UMSD_v7.0.0/obj/dev/fir/src/api/msdDrv_obj/Fir_msdPolicy.o
 .note.GNU-stack
                0x0000000000000000        0x0 /home/root/UMSD_v7.0.0/obj/dev/fir/src/api/msdDrv_obj/Fir_msdBrgVtu.o
 .note.GNU-stack
                0x0000000000000000        0x0 /home/root/UMSD_v7.0.0/obj/dev/fir/src/api/msdDrv_obj/Fir_msdArp.o
 .note.GNU-stack
                0x0000000000000000        0x0 /home/root/UMSD_v7.0.0/obj/dev/fir/src/api/msdDrv_obj/Fir_msdBrgStu.o
 .note.GNU-stack
                0x0000000000000000        0x0 /home/root/UMSD_v7.0.0/obj/dev/fir/src/api/msdDrv_obj/Fir_msdPIRL.o
 .note.GNU-stack
                0x0000000000000000        0x0 /home/root/UMSD_v7.0.0/obj/dev/fir/src/api/msdDrv_obj/Fir_msdPortRmon.o
 .note.GNU-stack
                0x0000000000000000        0x0 /home/root/UMSD_v7.0.0/obj/dev/fir/src/api/msdDrv_obj/Fir_msdPortCtrl.o
 .note.GNU-stack
                0x0000000000000000        0x0 /home/root/UMSD_v7.0.0/obj/dev/fir/src/api/msdDrv_obj/Fir_msdEcid.o
 .note.GNU-stack
                0x0000000000000000        0x0 /home/root/UMSD_v7.0.0/obj/dev/fir/src/api/msdDrv_obj/Fir_msdPortPrioMap.o
 .note.GNU-stack
                0x0000000000000000        0x0 /home/root/UMSD_v7.0.0/obj/dev/fir/src/api/msdDrv_obj/Fir_msdQueueCtrl.o
 .note.GNU-stack
                0x0000000000000000        0x0 /home/root/UMSD_v7.0.0/obj/dev/fir/src/api/msdDrv_obj/Fir_msdSysCtrl.o
 .note.GNU-stack
                0x0000000000000000        0x0 /home/root/UMSD_v7.0.0/obj/dev/fir/src/api/msdDrv_obj/Fir_msdPhyCtrl.o
 .note.GNU-stack
                0x0000000000000000        0x0 /home/root/UMSD_v7.0.0/obj/dev/fir/src/api/msdDrv_obj/Fir_msdRMU.o
 .note.GNU-stack
                0x0000000000000000        0x0 /home/root/UMSD_v7.0.0/obj/dev/fir/src/api/msdDrv_obj/Fir_msdTCAMIntf.o
 .note.GNU-stack
                0x0000000000000000        0x0 /home/root/UMSD_v7.0.0/obj/dev/fir/src/api/msdDrv_obj/Fir_msdFRER.o
 .note.GNU-stack
                0x0000000000000000        0x0 /home/root/UMSD_v7.0.0/obj/dev/fir/src/api/msdDrv_obj/Fir_msdFRERIntf.o
 .note.GNU-stack
                0x0000000000000000        0x0 /home/root/UMSD_v7.0.0/obj/dev/fir/src/api/msdDrv_obj/Fir_msdBrgFdbIntf.o
 .note.GNU-stack
                0x0000000000000000        0x0 /home/root/UMSD_v7.0.0/obj/dev/fir/src/api/msdDrv_obj/Fir_msdBrgVtuIntf.o
 .note.GNU-stack
                0x0000000000000000        0x0 /home/root/UMSD_v7.0.0/obj/dev/fir/src/api/msdDrv_obj/Fir_msdBrgStuIntf.o
 .note.GNU-stack
                0x0000000000000000        0x0 /home/root/UMSD_v7.0.0/obj/dev/fir/src/api/msdDrv_obj/Fir_msdPIRLIntf.o
 .note.GNU-stack
                0x0000000000000000        0x0 /home/root/UMSD_v7.0.0/obj/dev/fir/src/api/msdDrv_obj/Fir_msdQav.o
 .note.GNU-stack
                0x0000000000000000        0x0 /home/root/UMSD_v7.0.0/obj/dev/fir/src/api/msdDrv_obj/Fir_msdArpIntf.o
 .note.GNU-stack
                0x0000000000000000        0x0 /home/root/UMSD_v7.0.0/obj/dev/fir/src/api/msdDrv_obj/Fir_msdPortRmonIntf.o
 .note.GNU-stack
                0x0000000000000000        0x0 /home/root/UMSD_v7.0.0/obj/dev/fir/src/api/msdDrv_obj/Fir_msdPortCtrlIntf.o
 .note.GNU-stack
                0x0000000000000000        0x0 /home/root/UMSD_v7.0.0/obj/dev/fir/src/api/msdDrv_obj/Fir_msdPortPrioMapIntf.o
 .note.GNU-stack
                0x0000000000000000        0x0 /home/root/UMSD_v7.0.0/obj/dev/fir/src/api/msdDrv_obj/Fir_msdEcidIntf.o
 .note.GNU-stack
                0x0000000000000000        0x0 /home/root/UMSD_v7.0.0/obj/dev/fir/src/api/msdDrv_obj/Fir_msdQueueCtrlIntf.o
 .note.GNU-stack
                0x0000000000000000        0x0 /home/root/UMSD_v7.0.0/obj/dev/fir/src/api/msdDrv_obj/Fir_msdSysCtrlIntf.o
 .note.GNU-stack
                0x0000000000000000        0x0 /home/root/UMSD_v7.0.0/obj/dev/fir/src/api/msdDrv_obj/Fir_msdPhyCtrlIntf.o
 .note.GNU-stack
                0x0000000000000000        0x0 /home/root/UMSD_v7.0.0/obj/dev/fir/src/api/msdDrv_obj/Fir_msdPolicyIntf.o
 .note.GNU-stack
                0x0000000000000000        0x0 /home/root/UMSD_v7.0.0/obj/dev/fir/src/api/msdDrv_obj/Fir_msdTCAMRCIntf.o
 .note.GNU-stack
                0x0000000000000000        0x0 /home/root/UMSD_v7.0.0/obj/dev/fir/src/api/msdDrv_obj/Fir_msdRMUIntf.o
 .note.GNU-stack
                0x0000000000000000        0x0 /home/root/UMSD_v7.0.0/obj/dev/fir/src/api/msdDrv_obj/Fir_msdPTP.o
 .note.GNU-stack
                0x0000000000000000        0x0 /home/root/UMSD_v7.0.0/obj/dev/fir/src/api/msdDrv_obj/Fir_msdPTPIntf.o
 .note.GNU-stack
                0x0000000000000000        0x0 /home/root/UMSD_v7.0.0/obj/dev/fir/src/api/msdDrv_obj/Fir_msdLed.o
 .note.GNU-stack
                0x0000000000000000        0x0 /home/root/UMSD_v7.0.0/obj/dev/fir/src/api/msdDrv_obj/Fir_msdLedIntf.o
 .note.GNU-stack
                0x0000000000000000        0x0 /home/root/UMSD_v7.0.0/obj/dev/fir/src/api/msdDrv_obj/Fir_msdTCAMRCCompIntf.o
 .note.GNU-stack
                0x0000000000000000        0x0 /home/root/UMSD_v7.0.0/obj/dev/fir/src/api/msdDrv_obj/Fir_msdEEPROM.o
 .note.GNU-stack
                0x0000000000000000        0x0 /home/root/UMSD_v7.0.0/obj/dev/fir/src/api/msdDrv_obj/Fir_msdEEPROMIntf.o
 .note.GNU-stack
                0x0000000000000000        0x0 /home/root/UMSD_v7.0.0/obj/dev/fir/src/api/msdDrv_obj/Fir_msdQcr.o
 .note.GNU-stack
                0x0000000000000000        0x0 /home/root/UMSD_v7.0.0/obj/dev/fir/src/api/msdDrv_obj/Fir_msdQci.o
 .note.GNU-stack
                0x0000000000000000        0x0 /home/root/UMSD_v7.0.0/obj/dev/fir/src/api/msdDrv_obj/Fir_msdQciIntf.o
 .note.GNU-stack
                0x0000000000000000        0x0 /home/root/UMSD_v7.0.0/obj/dev/fir/src/api/msdDrv_obj/Fir_msdMACSec.o
 .note.GNU-stack
                0x0000000000000000        0x0 /home/root/UMSD_v7.0.0/obj/dev/fir/src/api/msdDrv_obj/Fir_msdMACSecIntf.o

.gnu.build.attributes
 *(.gnu.build.attributes)

.debug
 *(.debug)

.line
 *(.line)

.debug_srcinfo
 *(.debug_srcinfo)

.debug_sfnames
 *(.debug_sfnames)

.debug_aranges
 *(.debug_aranges)

.debug_pubnames
 *(.debug_pubnames)

.debug_info
 *(.debug_info)

.debug_abbrev
 *(.debug_abbrev)

.debug_line
 *(.debug_line)

.debug_frame
 *(.debug_frame)

.debug_str
 *(.debug_str)

.debug_loc
 *(.debug_loc)

.debug_macinfo
 *(.debug_macinfo)

.debug_weaknames
 *(.debug_weaknames)

.debug_funcnames
 *(.debug_funcnames)

.debug_typenames
 *(.debug_typenames)

.debug_varnames
 *(.debug_varnames)

.debug_pubtypes
 *(.debug_pubtypes)

.debug_ranges
 *(.debug_ranges)

.debug_macro
 *(.debug_macro)

.debug_addr
 *(.debug_addr)

.ARM.attributes
 *(.ARM.attributes)
 *(.gnu.attributes)

.note.gnu.arm.ident
 *(.note.gnu.arm.ident)
OUTPUT(/home/root/UMSD_v7.0.0/obj/dev/fir/src/api/msdDrv_obj/api.o elf64-littleaarch64)
LOAD linker stubs
