
Memory Configuration

Name             Origin             Length             Attributes
*default*        0x0000000000000000 0xffffffffffffffff

Linker script and memory map

LOAD /home/root/ccUMSD_230912c/obj/src/driver/msdDrv_obj/msdSysConfig.o
LOAD /home/root/ccUMSD_230912c/obj/src/driver/msdDrv_obj/msdHwAccess.o
LOAD /home/root/ccUMSD_230912c/obj/src/driver/msdDrv_obj/msdVersion.o
LOAD /home/root/ccUMSD_230912c/obj/src/driver/msdDrv_obj/msdDevObj.o

.interp
 *(.interp)

.note.gnu.build-id
 *(.note.gnu.build-id)

.hash
 *(.hash)

.gnu.hash
 *(.gnu.hash)

.dynsym
 *(.dynsym)

.dynstr
 *(.dynstr)

.gnu.version
 *(.gnu.version)

.gnu.version_d
 *(.gnu.version_d)

.gnu.version_r
 *(.gnu.version_r)

.rela.init
 *(.rela.init)

.rela.text
 *(.rela.text)

.rela.fini
 *(.rela.fini)

.rela.rodata
 *(.rela.rodata)

.rela.data.rel.ro
 *(.rela.data.rel.ro)

.rela.data
 *(.rela.data)

.rela.tdata
 *(.rela.tdata)

.rela.tbss
 *(.rela.tbss)

.rela.ctors
 *(.rela.ctors)

.rela.dtors
 *(.rela.dtors)

.rela.got
 *(.rela.got)

.rela.bss
 *(.rela.bss)

.rela.ifunc
 *(.rela.ifunc)

.rela.plt
 *(.rela.plt)

.init
 *(SORT_NONE(.init))

.plt
 *(.plt)

.text           0x0000000000000000     0x55d4
 *(.text .stub)
 .text          0x0000000000000000     0x1954 /home/root/ccUMSD_230912c/obj/src/driver/msdDrv_obj/msdSysConfig.o
                0x0000000000000000                msdUnLoadDriver
                0x0000000000000560                msdLoadDriver
                0x0000000000000fe0                msdSetDriverInterface
                0x0000000000001154                msdGetDriverInterface
                0x00000000000012d0                sohoDevGet
                0x0000000000001350                msdlport2port
                0x0000000000001390                msdport2lport
                0x0000000000001400                msdlportvec2portvec
                0x0000000000001450                msdportvec2lportvec
                0x0000000000001490                msdlport2phy
                0x00000000000014f0                msdlport2serdes
                0x0000000000001650                msdEnableHwSemaphore
                0x00000000000017e4                msdDisableHwSemaphore
 *fill*         0x0000000000001954        0xc 1f2003d5
 .text          0x0000000000001960     0x1ef4 /home/root/ccUMSD_230912c/obj/src/driver/msdDrv_obj/msdHwAccess.o
                0x0000000000001b50                msdSetSMIC45PhyReg
                0x0000000000001c20                msdGetSMIC45PhyReg
                0x0000000000001cf0                msdSetSMIPhyReg
                0x0000000000001da4                msdGetSMIPhyReg
                0x0000000000001e60                msdSetSMIPhyXMDIOReg
                0x0000000000001f30                msdGetSMIPhyXMDIOReg
                0x0000000000002000                msdSetSMIExtPhyReg
                0x00000000000020b4                msdGetSMIExtPhyReg
                0x0000000000002170                msdSetSMIExtPhyXMDIOReg
                0x0000000000002240                msdGetSMIExtPhyXMDIOReg
                0x0000000000002310                msdRmuTxRxPkt
                0x0000000000002384                msdRmuReqPktCreate
                0x00000000000025e0                msdRmuPackEthReqPkt
                0x00000000000029e0                msdSetAnyReg
                0x0000000000002be0                msdSetAnyExtendedReg
                0x0000000000002fc0                msdGetAnyReg
                0x00000000000031c4                msdSetAnyRegField
                0x00000000000032d4                msdGetAnyRegField
                0x00000000000033f0                msdGetAnyExtendedReg
                0x0000000000003640                msdSetAnyExtendedRegField
                0x0000000000003754                msdGetAnyExtendedRegField
 *fill*         0x0000000000003854        0xc 1f2003d5
 .text          0x0000000000003860      0x10c /home/root/ccUMSD_230912c/obj/src/driver/msdDrv_obj/msdVersion.o
                0x0000000000003860                msdVersion
 *fill*         0x000000000000396c        0x4 1f2003d5
 .text          0x0000000000003970     0x1c64 /home/root/ccUMSD_230912c/obj/src/driver/msdDrv_obj/msdDevObj.o
                0x0000000000003970                InitDevObj
 *(.gnu.warning)

.fini
 *(SORT_NONE(.fini))

.rodata         0x0000000000000000        0xe
 *(.rodata)
 .rodata        0x0000000000000000        0xe /home/root/ccUMSD_230912c/obj/src/driver/msdDrv_obj/msdHwAccess.o

.rodata.str1.8  0x0000000000000000      0x89d
 .rodata.str1.8
                0x0000000000000000      0x675 /home/root/ccUMSD_230912c/obj/src/driver/msdDrv_obj/msdSysConfig.o
 *fill*         0x0000000000000675        0x3 
 .rodata.str1.8
                0x0000000000000678      0x1f3 /home/root/ccUMSD_230912c/obj/src/driver/msdDrv_obj/msdHwAccess.o
 *fill*         0x000000000000086b        0x5 
 .rodata.str1.8
                0x0000000000000870       0x2d /home/root/ccUMSD_230912c/obj/src/driver/msdDrv_obj/msdVersion.o

.rodata1
 *(.rodata1)

.eh_frame_hdr
 *(.eh_frame_hdr)

.eh_frame       0x0000000000000000      0xbac
 *(.eh_frame)
 .eh_frame      0x0000000000000000      0x2d0 /home/root/ccUMSD_230912c/obj/src/driver/msdDrv_obj/msdSysConfig.o
 .eh_frame      0x00000000000002d0      0x840 /home/root/ccUMSD_230912c/obj/src/driver/msdDrv_obj/msdHwAccess.o
 .eh_frame      0x0000000000000b10       0x60 /home/root/ccUMSD_230912c/obj/src/driver/msdDrv_obj/msdVersion.o
 .eh_frame      0x0000000000000b70       0x3c /home/root/ccUMSD_230912c/obj/src/driver/msdDrv_obj/msdDevObj.o
                                         0x40 (size before relaxing)

.gcc_except_table
 *(.gcc_except_table)

.gnu_extab
 *(.gnu_extab*)

.exception_ranges
 *(.exception_ranges)

.eh_frame
 *(.eh_frame)

.gnu_extab
 *(.gnu_extab)

.gcc_except_table
 *(.gcc_except_table)

.exception_ranges
 *(.exception_ranges)

.tdata
 *(.tdata)

.tbss
 *(.tbss)

.jcr
 *(.jcr)

.dynamic
 *(.dynamic)

.got
 *(.got)

.got.plt
 *(.got.plt)

.data           0x0000000000000000        0x6
 *(.data)
 .data          0x0000000000000000        0x0 /home/root/ccUMSD_230912c/obj/src/driver/msdDrv_obj/msdSysConfig.o
 .data          0x0000000000000000        0x0 /home/root/ccUMSD_230912c/obj/src/driver/msdDrv_obj/msdHwAccess.o
 .data          0x0000000000000000        0x6 /home/root/ccUMSD_230912c/obj/src/driver/msdDrv_obj/msdVersion.o
                0x0000000000000000                msdApiVersion
 .data          0x0000000000000006        0x0 /home/root/ccUMSD_230912c/obj/src/driver/msdDrv_obj/msdDevObj.o

.data1
 *(.data1)

.bss            0x0000000000000000    0x23b00
 *(.bss)
 .bss           0x0000000000000000    0x23b00 /home/root/ccUMSD_230912c/obj/src/driver/msdDrv_obj/msdSysConfig.o
 .bss           0x0000000000023b00        0x0 /home/root/ccUMSD_230912c/obj/src/driver/msdDrv_obj/msdHwAccess.o
 .bss           0x0000000000023b00        0x0 /home/root/ccUMSD_230912c/obj/src/driver/msdDrv_obj/msdVersion.o
 .bss           0x0000000000023b00        0x0 /home/root/ccUMSD_230912c/obj/src/driver/msdDrv_obj/msdDevObj.o

.stab
 *(.stab)

.stabstr
 *(.stabstr)

.stab.excl
 *(.stab.excl)

.stab.exclstr
 *(.stab.exclstr)

.stab.index
 *(.stab.index)

.stab.indexstr
 *(.stab.indexstr)

.comment        0x0000000000000000       0x4c
 *(.comment)
 .comment       0x0000000000000000       0x13 /home/root/ccUMSD_230912c/obj/src/driver/msdDrv_obj/msdSysConfig.o
 .comment       0x0000000000000013       0x13 /home/root/ccUMSD_230912c/obj/src/driver/msdDrv_obj/msdHwAccess.o
 .comment       0x0000000000000026       0x13 /home/root/ccUMSD_230912c/obj/src/driver/msdDrv_obj/msdVersion.o
 .comment       0x0000000000000039       0x13 /home/root/ccUMSD_230912c/obj/src/driver/msdDrv_obj/msdDevObj.o

.note.GNU-stack
                0x0000000000000000        0x0
 .note.GNU-stack
                0x0000000000000000        0x0 /home/root/ccUMSD_230912c/obj/src/driver/msdDrv_obj/msdSysConfig.o
 .note.GNU-stack
                0x0000000000000000        0x0 /home/root/ccUMSD_230912c/obj/src/driver/msdDrv_obj/msdHwAccess.o
 .note.GNU-stack
                0x0000000000000000        0x0 /home/root/ccUMSD_230912c/obj/src/driver/msdDrv_obj/msdVersion.o
 .note.GNU-stack
                0x0000000000000000        0x0 /home/root/ccUMSD_230912c/obj/src/driver/msdDrv_obj/msdDevObj.o

.gnu.build.attributes
 *(.gnu.build.attributes)

.debug
 *(.debug)

.line
 *(.line)

.debug_srcinfo
 *(.debug_srcinfo)

.debug_sfnames
 *(.debug_sfnames)

.debug_aranges
 *(.debug_aranges)

.debug_pubnames
 *(.debug_pubnames)

.debug_info
 *(.debug_info)

.debug_abbrev
 *(.debug_abbrev)

.debug_line
 *(.debug_line)

.debug_frame
 *(.debug_frame)

.debug_str
 *(.debug_str)

.debug_loc
 *(.debug_loc)

.debug_macinfo
 *(.debug_macinfo)

.debug_weaknames
 *(.debug_weaknames)

.debug_funcnames
 *(.debug_funcnames)

.debug_typenames
 *(.debug_typenames)

.debug_varnames
 *(.debug_varnames)

.debug_pubtypes
 *(.debug_pubtypes)

.debug_ranges
 *(.debug_ranges)

.debug_macro
 *(.debug_macro)

.debug_addr
 *(.debug_addr)

.ARM.attributes
 *(.ARM.attributes)
 *(.gnu.attributes)

.note.gnu.arm.ident
 *(.note.gnu.arm.ident)
OUTPUT(/home/root/ccUMSD_230912c/obj/src/driver/msdDrv_obj/driver.o elf64-littleaarch64)
LOAD linker stubs
