
Memory Configuration

Name             Origin             Length             Attributes
*default*        0x0000000000000000 0xffffffffffffffff

Linker script and memory map

LOAD /home/root/ccUMSD_230912c/obj/src/api/msdDrv_obj/msdTCAM.o
LOAD /home/root/ccUMSD_230912c/obj/src/api/msdDrv_obj/msdAdvVct.o
LOAD /home/root/ccUMSD_230912c/obj/src/api/msdDrv_obj/msdBrgFdb.o
LOAD /home/root/ccUMSD_230912c/obj/src/api/msdDrv_obj/msdBrgVtu.o
LOAD /home/root/ccUMSD_230912c/obj/src/api/msdDrv_obj/msdBrgStu.o
LOAD /home/root/ccUMSD_230912c/obj/src/api/msdDrv_obj/msdPIRL.o
LOAD /home/root/ccUMSD_230912c/obj/src/api/msdDrv_obj/msdPortRmon.o
LOAD /home/root/ccUMSD_230912c/obj/src/api/msdDrv_obj/msdPortCtrl.o
LOAD /home/root/ccUMSD_230912c/obj/src/api/msdDrv_obj/msdQosMap.o
LOAD /home/root/ccUMSD_230912c/obj/src/api/msdDrv_obj/msdQav.o
LOAD /home/root/ccUMSD_230912c/obj/src/api/msdDrv_obj/msdQueueCtrl.o
LOAD /home/root/ccUMSD_230912c/obj/src/api/msdDrv_obj/msdSysCtrl.o
LOAD /home/root/ccUMSD_230912c/obj/src/api/msdDrv_obj/msdPhyCtrl.o
LOAD /home/root/ccUMSD_230912c/obj/src/api/msdDrv_obj/msdIMP.o
LOAD /home/root/ccUMSD_230912c/obj/src/api/msdDrv_obj/msdRMU.o
LOAD /home/root/ccUMSD_230912c/obj/src/api/msdDrv_obj/msdTrunk.o
LOAD /home/root/ccUMSD_230912c/obj/src/api/msdDrv_obj/msdPTP.o
LOAD /home/root/ccUMSD_230912c/obj/src/api/msdDrv_obj/msdLed.o
LOAD /home/root/ccUMSD_230912c/obj/src/api/msdDrv_obj/msdArp.o
LOAD /home/root/ccUMSD_230912c/obj/src/api/msdDrv_obj/msdEcid.o
LOAD /home/root/ccUMSD_230912c/obj/src/api/msdDrv_obj/msdEEPROM.o
LOAD /home/root/ccUMSD_230912c/obj/src/api/msdDrv_obj/msdPolicy.o
LOAD /home/root/ccUMSD_230912c/obj/src/api/msdDrv_obj/msdTCAMRC.o
LOAD /home/root/ccUMSD_230912c/obj/src/api/msdDrv_obj/msdTCAMRCComp.o
LOAD /home/root/ccUMSD_230912c/obj/src/api/msdDrv_obj/msdQci.o
LOAD /home/root/ccUMSD_230912c/obj/src/api/msdDrv_obj/msdQcr.o
LOAD /home/root/ccUMSD_230912c/obj/src/api/msdDrv_obj/msdFRER.o
LOAD /home/root/ccUMSD_230912c/obj/src/api/msdDrv_obj/msdMACSec.o

.interp
 *(.interp)

.note.gnu.build-id
 *(.note.gnu.build-id)

.hash
 *(.hash)

.gnu.hash
 *(.gnu.hash)

.dynsym
 *(.dynsym)

.dynstr
 *(.dynstr)

.gnu.version
 *(.gnu.version)

.gnu.version_d
 *(.gnu.version_d)

.gnu.version_r
 *(.gnu.version_r)

.rela.init
 *(.rela.init)

.rela.text
 *(.rela.text)

.rela.fini
 *(.rela.fini)

.rela.rodata
 *(.rela.rodata)

.rela.data.rel.ro
 *(.rela.data.rel.ro)

.rela.data
 *(.rela.data)

.rela.tdata
 *(.rela.tdata)

.rela.tbss
 *(.rela.tbss)

.rela.ctors
 *(.rela.ctors)

.rela.dtors
 *(.rela.dtors)

.rela.got
 *(.rela.got)

.rela.bss
 *(.rela.bss)

.rela.ifunc
 *(.rela.ifunc)

.rela.plt
 *(.rela.plt)

.init
 *(SORT_NONE(.init))

.plt
 *(.plt)

.text           0x0000000000000000    0x17008
 *(.text .stub)
 .text          0x0000000000000000      0xbac /home/root/ccUMSD_230912c/obj/src/api/msdDrv_obj/msdTCAM.o
                0x0000000000000000                msdTcamAllDelete
                0x0000000000000090                msdTcamEntryDelete
                0x0000000000000124                msdTcamEntryAdd
                0x00000000000001d0                msdTcamEntryRead
                0x0000000000000280                msdTcamEntryGetNext
                0x0000000000000330                msdTcamEntryFind
                0x00000000000003e4                msdPortTcamModeSet
                0x0000000000000490                msdPortTcamModeGet
                0x0000000000000540                msdTcamEntryPortAdd
                0x00000000000005f0                msdTcamEntryPortRemove
                0x00000000000006a0                msdEgrTcamEntryPerPortDelete
                0x0000000000000750                msdEgrTcamEntryAllPortsDelete
                0x00000000000007e4                msdEgrTcamEntryAdd
                0x00000000000008a0                msdEgrTcamEntryGetNext
                0x0000000000000954                msdEgrTcamEntryRead
                0x0000000000000a10                msdTcamDump
                0x0000000000000aa0                msdTcamAdvConfig
 *fill*         0x0000000000000bac        0x4 1f2003d5
 .text          0x0000000000000bb0      0x17c /home/root/ccUMSD_230912c/obj/src/api/msdDrv_obj/msdAdvVct.o
                0x0000000000000bb0                msdVctGetAdvCableDiag
                0x0000000000000c80                msdVctGetAdvExtendStatus
 *fill*         0x0000000000000d2c        0x4 1f2003d5
 .text          0x0000000000000d30     0x1608 /home/root/ccUMSD_230912c/obj/src/api/msdDrv_obj/msdBrgFdb.o
                0x0000000000000d30                msdFdbMacEntryAdd
                0x0000000000000dc4                msdFdbAllDelete
                0x0000000000000e60                msdFdbAllDeleteInDB
                0x0000000000000f10                msdFdbMove
                0x0000000000000fc4                msdFdbMoveInDB
                0x0000000000001090                msdFdbPortRemove
                0x0000000000001140                msdFdbPortRemoveInDB
                0x00000000000011f4                msdFdbMacEntryDelete
                0x00000000000012a0                msdFdbViolationGet
                0x0000000000001334                msdFdbMacEntryFind
                0x0000000000001400                msdFdbAgingTimeoutSet
                0x0000000000001494                msdFdbAgingTimeoutGet
                0x0000000000001530                msdFdbLearnOnAllDevicesGet
                0x00000000000015c4                msdFdbLearnOnAllDevicesSet
                0x0000000000001660                msdFdbPortLearnLimitSet
                0x0000000000001710                msdFdbPortLearnLimitGet
                0x00000000000017c0                msdFdbPortLearnCountGet
                0x0000000000001870                msdFdbEntryCountGet
                0x0000000000001904                msdFdbEntryCountPerFidGet
                0x00000000000019b0                msdFdbEntryCountNonStaticGet
                0x0000000000001a44                msdFdbEntryCountNonStaticPerFidGet
                0x0000000000001af0                msdFdbDump
                0x0000000000001b84                msdPortLockedGet
                0x0000000000001c30                msdPortLockedSet
                0x0000000000001ce0                msdPortHoldAt1Get
                0x0000000000001d90                msdPortHoldAt1Set
                0x0000000000001e40                msdPortIntOnAgeOutGet
                0x0000000000001ef0                msdPortIntOnAgeOutSet
                0x0000000000001fa0                msdPortRefreshLockedGet
                0x0000000000002050                msdPortRefreshLockedSet
                0x0000000000002100                msdPortIgnoreWrongDataGet
                0x00000000000021b0                msdPortIgnoreWrongDataSet
                0x0000000000002260                msdFdbEntryNextGet
 *fill*         0x0000000000002338        0x8 1f2003d5
 .text          0x0000000000002340      0x82c /home/root/ccUMSD_230912c/obj/src/api/msdDrv_obj/msdBrgVtu.o
                0x0000000000002340                msdVlanEntryFind
                0x00000000000023f4                msdVlanExists
                0x00000000000024a0                msdVlanEntryNextGet
                0x0000000000002550                msdVlanAllDelete
                0x00000000000025e0                msdVlanEntryAdd
                0x0000000000002674                msdVlanEntryDelete
                0x0000000000002710                msdVlanModeSet
                0x00000000000027a4                msdVlanModeGet
                0x0000000000002840                msdVlanViolationGet
                0x00000000000028d4                msdVlanEntryCountGet
                0x0000000000002970                msdVlanMemberTagSet
                0x0000000000002a24                msdVlanMemberTagGet
                0x0000000000002ae0                msdVtuDump
 *fill*         0x0000000000002b6c        0x4 1f2003d5
 .text          0x0000000000002b70      0x3b0 /home/root/ccUMSD_230912c/obj/src/api/msdDrv_obj/msdBrgStu.o
                0x0000000000002b70                msdStuEntryAdd
                0x0000000000002c04                msdStuEntryNextGet
                0x0000000000002cb0                msdStuEntryDelete
                0x0000000000002d44                msdStuEntryFind
                0x0000000000002e00                msdStuEntryCountGet
                0x0000000000002e94                msdStuDump
 .text          0x0000000000002f20      0x6bc /home/root/ccUMSD_230912c/obj/src/api/msdDrv_obj/msdPIRL.o
                0x0000000000002f20                msdIRLReset
                0x0000000000002fb0                msdIRLInitResourceCounter
                0x0000000000003060                msdIRLCustomSetup
                0x0000000000003130                msdIRLResourceRead
                0x00000000000031e4                msdIRLResourceWrite
                0x00000000000032a0                msdIRLResRegGet
                0x0000000000003370                msdIRLResRegSet
                0x0000000000003440                msdIRLAdvConfig
                0x0000000000003530                msdIRLAdvConfigDisable
 *fill*         0x00000000000035dc        0x4 1f2003d5
 .text          0x00000000000035e0      0x454 /home/root/ccUMSD_230912c/obj/src/api/msdDrv_obj/msdPortRmon.o
                0x00000000000035e0                msdStatsFlushAll
                0x0000000000003670                msdStatsFlushPort
                0x0000000000003704                msdStatsPortCounterGet
                0x00000000000037c0                msdStatsPortAllCountersGet
                0x0000000000003870                msdStatsHistogramModeGet
                0x0000000000003904                msdStatsHistogramModeSet
                0x00000000000039a0                msdPortMibDump
 *fill*         0x0000000000003a34        0xc 1f2003d5
 .text          0x0000000000003a40     0x4608 /home/root/ccUMSD_230912c/obj/src/api/msdDrv_obj/msdPortCtrl.o
                0x0000000000003a40                msdPortForceDefaultVlanIdGet
                0x0000000000003af0                msdPortForceDefaultVlanIdSet
                0x0000000000003ba0                msdPortDefaultVlanIdGet
                0x0000000000003c50                msdPortDefaultVlanIdSet
                0x0000000000003d00                msdPort8021qModeGet
                0x0000000000003db0                msdPort8021qModeSet
                0x0000000000003e60                msdPortDiscardTaggedGet
                0x0000000000003f10                msdPortDiscardTaggedSet
                0x0000000000003fc0                msdPortDiscardUntaggedGet
                0x0000000000004070                msdPortDiscardUntaggedSet
                0x0000000000004120                msdPortUnicastFloodBlockGet
                0x00000000000041d0                msdPortUnicastFloodBlockSet
                0x0000000000004280                msdPortMulticastFloodBlockGet
                0x0000000000004330                msdPortMulticastFloodBlockSet
                0x00000000000043e0                msdPortDiscardBcastModeGet
                0x0000000000004490                msdPortDiscardBcastModeSet
                0x0000000000004540                msdPortIGMPSnoopEnableGet
                0x00000000000045f0                msdPortIGMPSnoopEnableSet
                0x00000000000046a0                msdPortHeaderModeGet
                0x0000000000004750                msdPortHeaderModeSet
                0x0000000000004800                msdPortDropOnLockGet
                0x00000000000048b0                msdPortDropOnLockSet
                0x0000000000004960                msdPortMtuGet
                0x0000000000004a10                msdPortMtuSet
                0x0000000000004ac0                msdPortSpecifiedMtuGet
                0x0000000000004b70                msdPortSpecifiedMtuSet
                0x0000000000004c20                msdPortLearnEnableGet
                0x0000000000004cd0                msdPortLearnEnableSet
                0x0000000000004d80                msdPortVTUPriorityOverrideGet
                0x0000000000004e30                msdPortVTUPriorityOverrideSet
                0x0000000000004ee0                msdPortSAPriorityOverrideGet
                0x0000000000004f90                msdPortSAPriorityOverrideSet
                0x0000000000005040                msdPortDAPriorityOverrideGet
                0x00000000000050f0                msdPortDAPriorityOverrideSet
                0x00000000000051a0                msdPortMessagePortGet
                0x0000000000005250                msdPortMessagePortSet
                0x0000000000005300                msdPortEtherTypeGet
                0x00000000000053b0                msdPortEtherTypeSet
                0x0000000000005460                msdPortAllowVidZeroGet
                0x0000000000005510                msdPortAllowVidZeroSet
                0x00000000000055c0                msdPortFlowControlEnableGet
                0x0000000000005674                msdPortFlowControlEnableSet
                0x0000000000005730                msdPortEgressMonitorSourceEnableGet
                0x00000000000057e0                msdPortEgressMonitorSourceEnableSet
                0x0000000000005890                msdPortIngressMonitorSourceEnableGet
                0x0000000000005940                msdPortIngressMonitorSourceEnableSet
                0x00000000000059f0                msdPortEgressRateGet
                0x0000000000005aa4                msdPortEgressRateSet
                0x0000000000005b60                msdPortForceDuplexModeGet
                0x0000000000005c10                msdPortForceDuplexModeSet
                0x0000000000005cc0                msdPortDuplexStatusGet
                0x0000000000005d70                msdPortForceLinkModeGet
                0x0000000000005e20                msdPortForceLinkModeSet
                0x0000000000005ed0                msdPortLinkStatusGet
                0x0000000000005f80                msdPortForceSpeedModeGet
                0x0000000000006030                msdPortForceSpeedModeSet
                0x00000000000060e0                msdPortSpeedStatusGet
                0x0000000000006190                msdPortCutThroughEnableGet
                0x0000000000006240                msdPortCutThroughEnableSet
                0x00000000000062f0                msdPortIgnoreFcsGet
                0x00000000000063a0                msdPortIgnoreFcsSet
                0x0000000000006450                msdPortAllowBadFcsGet
                0x0000000000006500                msdPortAllowBadFcsSet
                0x00000000000065b0                msdPortPauseLimitOutGet
                0x0000000000006660                msdPortPauseLimitOutSet
                0x0000000000006710                msdPortPauseLimitInGet
                0x00000000000067c0                msdPortPauseLimitInSet
                0x0000000000006870                msdPortQueueToPauseGet
                0x0000000000006920                msdPortQueueToPauseSet
                0x00000000000069d0                msdPortRxPriorityFlowControlEnableGet
                0x0000000000006a84                msdPortRxPriorityFlowControlEnableSet
                0x0000000000006b40                msdPortRxPriorityFlowControlToQueueGet
                0x0000000000006bf4                msdPortRxPriorityFlowControlToQueueSet
                0x0000000000006cb0                msdPortTxPriorityFlowControlEnableGet
                0x0000000000006d64                msdPortTxPriorityFlowControlEnableSet
                0x0000000000006e20                msdPortOutQueueSizeGet
                0x0000000000006ed4                msdPortMapDAGet
                0x0000000000006f80                msdPortMapDASet
                0x0000000000007030                msdPortARPMirrorGet
                0x00000000000070e0                msdPortARPMirrorSet
                0x0000000000007190                msdPortBasedVlanMapGet
                0x0000000000007244                msdPortBasedVlanMapSet
                0x0000000000007300                msdPortFrameModeGet
                0x00000000000073b0                msdPortFrameModeSet
                0x0000000000007460                msdPortEgressModeSet
                0x0000000000007510                msdPortEgressModeGet
                0x00000000000075c0                msdPortECIDSet
                0x0000000000007670                msdPortECIDGet
                0x0000000000007720                msdPortIgnoreETagSet
                0x00000000000077d0                msdPortIgnoreETagGet
                0x0000000000007880                msdPortStateGet
                0x0000000000007930                msdPortStateSet
                0x00000000000079e0                msdPortRegDump
                0x0000000000007a74                msdPortExtendedPortCtrlRegSet
                0x0000000000007b50                msdPortExtendedPortCtrlRegGet
                0x0000000000007c24                msdPortPreemptEnableSet
                0x0000000000007cd0                msdPortPreemptEnableGet
                0x0000000000007d80                msdPortPreemptSizeSet
                0x0000000000007e30                msdPortPreemptSizeGet
                0x0000000000007ee0                msdPortPreemptQueueSet
                0x0000000000007f94                msdPortPreemptQueueGet
 *fill*         0x0000000000008048        0x8 1f2003d5
 .text          0x0000000000008050      0xaac /home/root/ccUMSD_230912c/obj/src/api/msdDrv_obj/msdQosMap.o
                0x0000000000008050                msdQosPortPrioMapSet
                0x0000000000008120                msdQosPortPrioMapGet
                0x00000000000081f0                msdQosPortCosToQueueSet
                0x00000000000082a4                msdQosPortCosToQueueGet
                0x0000000000008360                msdQosPortCosToDscpMappingSet
                0x0000000000008414                msdQosPortCosToDscpMappingGet
                0x00000000000084d0                msdPortDefQPriSet
                0x0000000000008580                msdPortDefQPriGet
                0x0000000000008630                msdPortDefFPriSet
                0x00000000000086e0                msdPortDefFPriGet
                0x0000000000008790                msdPortPrioRuleSet
                0x0000000000008840                msdPortPrioRuleGet
                0x00000000000088f0                msdPortInitialPriSet
                0x00000000000089a0                msdPortInitialPriGet
                0x0000000000008a50                msdQosPortRewriteDscp
 *fill*         0x0000000000008afc        0x4 1f2003d5
 .text          0x0000000000008b00      0x2d8 /home/root/ccUMSD_230912c/obj/src/api/msdDrv_obj/msdQav.o
                0x0000000000008b00                msdQavPortQpriXRateSet
                0x0000000000008bb4                msdQavPortQpriXRateGet
                0x0000000000008c70                msdQavPortQpriXHiLimitSet
                0x0000000000008d24                msdQavPortQpriXHiLimitGet
 *fill*         0x0000000000008dd8        0x8 1f2003d5
 .text          0x0000000000008de0      0x55c /home/root/ccUMSD_230912c/obj/src/api/msdDrv_obj/msdQueueCtrl.o
                0x0000000000008de0                msdPortQueueCtrlGet
                0x0000000000008e94                msdPortQueueCtrlSet
                0x0000000000008f50                msdPortSchedGet
                0x0000000000009000                msdPortSchedSet
                0x00000000000090b0                msdSysQoSWeightGet
                0x0000000000009144                msdSysQoSWeightSet
                0x00000000000091e0                msdPortQoSWeightGet
                0x0000000000009290                msdPortQoSWeightSet
 *fill*         0x000000000000933c        0x4 1f2003d5
 .text          0x0000000000009340     0x1158 /home/root/ccUMSD_230912c/obj/src/api/msdDrv_obj/msdSysCtrl.o
                0x0000000000009340                msdSysFloodBCSet
                0x00000000000093d4                msdSysFloodBCGet
                0x0000000000009470                msdSysMonitorMgmtCtrlSet
                0x0000000000009520                msdSysMonitorMgmtCtrlGet
                0x00000000000095d0                msdSysCPUDestSet
                0x0000000000009664                msdSysCPUDestGet
                0x0000000000009700                msdSysIngressMonitorDestSet
                0x0000000000009794                msdSysIngressMonitorDestGet
                0x0000000000009830                msdSysEgressMonitorDestSet
                0x00000000000098c4                msdSysEgressMonitorDestGet
                0x0000000000009960                msdSysRsvd2CpuEnablesSet
                0x00000000000099f4                msdSysRsvd2CpuEnablesGet
                0x0000000000009a90                msdSysMGMTPriSet
                0x0000000000009b24                msdSysMGMTPriGet
                0x0000000000009bc0                msdPortSmiSetupSet
                0x0000000000009c70                msdPortSmiSetupGet
                0x0000000000009d20                msdGlobal1RegDump
                0x0000000000009db0                msdGlobal2RegDump
                0x0000000000009e40                msdSysRMUModeSet
                0x0000000000009ed4                msdSysRMUModeGet
                0x0000000000009f70                msdQbvWrite
                0x000000000000a040                msdQbvRead
                0x000000000000a110                msdSysDevIntEnableSet
                0x000000000000a1a4                msdSysDevIntEnableGet
                0x000000000000a240                msdSysDevIntStatusGet
                0x000000000000a2d4                msdSysActiveIntEnableSet
                0x000000000000a370                msdSysActiveIntEnableGet
                0x000000000000a404                msdSysActiveIntStatusGet
 *fill*         0x000000000000a498        0x8 1f2003d5
 .text          0x000000000000a4a0      0x80c /home/root/ccUMSD_230912c/obj/src/api/msdDrv_obj/msdPhyCtrl.o
                0x000000000000a4a0                msdPhyReset
                0x000000000000a534                msdSerdesReset
                0x000000000000a5d0                msdPhyPortLoopbackSet
                0x000000000000a680                msdPhyPortSpeedSet
                0x000000000000a730                msdPhyPortPowerDown
                0x000000000000a7e0                msdPhyPortDuplexModeSet
                0x000000000000a890                msdPhyPortAutoModeSet
                0x000000000000a940                msdPhyEEESet
                0x000000000000a9f0                msdPhyFlowControlEnableSet
                0x000000000000aaa0                msdPhyInterruptEnableSet
                0x000000000000ab50                msdPhyInterruptEnableGet
                0x000000000000ac00                msdPhyInterruptStatusGet
 *fill*         0x000000000000acac        0x4 1f2003d5
 .text          0x000000000000acb0      0x3c0 /home/root/ccUMSD_230912c/obj/src/api/msdDrv_obj/msdIMP.o
                0x000000000000acb0                msdImpRun
                0x000000000000ad44                msdImpReset
                0x000000000000add0                msdImpWriteEEPROM
                0x000000000000ae80                msdImpLoadToEEPROM
                0x000000000000af30                msdImpLoadToRAM
                0x000000000000afe4                msdImpStop
 .text          0x000000000000b070      0x6dc /home/root/ccUMSD_230912c/obj/src/api/msdDrv_obj/msdRMU.o
                0x000000000000b070                msdRMUGetID
                0x000000000000b104                msdRMUAtuDump
                0x000000000000b1c0                msdRMUEcidDump
                0x000000000000b274                msdRMUMibDump
                0x000000000000b330                msdRMUMib2Dump
                0x000000000000b3e4                msdRMUMultiRegAccess
                0x000000000000b490                msdRMUTcamDump
                0x000000000000b544                msdRMUTcamEntryAdd
                0x000000000000b5f0                msdRMUTcamEntryRead
                0x000000000000b6a0                msdRMURegisterDump
 *fill*         0x000000000000b74c        0x4 1f2003d5
 .text          0x000000000000b750      0x6b8 /home/root/ccUMSD_230912c/obj/src/api/msdDrv_obj/msdTrunk.o
                0x000000000000b750                msdTrunkMaskTableGet
                0x000000000000b800                msdTrunkMaskTableSet
                0x000000000000b8b0                msdTrunkHashTrunkGet
                0x000000000000b944                msdTrunkHashTrunkSet
                0x000000000000b9e0                msdTrunkRoutingGet
                0x000000000000ba90                msdTrunkRoutingSet
                0x000000000000bb40                msdTrunkMappingGet
                0x000000000000bbf0                msdTrunkMappingSet
                0x000000000000bca0                msdPortLAGPortGet
                0x000000000000bd54                msdPortLAGPortSet
 *fill*         0x000000000000be08        0x8 1f2003d5
 .text          0x000000000000be10     0x1d38 /home/root/ccUMSD_230912c/obj/src/api/msdDrv_obj/msdPTP.o
                0x000000000000be10                msdPtpIntEnableSet
                0x000000000000bec0                msdPtpIntEnableGet
                0x000000000000bf70                msdPtpPortPTPEnSet
                0x000000000000c020                msdPtpPortPTPEnGet
                0x000000000000c0d0                msdPtpPortConfigSet
                0x000000000000c180                msdPtpPortConfigGet
                0x000000000000c230                msdPtpTimeStampGet
                0x000000000000c2e4                msdPtpTSValidStGet
                0x000000000000c3a0                msdPtpTimeStampReset
                0x000000000000c450                msdPtpGlobalConfigSet
                0x000000000000c4e4                msdPtpGlobalConfigGet
                0x000000000000c580                msdPtpIntStatusGet
                0x000000000000c614                msdPtpMeanPathDelaySet
                0x000000000000c6c0                msdPtpMeanPathDelayGet
                0x000000000000c770                msdPtpIgrPathDelayAsymSet
                0x000000000000c820                msdPtpIgrPathDelayAsymGet
                0x000000000000c8d0                msdPtpEgrPathDelayAsymSet
                0x000000000000c980                msdPtpEgrPathDelayAsymGet
                0x000000000000ca30                msdPtpModeSet
                0x000000000000cac4                msdPtpModeGet
                0x000000000000cb60                msdPtpMasterSlaveSet
                0x000000000000cbf4                msdPtpMasterSlaveGet
                0x000000000000cc90                msdPtpTODBusyBitStatusGet
                0x000000000000cd24                msdPtpTODStoreCompensation
                0x000000000000cdd0                msdPtpTODStoreAll
                0x000000000000ce80                msdPtpTODCaptureAll
                0x000000000000cf30                msdPtpPulseSet
                0x000000000000cfc4                msdPtpPulseGet
                0x000000000000d060                msdGetPTPGlobalTime
                0x000000000000d0f4                msdPtpPortRegGet
                0x000000000000d1b0                msdPtpPortRegSet
                0x000000000000d264                msdPtpGlobalRegGet
                0x000000000000d310                msdPtpGlobalRegSet
                0x000000000000d3c0                msdTaiRegGet
                0x000000000000d470                msdTaiRegSet
                0x000000000000d520                msdPtp1588v2ConfigSet
                0x000000000000d5f0                msdPtp8021asConfigSet
                0x000000000000d6a4                msdPtp8021asRevConfigSet
                0x000000000000d760                msdPtpPreemptTimestampSelSet
                0x000000000000d810                msdPtpPreemptTimestampSelGet
                0x000000000000d8c0                msdPtpPreemptCtrlSet
                0x000000000000d970                msdPtpPreemptCtrlGet
                0x000000000000da20                msdTaiTrigGenTimerSelSet
                0x000000000000dab4                msdTaiTrigGenTimerSelGet
 *fill*         0x000000000000db48        0x8 1f2003d5
 .text          0x000000000000db50      0x99c /home/root/ccUMSD_230912c/obj/src/api/msdDrv_obj/msdLed.o
                0x000000000000db50                msdLedForceOn
                0x000000000000dc00                msdLedForceOff
                0x000000000000dcb0                msdLedLinkAct
                0x000000000000dd60                msdLedModeSet
                0x000000000000de14                msdLedModeGet
                0x000000000000ded0                msdLedBlinkRateSet
                0x000000000000df80                msdLedBlinkRateGet
                0x000000000000e030                msdLedPulseStretchSet
                0x000000000000e0e0                msdLedPulseStretchGet
                0x000000000000e190                msdLedSpecialModeSet
                0x000000000000e240                msdLedSpecialModeGet
                0x000000000000e2f0                msdLedCtrlSet
                0x000000000000e3a4                msdLedCtrlGet
                0x000000000000e460                msdLedDump
 *fill*         0x000000000000e4ec        0x4 1f2003d5
 .text          0x000000000000e4f0      0x3dc /home/root/ccUMSD_230912c/obj/src/api/msdDrv_obj/msdArp.o
                0x000000000000e4f0                msdArpMcEntryAdd
                0x000000000000e5a0                msdArpUcEntryAdd
                0x000000000000e650                msdArpEntryDelete
                0x000000000000e6e4                msdArpAllDelete
                0x000000000000e770                msdArpEntryRead
                0x000000000000e820                msdArpEntryGetNext
 *fill*         0x000000000000e8cc        0x4 1f2003d5
 .text          0x000000000000e8d0      0x650 /home/root/ccUMSD_230912c/obj/src/api/msdDrv_obj/msdEcid.o
                0x000000000000e8d0                msdBpeEnableSet
                0x000000000000e964                msdBpeEnableGet
                0x000000000000ea00                msdEcidEntryAdd
                0x000000000000ea94                msdEcidEntryAllDelete
                0x000000000000eb20                msdEcidEntryMove
                0x000000000000ebd0                msdEcidEntryDelete
                0x000000000000ec80                msdEcidEntryNextGet
                0x000000000000ed34                msdEcidEntryFind
                0x000000000000ee00                msdEcidEntryCountGet
                0x000000000000ee94                msdEcidDump
 .text          0x000000000000ef20      0x288 /home/root/ccUMSD_230912c/obj/src/api/msdDrv_obj/msdEEPROM.o
                0x000000000000ef20                msdEEPROMWrite
                0x000000000000efd0                msdEEPROMRead
                0x000000000000f080                msdEEPROMChipSelSet
                0x000000000000f114                msdEEPROMChipSelGet
 *fill*         0x000000000000f1a8        0x8 1f2003d5
 .text          0x000000000000f1b0     0x271c /home/root/ccUMSD_230912c/obj/src/api/msdDrv_obj/msdPolicy.o
                0x000000000000f1b0                msdPolicyMgmtCtrlSet
                0x000000000000f264                msdPolicyMgmtCtrlGet
                0x000000000000f320                msdPolicyCPUDestSet
                0x000000000000f3d0                msdPolicyCPUDestGet
                0x000000000000f480                msdPolicyIngressMonitorDestSet
                0x000000000000f530                msdPolicyIngressMonitorDestGet
                0x000000000000f5e0                msdPolicyRsvd2CpuEnablesSet
                0x000000000000f690                msdPolicyRsvd2CpuEnablesGet
                0x000000000000f740                msdPolicyMGMTPriSet
                0x000000000000f7f0                msdPolicyMGMTPriGet
                0x000000000000f8a0                msdPolicyRouteDestSet
                0x000000000000f950                msdPolicyRouteDestGet
                0x000000000000fa00                msdPolicyMirrorDestSet
                0x000000000000fab0                msdPolicyMirrorDestGet
                0x000000000000fb60                msdPolicyIllegalIPAddrSet
                0x000000000000fc10                msdPolicyIllegalIPAddrGet
                0x000000000000fcc0                msdPolicyDipDaMismatchSet
                0x000000000000fd70                msdPolicyDipDaMismatchGet
                0x000000000000fe20                msdPolicyZeroSIPSet
                0x000000000000fed0                msdPolicyZeroSIPGet
                0x000000000000ff80                msdPolicyMcTtlExceededSet
                0x0000000000010030                msdPolicyMcTtlExceededGet
                0x00000000000100e0                msdPolicyUcTtlExceededSet
                0x0000000000010190                msdPolicyUcTtlExceededGet
                0x0000000000010240                msdPortTtlThresholdSet
                0x00000000000102f0                msdPortTtlThresholdGet
                0x00000000000103a0                msdPolicyIpHdrErrSet
                0x0000000000010450                msdPolicyIpHdrErrGet
                0x0000000000010500                msdPolicyTCPFinUrgPshSet
                0x00000000000105b0                msdPolicyTCPFinUrgPshGet
                0x0000000000010660                msdPolicyTCPFlagsSeqNumSet
                0x0000000000010710                msdPolicyTCPFlagsSeqNumGet
                0x00000000000107c0                msdPolicyTCPSYNSet
                0x0000000000010870                msdPolicyTCPSYNGet
                0x0000000000010920                msdPolicyTCPHSizeSet
                0x00000000000109d0                msdPolicyTCPHSizeGet
                0x0000000000010a80                msdPortTCPMinHdrSizeSet
                0x0000000000010b30                msdPortTCPMinHdrSizeGet
                0x0000000000010be0                msdPolicyICMPSizeSet
                0x0000000000010c90                msdPolicyICMPSizeGet
                0x0000000000010d40                msdPortICMPMaxSizeSet
                0x0000000000010df0                msdPortICMPMaxSizeGet
                0x0000000000010ea0                msdPolicyUDPPortSet
                0x0000000000010f50                msdPolicyUDPPortGet
                0x0000000000011000                msdPolicyTCPPortSet
                0x00000000000110b0                msdPolicyTCPPortGet
                0x0000000000011160                msdPolicyTCPSynFinSet
                0x0000000000011210                msdPolicyTCPSynFinGet
                0x00000000000112c0                msdPolicyTCPFragSet
                0x0000000000011370                msdPolicyTCPFragGet
                0x0000000000011420                msdPolicyNearNonTPMRSet
                0x00000000000114d0                msdPolicyNearNonTPMRGet
                0x0000000000011580                msdPolicyETagSet
                0x0000000000011630                msdPolicyETagGet
                0x00000000000116e0                msdPolicyNonETagSet
                0x0000000000011790                msdPolicyNonETagGet
                0x0000000000011840                msdPolicyDump
 *fill*         0x00000000000118cc        0x4 1f2003d5
 .text          0x00000000000118d0      0x470 /home/root/ccUMSD_230912c/obj/src/api/msdDrv_obj/msdTCAMRC.o
                0x00000000000118d0                msdTcamRCEntryAdd
                0x0000000000011980                msdTcamRCAllDelete
                0x0000000000011a10                msdTcamRCEntryDelete
                0x0000000000011aa4                msdTcamRCEntryRead
                0x0000000000011b50                msdTcamRCEntryGetNext
                0x0000000000011c00                msdTcamRCEntryFind
                0x0000000000011cb4                msdTcamRCDump
 .text          0x0000000000011d40      0x280 /home/root/ccUMSD_230912c/obj/src/api/msdDrv_obj/msdTCAMRCComp.o
                0x0000000000011d40                msdTcamRCCompAdd
                0x0000000000011df0                msdTcamRCCompAllDelete
                0x0000000000011e80                msdTcamRCCompFlushPort
                0x0000000000011f14                msdTcamRCCompRead
 .text          0x0000000000011fc0     0x124c /home/root/ccUMSD_230912c/obj/src/api/msdDrv_obj/msdQci.o
                0x0000000000011fc0                msdStreamFilterFlushAll
                0x0000000000012050                msdStreamFilterSet
                0x0000000000012104                msdStreamFilterBlockStatusSet
                0x00000000000121b0                msdStreamFilterBlockStatusGet
                0x0000000000012260                msdStreamFilterEnAtsSet
                0x0000000000012310                msdStreamFilterEnGateSet
                0x00000000000123c0                msdStreamFilterMatchCounterGet
                0x0000000000012470                msdStreamFilterFiltedCounterGet
                0x0000000000012520                msdStreamGateFiltedCounterGet
                0x00000000000125d0                msdFlowMeterFiltedCounterGet
                0x0000000000012680                msdStreamGateFlushAll
                0x0000000000012710                msdStreamGateDefStateSet
                0x00000000000127e0                msdStreamGateScaleSet
                0x0000000000012894                msdStreamGateTimeGenIdSet
                0x0000000000012940                msdStreamGateEntryAdd
                0x00000000000129f4                msdStreamGateTimeGenFlushAll
                0x0000000000012a80                msdStreamGateTimeGenSet
                0x0000000000012b34                msdFlowMeterFlushAll
                0x0000000000012bc0                msdFlowMeterCouplingFlagSet
                0x0000000000012c70                msdFlowMeterCouplingFlagGet
                0x0000000000012d20                msdFlowMeterDropOnYelSet
                0x0000000000012dd0                msdFlowMeterDropOnYelGet
                0x0000000000012e80                msdFlowMeterRedBlockEnSet
                0x0000000000012f30                msdFlowMeterRedBlockEnGet
                0x0000000000012fe0                msdFlowMeterRedBlockStatusSet
                0x0000000000013090                msdFlowMeterRedBlockStatusGet
                0x0000000000013140                msdFlowMeterAdvConfig
 *fill*         0x000000000001320c        0x4 1f2003d5
 .text          0x0000000000013210      0x838 /home/root/ccUMSD_230912c/obj/src/api/msdDrv_obj/msdQcr.o
                0x0000000000013210                msdQcrFlushOne
                0x00000000000132a4                msdQcrFlushAll
                0x0000000000013334                msdQcrSetGrpId
                0x00000000000133e4                msdQcrGetGrpId
                0x0000000000013494                msdQcrSetCbsLimit
                0x0000000000013544                msdQcrGetCbsLimit
                0x00000000000135f4                msdQcrSetRateLimit
                0x00000000000136a4                msdQcrGetRateLimit
                0x0000000000013754                msdQcrSetMaxResidenceTime
                0x0000000000013810                msdQcrGetMaxResidenceTime
                0x00000000000138d0                msdQcrSetQueueEnables
                0x0000000000013990                msdQcrGetQueueEnables
 *fill*         0x0000000000013a48        0x8 1f2003d5
 .text          0x0000000000013a50     0x12e8 /home/root/ccUMSD_230912c/obj/src/api/msdDrv_obj/msdFRER.o
                0x0000000000013a50                msdFrerSeqGenFlushAll
                0x0000000000013ae0                msdFrerSeqGenFlushEntry
                0x0000000000013b74                msdFrerSeqGenRead
                0x0000000000013c20                msdFrerSeqGenLoad
                0x0000000000013cb4                msdFrerIndvRcvyFlushAll
                0x0000000000013d40                msdFrerIndvRcvyFlushEntry
                0x0000000000013dd4                msdFrerIndvRcvyRead
                0x0000000000013e90                msdFrerIndvRcvyLoad
                0x0000000000013f24                msdFrerIndvRcvyGetNext
                0x0000000000013fe0                msdFrerIndvRcvyReadClear
                0x0000000000014094                msdFrerSeqRcvyFlushAll
                0x0000000000014120                msdFrerSeqRcvyFlushEntry
                0x00000000000141b4                msdFrerSeqRcvyRead
                0x0000000000014280                msdFrerSeqRcvyLoad
                0x0000000000014314                msdFrerSeqRcvyGetNext
                0x00000000000143e0                msdFrerSeqRcvyGetViolation
                0x00000000000144b0                msdFrerSeqRcvyReadClear
                0x0000000000014580                msdFrerBank0SCtrFlushAll
                0x0000000000014610                msdFrerBank0SCtrFlushCtr
                0x00000000000146a0                msdFrerBank0SCtrRead
                0x0000000000014754                msdFrerBank0SCtrLoad
                0x00000000000147f0                msdFrerBank0SCtrGetNext
                0x00000000000148a4                msdFrerBank0SCtrReadClear
                0x0000000000014960                msdFrerBank1SCtrFlushAll
                0x00000000000149f0                msdFrerBank1SCtrFlushCtr
                0x0000000000014a80                msdFrerBank1SCtrRead
                0x0000000000014b34                msdFrerBank1SCtrLoad
                0x0000000000014bd0                msdFrerBank1SCtrGetNext
                0x0000000000014c84                msdFrerBank1SCtrReadClear
 *fill*         0x0000000000014d38        0x8 1f2003d5
 .text          0x0000000000014d40     0x22c8 /home/root/ccUMSD_230912c/obj/src/api/msdDrv_obj/msdMACSec.o
                0x0000000000014d40                msdMacsecRead
                0x0000000000014e24                msdMacsecWrite
                0x0000000000014f10                msdMacsecFlushAll
                0x0000000000014fa0                msdMacsecGetEvent
                0x0000000000015034                msdMacsecCreateRule
                0x00000000000150e0                msdMacsecDeleteRule
                0x0000000000015174                msdMacsecGetRule
                0x0000000000015220                msdMacsecCreateRxSecY
                0x00000000000152d0                msdMacsecCreateTxSecY
                0x0000000000015380                msdMacsecDeleteTxSecY
                0x0000000000015414                msdMacsecDeleteRxSecY
                0x00000000000154b0                msdMacsecGetTxSecY
                0x0000000000015560                msdMacsecGetRxSecY
                0x0000000000015610                msdMacsecCreateRxSC
                0x00000000000156c0                msdMacsecDeleteRxSC
                0x0000000000015754                msdMacsecGetRxSC
                0x0000000000015800                msdMacsecCreateRxSA
                0x00000000000158b0                msdMacsecDeleteRxSA
                0x0000000000015944                msdMacsecGetRxSA
                0x00000000000159f0                msdMacsecGetRxSANextPN
                0x0000000000015aa0                msdMacsecCreateTxSC
                0x0000000000015b50                msdMacsecDeleteTxSC
                0x0000000000015be4                msdMacsecGetTxSC
                0x0000000000015c90                msdMacsecCreateTxSA
                0x0000000000015d40                msdMacsecDeleteTxSA
                0x0000000000015dd4                msdMacsecGetTxSA
                0x0000000000015e80                msdMacsecGetTxSANextPN
                0x0000000000015f30                msdMacsecGetRXSCStates
                0x0000000000015fe4                msdMacsecGetRXSecYStates
                0x00000000000160a0                msdMacsecGetTXSCStates
                0x0000000000016154                msdMacsecGetTXSecYStates
                0x0000000000016210                msdMacsecEnableEgressSet
                0x00000000000162c0                msdMacsecEnableIngressSet
                0x0000000000016370                msdMacsecEnableIngressGet
                0x0000000000016420                msdMacsecEnableEgressGet
                0x00000000000164d0                msdMacsecSetTxPNThreshold
                0x0000000000016564                msdMacsecGetTxPNThreshold
                0x0000000000016600                msdMacsecSetTxXPNThreshold
                0x0000000000016694                msdMacsecGetTxXPNThreshold
                0x0000000000016730                msdMacsecSetRxDefaultSCI
                0x00000000000167e0                msdMacsecGetRxDefaultSCI
                0x0000000000016890                msdMacsecSetTxSCIntCtrl
                0x0000000000016940                msdMacsecGetTxSCIntCtrl
                0x00000000000169f0                msdMacsecGetNextTxSCIntStatus
                0x0000000000016ac0                msdMacsecConfigureEgress
                0x0000000000016d80                msdMacsecConfigureIngress
 *(.gnu.warning)

.fini
 *(SORT_NONE(.fini))

.rodata
 *(.rodata)

.rodata.str1.8  0x0000000000000000      0x53c
 .rodata.str1.8
                0x0000000000000000       0x2c /home/root/ccUMSD_230912c/obj/src/api/msdDrv_obj/msdTCAM.o
 *fill*         0x000000000000002c        0x4 
 .rodata.str1.8
                0x0000000000000030       0x2c /home/root/ccUMSD_230912c/obj/src/api/msdDrv_obj/msdAdvVct.o
 *fill*         0x000000000000005c        0x4 
 .rodata.str1.8
                0x0000000000000060       0x2c /home/root/ccUMSD_230912c/obj/src/api/msdDrv_obj/msdBrgFdb.o
 *fill*         0x000000000000008c        0x4 
 .rodata.str1.8
                0x0000000000000090       0x2c /home/root/ccUMSD_230912c/obj/src/api/msdDrv_obj/msdBrgVtu.o
 *fill*         0x00000000000000bc        0x4 
 .rodata.str1.8
                0x00000000000000c0       0x2c /home/root/ccUMSD_230912c/obj/src/api/msdDrv_obj/msdBrgStu.o
 *fill*         0x00000000000000ec        0x4 
 .rodata.str1.8
                0x00000000000000f0       0x2c /home/root/ccUMSD_230912c/obj/src/api/msdDrv_obj/msdPIRL.o
 *fill*         0x000000000000011c        0x4 
 .rodata.str1.8
                0x0000000000000120       0x2c /home/root/ccUMSD_230912c/obj/src/api/msdDrv_obj/msdPortRmon.o
 *fill*         0x000000000000014c        0x4 
 .rodata.str1.8
                0x0000000000000150       0x2c /home/root/ccUMSD_230912c/obj/src/api/msdDrv_obj/msdPortCtrl.o
 *fill*         0x000000000000017c        0x4 
 .rodata.str1.8
                0x0000000000000180       0x2c /home/root/ccUMSD_230912c/obj/src/api/msdDrv_obj/msdQosMap.o
 *fill*         0x00000000000001ac        0x4 
 .rodata.str1.8
                0x00000000000001b0       0x2c /home/root/ccUMSD_230912c/obj/src/api/msdDrv_obj/msdQav.o
 *fill*         0x00000000000001dc        0x4 
 .rodata.str1.8
                0x00000000000001e0       0x2c /home/root/ccUMSD_230912c/obj/src/api/msdDrv_obj/msdQueueCtrl.o
 *fill*         0x000000000000020c        0x4 
 .rodata.str1.8
                0x0000000000000210       0x2c /home/root/ccUMSD_230912c/obj/src/api/msdDrv_obj/msdSysCtrl.o
 *fill*         0x000000000000023c        0x4 
 .rodata.str1.8
                0x0000000000000240       0x2c /home/root/ccUMSD_230912c/obj/src/api/msdDrv_obj/msdPhyCtrl.o
 *fill*         0x000000000000026c        0x4 
 .rodata.str1.8
                0x0000000000000270       0x2c /home/root/ccUMSD_230912c/obj/src/api/msdDrv_obj/msdIMP.o
 *fill*         0x000000000000029c        0x4 
 .rodata.str1.8
                0x00000000000002a0       0x2c /home/root/ccUMSD_230912c/obj/src/api/msdDrv_obj/msdRMU.o
 *fill*         0x00000000000002cc        0x4 
 .rodata.str1.8
                0x00000000000002d0       0x2c /home/root/ccUMSD_230912c/obj/src/api/msdDrv_obj/msdTrunk.o
 *fill*         0x00000000000002fc        0x4 
 .rodata.str1.8
                0x0000000000000300       0x2c /home/root/ccUMSD_230912c/obj/src/api/msdDrv_obj/msdPTP.o
 *fill*         0x000000000000032c        0x4 
 .rodata.str1.8
                0x0000000000000330       0x2c /home/root/ccUMSD_230912c/obj/src/api/msdDrv_obj/msdLed.o
 *fill*         0x000000000000035c        0x4 
 .rodata.str1.8
                0x0000000000000360       0x2c /home/root/ccUMSD_230912c/obj/src/api/msdDrv_obj/msdArp.o
 *fill*         0x000000000000038c        0x4 
 .rodata.str1.8
                0x0000000000000390       0x2c /home/root/ccUMSD_230912c/obj/src/api/msdDrv_obj/msdEcid.o
 *fill*         0x00000000000003bc        0x4 
 .rodata.str1.8
                0x00000000000003c0       0x2c /home/root/ccUMSD_230912c/obj/src/api/msdDrv_obj/msdEEPROM.o
 *fill*         0x00000000000003ec        0x4 
 .rodata.str1.8
                0x00000000000003f0       0x2c /home/root/ccUMSD_230912c/obj/src/api/msdDrv_obj/msdPolicy.o
 *fill*         0x000000000000041c        0x4 
 .rodata.str1.8
                0x0000000000000420       0x2c /home/root/ccUMSD_230912c/obj/src/api/msdDrv_obj/msdTCAMRC.o
 *fill*         0x000000000000044c        0x4 
 .rodata.str1.8
                0x0000000000000450       0x2c /home/root/ccUMSD_230912c/obj/src/api/msdDrv_obj/msdTCAMRCComp.o
 *fill*         0x000000000000047c        0x4 
 .rodata.str1.8
                0x0000000000000480       0x2c /home/root/ccUMSD_230912c/obj/src/api/msdDrv_obj/msdQci.o
 *fill*         0x00000000000004ac        0x4 
 .rodata.str1.8
                0x00000000000004b0       0x2c /home/root/ccUMSD_230912c/obj/src/api/msdDrv_obj/msdQcr.o
 *fill*         0x00000000000004dc        0x4 
 .rodata.str1.8
                0x00000000000004e0       0x2c /home/root/ccUMSD_230912c/obj/src/api/msdDrv_obj/msdFRER.o
 *fill*         0x000000000000050c        0x4 
 .rodata.str1.8
                0x0000000000000510       0x2c /home/root/ccUMSD_230912c/obj/src/api/msdDrv_obj/msdMACSec.o

.rodata1
 *(.rodata1)

.eh_frame_hdr
 *(.eh_frame_hdr)

.eh_frame       0x0000000000000000     0x88c4
 *(.eh_frame)
 .eh_frame      0x0000000000000000      0x468 /home/root/ccUMSD_230912c/obj/src/api/msdDrv_obj/msdTCAM.o
 .eh_frame      0x0000000000000468       0x98 /home/root/ccUMSD_230912c/obj/src/api/msdDrv_obj/msdAdvVct.o
 .eh_frame      0x0000000000000500      0x830 /home/root/ccUMSD_230912c/obj/src/api/msdDrv_obj/msdBrgFdb.o
 .eh_frame      0x0000000000000d30      0x320 /home/root/ccUMSD_230912c/obj/src/api/msdDrv_obj/msdBrgVtu.o
 .eh_frame      0x0000000000001050      0x178 /home/root/ccUMSD_230912c/obj/src/api/msdDrv_obj/msdBrgStu.o
 .eh_frame      0x00000000000011c8      0x290 /home/root/ccUMSD_230912c/obj/src/api/msdDrv_obj/msdPIRL.o
 .eh_frame      0x0000000000001458      0x1b0 /home/root/ccUMSD_230912c/obj/src/api/msdDrv_obj/msdPortRmon.o
 .eh_frame      0x0000000000001608     0x19a8 /home/root/ccUMSD_230912c/obj/src/api/msdDrv_obj/msdPortCtrl.o
 .eh_frame      0x0000000000002fb0      0x400 /home/root/ccUMSD_230912c/obj/src/api/msdDrv_obj/msdQosMap.o
 .eh_frame      0x00000000000033b0      0x128 /home/root/ccUMSD_230912c/obj/src/api/msdDrv_obj/msdQav.o
 .eh_frame      0x00000000000034d8      0x210 /home/root/ccUMSD_230912c/obj/src/api/msdDrv_obj/msdQueueCtrl.o
 .eh_frame      0x00000000000036e8      0x680 /home/root/ccUMSD_230912c/obj/src/api/msdDrv_obj/msdSysCtrl.o
 .eh_frame      0x0000000000003d68      0x308 /home/root/ccUMSD_230912c/obj/src/api/msdDrv_obj/msdPhyCtrl.o
 .eh_frame      0x0000000000004070      0x180 /home/root/ccUMSD_230912c/obj/src/api/msdDrv_obj/msdIMP.o
 .eh_frame      0x00000000000041f0      0x2a0 /home/root/ccUMSD_230912c/obj/src/api/msdDrv_obj/msdRMU.o
 .eh_frame      0x0000000000004490      0x290 /home/root/ccUMSD_230912c/obj/src/api/msdDrv_obj/msdTrunk.o
 .eh_frame      0x0000000000004720      0xad0 /home/root/ccUMSD_230912c/obj/src/api/msdDrv_obj/msdPTP.o
 .eh_frame      0x00000000000051f0      0x3a0 /home/root/ccUMSD_230912c/obj/src/api/msdDrv_obj/msdLed.o
 .eh_frame      0x0000000000005590      0x188 /home/root/ccUMSD_230912c/obj/src/api/msdDrv_obj/msdArp.o
 .eh_frame      0x0000000000005718      0x278 /home/root/ccUMSD_230912c/obj/src/api/msdDrv_obj/msdEcid.o
 .eh_frame      0x0000000000005990      0x108 /home/root/ccUMSD_230912c/obj/src/api/msdDrv_obj/msdEEPROM.o
 .eh_frame      0x0000000000005a98      0xe58 /home/root/ccUMSD_230912c/obj/src/api/msdDrv_obj/msdPolicy.o
 .eh_frame      0x00000000000068f0      0x1c0 /home/root/ccUMSD_230912c/obj/src/api/msdDrv_obj/msdTCAMRC.o
 .eh_frame      0x0000000000006ab0      0x108 /home/root/ccUMSD_230912c/obj/src/api/msdDrv_obj/msdTCAMRCComp.o
 .eh_frame      0x0000000000006bb8      0x6e0 /home/root/ccUMSD_230912c/obj/src/api/msdDrv_obj/msdQci.o
 .eh_frame      0x0000000000007298      0x340 /home/root/ccUMSD_230912c/obj/src/api/msdDrv_obj/msdQcr.o
 .eh_frame      0x00000000000075d8      0x730 /home/root/ccUMSD_230912c/obj/src/api/msdDrv_obj/msdFRER.o
 .eh_frame      0x0000000000007d08      0xbbc /home/root/ccUMSD_230912c/obj/src/api/msdDrv_obj/msdMACSec.o
                                        0xbc0 (size before relaxing)

.gcc_except_table
 *(.gcc_except_table)

.gnu_extab
 *(.gnu_extab*)

.exception_ranges
 *(.exception_ranges)

.eh_frame
 *(.eh_frame)

.gnu_extab
 *(.gnu_extab)

.gcc_except_table
 *(.gcc_except_table)

.exception_ranges
 *(.exception_ranges)

.tdata
 *(.tdata)

.tbss
 *(.tbss)

.jcr
 *(.jcr)

.dynamic
 *(.dynamic)

.got
 *(.got)

.got.plt
 *(.got.plt)

.data           0x0000000000000000        0x0
 *(.data)
 .data          0x0000000000000000        0x0 /home/root/ccUMSD_230912c/obj/src/api/msdDrv_obj/msdTCAM.o
 .data          0x0000000000000000        0x0 /home/root/ccUMSD_230912c/obj/src/api/msdDrv_obj/msdAdvVct.o
 .data          0x0000000000000000        0x0 /home/root/ccUMSD_230912c/obj/src/api/msdDrv_obj/msdBrgFdb.o
 .data          0x0000000000000000        0x0 /home/root/ccUMSD_230912c/obj/src/api/msdDrv_obj/msdBrgVtu.o
 .data          0x0000000000000000        0x0 /home/root/ccUMSD_230912c/obj/src/api/msdDrv_obj/msdBrgStu.o
 .data          0x0000000000000000        0x0 /home/root/ccUMSD_230912c/obj/src/api/msdDrv_obj/msdPIRL.o
 .data          0x0000000000000000        0x0 /home/root/ccUMSD_230912c/obj/src/api/msdDrv_obj/msdPortRmon.o
 .data          0x0000000000000000        0x0 /home/root/ccUMSD_230912c/obj/src/api/msdDrv_obj/msdPortCtrl.o
 .data          0x0000000000000000        0x0 /home/root/ccUMSD_230912c/obj/src/api/msdDrv_obj/msdQosMap.o
 .data          0x0000000000000000        0x0 /home/root/ccUMSD_230912c/obj/src/api/msdDrv_obj/msdQav.o
 .data          0x0000000000000000        0x0 /home/root/ccUMSD_230912c/obj/src/api/msdDrv_obj/msdQueueCtrl.o
 .data          0x0000000000000000        0x0 /home/root/ccUMSD_230912c/obj/src/api/msdDrv_obj/msdSysCtrl.o
 .data          0x0000000000000000        0x0 /home/root/ccUMSD_230912c/obj/src/api/msdDrv_obj/msdPhyCtrl.o
 .data          0x0000000000000000        0x0 /home/root/ccUMSD_230912c/obj/src/api/msdDrv_obj/msdIMP.o
 .data          0x0000000000000000        0x0 /home/root/ccUMSD_230912c/obj/src/api/msdDrv_obj/msdRMU.o
 .data          0x0000000000000000        0x0 /home/root/ccUMSD_230912c/obj/src/api/msdDrv_obj/msdTrunk.o
 .data          0x0000000000000000        0x0 /home/root/ccUMSD_230912c/obj/src/api/msdDrv_obj/msdPTP.o
 .data          0x0000000000000000        0x0 /home/root/ccUMSD_230912c/obj/src/api/msdDrv_obj/msdLed.o
 .data          0x0000000000000000        0x0 /home/root/ccUMSD_230912c/obj/src/api/msdDrv_obj/msdArp.o
 .data          0x0000000000000000        0x0 /home/root/ccUMSD_230912c/obj/src/api/msdDrv_obj/msdEcid.o
 .data          0x0000000000000000        0x0 /home/root/ccUMSD_230912c/obj/src/api/msdDrv_obj/msdEEPROM.o
 .data          0x0000000000000000        0x0 /home/root/ccUMSD_230912c/obj/src/api/msdDrv_obj/msdPolicy.o
 .data          0x0000000000000000        0x0 /home/root/ccUMSD_230912c/obj/src/api/msdDrv_obj/msdTCAMRC.o
 .data          0x0000000000000000        0x0 /home/root/ccUMSD_230912c/obj/src/api/msdDrv_obj/msdTCAMRCComp.o
 .data          0x0000000000000000        0x0 /home/root/ccUMSD_230912c/obj/src/api/msdDrv_obj/msdQci.o
 .data          0x0000000000000000        0x0 /home/root/ccUMSD_230912c/obj/src/api/msdDrv_obj/msdQcr.o
 .data          0x0000000000000000        0x0 /home/root/ccUMSD_230912c/obj/src/api/msdDrv_obj/msdFRER.o
 .data          0x0000000000000000        0x0 /home/root/ccUMSD_230912c/obj/src/api/msdDrv_obj/msdMACSec.o

.data1
 *(.data1)

.bss            0x0000000000000000        0x0
 *(.bss)
 .bss           0x0000000000000000        0x0 /home/root/ccUMSD_230912c/obj/src/api/msdDrv_obj/msdTCAM.o
 .bss           0x0000000000000000        0x0 /home/root/ccUMSD_230912c/obj/src/api/msdDrv_obj/msdAdvVct.o
 .bss           0x0000000000000000        0x0 /home/root/ccUMSD_230912c/obj/src/api/msdDrv_obj/msdBrgFdb.o
 .bss           0x0000000000000000        0x0 /home/root/ccUMSD_230912c/obj/src/api/msdDrv_obj/msdBrgVtu.o
 .bss           0x0000000000000000        0x0 /home/root/ccUMSD_230912c/obj/src/api/msdDrv_obj/msdBrgStu.o
 .bss           0x0000000000000000        0x0 /home/root/ccUMSD_230912c/obj/src/api/msdDrv_obj/msdPIRL.o
 .bss           0x0000000000000000        0x0 /home/root/ccUMSD_230912c/obj/src/api/msdDrv_obj/msdPortRmon.o
 .bss           0x0000000000000000        0x0 /home/root/ccUMSD_230912c/obj/src/api/msdDrv_obj/msdPortCtrl.o
 .bss           0x0000000000000000        0x0 /home/root/ccUMSD_230912c/obj/src/api/msdDrv_obj/msdQosMap.o
 .bss           0x0000000000000000        0x0 /home/root/ccUMSD_230912c/obj/src/api/msdDrv_obj/msdQav.o
 .bss           0x0000000000000000        0x0 /home/root/ccUMSD_230912c/obj/src/api/msdDrv_obj/msdQueueCtrl.o
 .bss           0x0000000000000000        0x0 /home/root/ccUMSD_230912c/obj/src/api/msdDrv_obj/msdSysCtrl.o
 .bss           0x0000000000000000        0x0 /home/root/ccUMSD_230912c/obj/src/api/msdDrv_obj/msdPhyCtrl.o
 .bss           0x0000000000000000        0x0 /home/root/ccUMSD_230912c/obj/src/api/msdDrv_obj/msdIMP.o
 .bss           0x0000000000000000        0x0 /home/root/ccUMSD_230912c/obj/src/api/msdDrv_obj/msdRMU.o
 .bss           0x0000000000000000        0x0 /home/root/ccUMSD_230912c/obj/src/api/msdDrv_obj/msdTrunk.o
 .bss           0x0000000000000000        0x0 /home/root/ccUMSD_230912c/obj/src/api/msdDrv_obj/msdPTP.o
 .bss           0x0000000000000000        0x0 /home/root/ccUMSD_230912c/obj/src/api/msdDrv_obj/msdLed.o
 .bss           0x0000000000000000        0x0 /home/root/ccUMSD_230912c/obj/src/api/msdDrv_obj/msdArp.o
 .bss           0x0000000000000000        0x0 /home/root/ccUMSD_230912c/obj/src/api/msdDrv_obj/msdEcid.o
 .bss           0x0000000000000000        0x0 /home/root/ccUMSD_230912c/obj/src/api/msdDrv_obj/msdEEPROM.o
 .bss           0x0000000000000000        0x0 /home/root/ccUMSD_230912c/obj/src/api/msdDrv_obj/msdPolicy.o
 .bss           0x0000000000000000        0x0 /home/root/ccUMSD_230912c/obj/src/api/msdDrv_obj/msdTCAMRC.o
 .bss           0x0000000000000000        0x0 /home/root/ccUMSD_230912c/obj/src/api/msdDrv_obj/msdTCAMRCComp.o
 .bss           0x0000000000000000        0x0 /home/root/ccUMSD_230912c/obj/src/api/msdDrv_obj/msdQci.o
 .bss           0x0000000000000000        0x0 /home/root/ccUMSD_230912c/obj/src/api/msdDrv_obj/msdQcr.o
 .bss           0x0000000000000000        0x0 /home/root/ccUMSD_230912c/obj/src/api/msdDrv_obj/msdFRER.o
 .bss           0x0000000000000000        0x0 /home/root/ccUMSD_230912c/obj/src/api/msdDrv_obj/msdMACSec.o

.stab
 *(.stab)

.stabstr
 *(.stabstr)

.stab.excl
 *(.stab.excl)

.stab.exclstr
 *(.stab.exclstr)

.stab.index
 *(.stab.index)

.stab.indexstr
 *(.stab.indexstr)

.comment        0x0000000000000000      0x214
 *(.comment)
 .comment       0x0000000000000000       0x13 /home/root/ccUMSD_230912c/obj/src/api/msdDrv_obj/msdTCAM.o
 .comment       0x0000000000000013       0x13 /home/root/ccUMSD_230912c/obj/src/api/msdDrv_obj/msdAdvVct.o
 .comment       0x0000000000000026       0x13 /home/root/ccUMSD_230912c/obj/src/api/msdDrv_obj/msdBrgFdb.o
 .comment       0x0000000000000039       0x13 /home/root/ccUMSD_230912c/obj/src/api/msdDrv_obj/msdBrgVtu.o
 .comment       0x000000000000004c       0x13 /home/root/ccUMSD_230912c/obj/src/api/msdDrv_obj/msdBrgStu.o
 .comment       0x000000000000005f       0x13 /home/root/ccUMSD_230912c/obj/src/api/msdDrv_obj/msdPIRL.o
 .comment       0x0000000000000072       0x13 /home/root/ccUMSD_230912c/obj/src/api/msdDrv_obj/msdPortRmon.o
 .comment       0x0000000000000085       0x13 /home/root/ccUMSD_230912c/obj/src/api/msdDrv_obj/msdPortCtrl.o
 .comment       0x0000000000000098       0x13 /home/root/ccUMSD_230912c/obj/src/api/msdDrv_obj/msdQosMap.o
 .comment       0x00000000000000ab       0x13 /home/root/ccUMSD_230912c/obj/src/api/msdDrv_obj/msdQav.o
 .comment       0x00000000000000be       0x13 /home/root/ccUMSD_230912c/obj/src/api/msdDrv_obj/msdQueueCtrl.o
 .comment       0x00000000000000d1       0x13 /home/root/ccUMSD_230912c/obj/src/api/msdDrv_obj/msdSysCtrl.o
 .comment       0x00000000000000e4       0x13 /home/root/ccUMSD_230912c/obj/src/api/msdDrv_obj/msdPhyCtrl.o
 .comment       0x00000000000000f7       0x13 /home/root/ccUMSD_230912c/obj/src/api/msdDrv_obj/msdIMP.o
 .comment       0x000000000000010a       0x13 /home/root/ccUMSD_230912c/obj/src/api/msdDrv_obj/msdRMU.o
 .comment       0x000000000000011d       0x13 /home/root/ccUMSD_230912c/obj/src/api/msdDrv_obj/msdTrunk.o
 .comment       0x0000000000000130       0x13 /home/root/ccUMSD_230912c/obj/src/api/msdDrv_obj/msdPTP.o
 .comment       0x0000000000000143       0x13 /home/root/ccUMSD_230912c/obj/src/api/msdDrv_obj/msdLed.o
 .comment       0x0000000000000156       0x13 /home/root/ccUMSD_230912c/obj/src/api/msdDrv_obj/msdArp.o
 .comment       0x0000000000000169       0x13 /home/root/ccUMSD_230912c/obj/src/api/msdDrv_obj/msdEcid.o
 .comment       0x000000000000017c       0x13 /home/root/ccUMSD_230912c/obj/src/api/msdDrv_obj/msdEEPROM.o
 .comment       0x000000000000018f       0x13 /home/root/ccUMSD_230912c/obj/src/api/msdDrv_obj/msdPolicy.o
 .comment       0x00000000000001a2       0x13 /home/root/ccUMSD_230912c/obj/src/api/msdDrv_obj/msdTCAMRC.o
 .comment       0x00000000000001b5       0x13 /home/root/ccUMSD_230912c/obj/src/api/msdDrv_obj/msdTCAMRCComp.o
 .comment       0x00000000000001c8       0x13 /home/root/ccUMSD_230912c/obj/src/api/msdDrv_obj/msdQci.o
 .comment       0x00000000000001db       0x13 /home/root/ccUMSD_230912c/obj/src/api/msdDrv_obj/msdQcr.o
 .comment       0x00000000000001ee       0x13 /home/root/ccUMSD_230912c/obj/src/api/msdDrv_obj/msdFRER.o
 .comment       0x0000000000000201       0x13 /home/root/ccUMSD_230912c/obj/src/api/msdDrv_obj/msdMACSec.o

.note.GNU-stack
                0x0000000000000000        0x0
 .note.GNU-stack
                0x0000000000000000        0x0 /home/root/ccUMSD_230912c/obj/src/api/msdDrv_obj/msdTCAM.o
 .note.GNU-stack
                0x0000000000000000        0x0 /home/root/ccUMSD_230912c/obj/src/api/msdDrv_obj/msdAdvVct.o
 .note.GNU-stack
                0x0000000000000000        0x0 /home/root/ccUMSD_230912c/obj/src/api/msdDrv_obj/msdBrgFdb.o
 .note.GNU-stack
                0x0000000000000000        0x0 /home/root/ccUMSD_230912c/obj/src/api/msdDrv_obj/msdBrgVtu.o
 .note.GNU-stack
                0x0000000000000000        0x0 /home/root/ccUMSD_230912c/obj/src/api/msdDrv_obj/msdBrgStu.o
 .note.GNU-stack
                0x0000000000000000        0x0 /home/root/ccUMSD_230912c/obj/src/api/msdDrv_obj/msdPIRL.o
 .note.GNU-stack
                0x0000000000000000        0x0 /home/root/ccUMSD_230912c/obj/src/api/msdDrv_obj/msdPortRmon.o
 .note.GNU-stack
                0x0000000000000000        0x0 /home/root/ccUMSD_230912c/obj/src/api/msdDrv_obj/msdPortCtrl.o
 .note.GNU-stack
                0x0000000000000000        0x0 /home/root/ccUMSD_230912c/obj/src/api/msdDrv_obj/msdQosMap.o
 .note.GNU-stack
                0x0000000000000000        0x0 /home/root/ccUMSD_230912c/obj/src/api/msdDrv_obj/msdQav.o
 .note.GNU-stack
                0x0000000000000000        0x0 /home/root/ccUMSD_230912c/obj/src/api/msdDrv_obj/msdQueueCtrl.o
 .note.GNU-stack
                0x0000000000000000        0x0 /home/root/ccUMSD_230912c/obj/src/api/msdDrv_obj/msdSysCtrl.o
 .note.GNU-stack
                0x0000000000000000        0x0 /home/root/ccUMSD_230912c/obj/src/api/msdDrv_obj/msdPhyCtrl.o
 .note.GNU-stack
                0x0000000000000000        0x0 /home/root/ccUMSD_230912c/obj/src/api/msdDrv_obj/msdIMP.o
 .note.GNU-stack
                0x0000000000000000        0x0 /home/root/ccUMSD_230912c/obj/src/api/msdDrv_obj/msdRMU.o
 .note.GNU-stack
                0x0000000000000000        0x0 /home/root/ccUMSD_230912c/obj/src/api/msdDrv_obj/msdTrunk.o
 .note.GNU-stack
                0x0000000000000000        0x0 /home/root/ccUMSD_230912c/obj/src/api/msdDrv_obj/msdPTP.o
 .note.GNU-stack
                0x0000000000000000        0x0 /home/root/ccUMSD_230912c/obj/src/api/msdDrv_obj/msdLed.o
 .note.GNU-stack
                0x0000000000000000        0x0 /home/root/ccUMSD_230912c/obj/src/api/msdDrv_obj/msdArp.o
 .note.GNU-stack
                0x0000000000000000        0x0 /home/root/ccUMSD_230912c/obj/src/api/msdDrv_obj/msdEcid.o
 .note.GNU-stack
                0x0000000000000000        0x0 /home/root/ccUMSD_230912c/obj/src/api/msdDrv_obj/msdEEPROM.o
 .note.GNU-stack
                0x0000000000000000        0x0 /home/root/ccUMSD_230912c/obj/src/api/msdDrv_obj/msdPolicy.o
 .note.GNU-stack
                0x0000000000000000        0x0 /home/root/ccUMSD_230912c/obj/src/api/msdDrv_obj/msdTCAMRC.o
 .note.GNU-stack
                0x0000000000000000        0x0 /home/root/ccUMSD_230912c/obj/src/api/msdDrv_obj/msdTCAMRCComp.o
 .note.GNU-stack
                0x0000000000000000        0x0 /home/root/ccUMSD_230912c/obj/src/api/msdDrv_obj/msdQci.o
 .note.GNU-stack
                0x0000000000000000        0x0 /home/root/ccUMSD_230912c/obj/src/api/msdDrv_obj/msdQcr.o
 .note.GNU-stack
                0x0000000000000000        0x0 /home/root/ccUMSD_230912c/obj/src/api/msdDrv_obj/msdFRER.o
 .note.GNU-stack
                0x0000000000000000        0x0 /home/root/ccUMSD_230912c/obj/src/api/msdDrv_obj/msdMACSec.o

.gnu.build.attributes
 *(.gnu.build.attributes)

.debug
 *(.debug)

.line
 *(.line)

.debug_srcinfo
 *(.debug_srcinfo)

.debug_sfnames
 *(.debug_sfnames)

.debug_aranges
 *(.debug_aranges)

.debug_pubnames
 *(.debug_pubnames)

.debug_info
 *(.debug_info)

.debug_abbrev
 *(.debug_abbrev)

.debug_line
 *(.debug_line)

.debug_frame
 *(.debug_frame)

.debug_str
 *(.debug_str)

.debug_loc
 *(.debug_loc)

.debug_macinfo
 *(.debug_macinfo)

.debug_weaknames
 *(.debug_weaknames)

.debug_funcnames
 *(.debug_funcnames)

.debug_typenames
 *(.debug_typenames)

.debug_varnames
 *(.debug_varnames)

.debug_pubtypes
 *(.debug_pubtypes)

.debug_ranges
 *(.debug_ranges)

.debug_macro
 *(.debug_macro)

.debug_addr
 *(.debug_addr)

.ARM.attributes
 *(.ARM.attributes)
 *(.gnu.attributes)

.note.gnu.arm.ident
 *(.note.gnu.arm.ident)
OUTPUT(/home/root/ccUMSD_230912c/obj/src/api/msdDrv_obj/api.o elf64-littleaarch64)
LOAD linker stubs
