
Memory Configuration

Name             Origin             Length             Attributes
*default*        0x0000000000000000 0xffffffffffffffff

Linker script and memory map

LOAD /home/root/ccUMSD_230912c/obj/src/driver/msdDrv_obj/msdSysConfig.o
LOAD /home/root/ccUMSD_230912c/obj/src/driver/msdDrv_obj/msdHwAccess.o
LOAD /home/root/ccUMSD_230912c/obj/src/driver/msdDrv_obj/msdVersion.o
LOAD /home/root/ccUMSD_230912c/obj/src/driver/msdDrv_obj/msdDevObj.o

.interp
 *(.interp)

.note.gnu.build-id
 *(.note.gnu.build-id)

.hash
 *(.hash)

.gnu.hash
 *(.gnu.hash)

.dynsym
 *(.dynsym)

.dynstr
 *(.dynstr)

.gnu.version
 *(.gnu.version)

.gnu.version_d
 *(.gnu.version_d)

.gnu.version_r
 *(.gnu.version_r)

.rela.init
 *(.rela.init)

.rela.text
 *(.rela.text)

.rela.fini
 *(.rela.fini)

.rela.rodata
 *(.rela.rodata)

.rela.data.rel.ro
 *(.rela.data.rel.ro)

.rela.data
 *(.rela.data)

.rela.tdata
 *(.rela.tdata)

.rela.tbss
 *(.rela.tbss)

.rela.ctors
 *(.rela.ctors)

.rela.dtors
 *(.rela.dtors)

.rela.got
 *(.rela.got)

.rela.bss
 *(.rela.bss)

.rela.ifunc
 *(.rela.ifunc)

.rela.plt
 *(.rela.plt)

.init
 *(SORT_NONE(.init))

.plt
 *(.plt)

.text           0x0000000000000000     0x3da4
 *(.text .stub)
 .text          0x0000000000000000      0xbd4 /home/root/ccUMSD_230912c/obj/src/driver/msdDrv_obj/msdSysConfig.o
                0x0000000000000000                msdUnLoadDriver
                0x0000000000000144                msdLoadDriver
                0x0000000000000790                msdSetDriverInterface
                0x00000000000007c4                msdGetDriverInterface
                0x0000000000000800                sohoDevGet
                0x0000000000000824                msdlport2port
                0x0000000000000864                msdport2lport
                0x00000000000008d0                msdlportvec2portvec
                0x0000000000000920                msdportvec2lportvec
                0x0000000000000960                msdlport2phy
                0x00000000000009c0                msdlport2serdes
                0x0000000000000b20                msdEnableHwSemaphore
                0x0000000000000b90                msdDisableHwSemaphore
 *fill*         0x0000000000000bd4        0xc 1f2003d5
 .text          0x0000000000000be0     0x14cc /home/root/ccUMSD_230912c/obj/src/driver/msdDrv_obj/msdHwAccess.o
                0x0000000000000dd0                msdSetSMIC45PhyReg
                0x0000000000000e50                msdGetSMIC45PhyReg
                0x0000000000000ed0                msdSetSMIPhyReg
                0x0000000000000f44                msdGetSMIPhyReg
                0x0000000000000fc0                msdSetSMIPhyXMDIOReg
                0x0000000000001040                msdGetSMIPhyXMDIOReg
                0x00000000000010c0                msdSetSMIExtPhyReg
                0x0000000000001134                msdGetSMIExtPhyReg
                0x00000000000011b0                msdSetSMIExtPhyXMDIOReg
                0x0000000000001230                msdGetSMIExtPhyXMDIOReg
                0x00000000000012b0                msdRmuTxRxPkt
                0x00000000000012e0                msdRmuReqPktCreate
                0x0000000000001534                msdRmuPackEthReqPkt
                0x0000000000001844                msdSetAnyReg
                0x0000000000001960                msdSetAnyExtendedReg
                0x0000000000001bc0                msdGetAnyReg
                0x0000000000001ce0                msdSetAnyRegField
                0x0000000000001da0                msdGetAnyRegField
                0x0000000000001e30                msdGetAnyExtendedReg
                0x0000000000001f70                msdSetAnyExtendedRegField
                0x0000000000002030                msdGetAnyExtendedRegField
 *fill*         0x00000000000020ac        0x4 1f2003d5
 .text          0x00000000000020b0       0x84 /home/root/ccUMSD_230912c/obj/src/driver/msdDrv_obj/msdVersion.o
                0x00000000000020b0                msdVersion
 *fill*         0x0000000000002134        0xc 1f2003d5
 .text          0x0000000000002140     0x1c64 /home/root/ccUMSD_230912c/obj/src/driver/msdDrv_obj/msdDevObj.o
                0x0000000000002140                InitDevObj
 *(.gnu.warning)

.fini
 *(SORT_NONE(.fini))

.rodata         0x0000000000000000        0xe
 *(.rodata)
 .rodata        0x0000000000000000        0xe /home/root/ccUMSD_230912c/obj/src/driver/msdDrv_obj/msdHwAccess.o

.rodata1
 *(.rodata1)

.eh_frame_hdr
 *(.eh_frame_hdr)

.eh_frame       0x0000000000000000      0x8e4
 *(.eh_frame)
 .eh_frame      0x0000000000000000      0x1d0 /home/root/ccUMSD_230912c/obj/src/driver/msdDrv_obj/msdSysConfig.o
 .eh_frame      0x00000000000001d0      0x690 /home/root/ccUMSD_230912c/obj/src/driver/msdDrv_obj/msdHwAccess.o
 .eh_frame      0x0000000000000860       0x48 /home/root/ccUMSD_230912c/obj/src/driver/msdDrv_obj/msdVersion.o
 .eh_frame      0x00000000000008a8       0x3c /home/root/ccUMSD_230912c/obj/src/driver/msdDrv_obj/msdDevObj.o
                                         0x40 (size before relaxing)

.gcc_except_table
 *(.gcc_except_table)

.gnu_extab
 *(.gnu_extab*)

.exception_ranges
 *(.exception_ranges)

.eh_frame
 *(.eh_frame)

.gnu_extab
 *(.gnu_extab)

.gcc_except_table
 *(.gcc_except_table)

.exception_ranges
 *(.exception_ranges)

.tdata
 *(.tdata)

.tbss
 *(.tbss)

.jcr
 *(.jcr)

.dynamic
 *(.dynamic)

.got
 *(.got)

.got.plt
 *(.got.plt)

.data           0x0000000000000000        0x6
 *(.data)
 .data          0x0000000000000000        0x0 /home/root/ccUMSD_230912c/obj/src/driver/msdDrv_obj/msdSysConfig.o
 .data          0x0000000000000000        0x0 /home/root/ccUMSD_230912c/obj/src/driver/msdDrv_obj/msdHwAccess.o
 .data          0x0000000000000000        0x6 /home/root/ccUMSD_230912c/obj/src/driver/msdDrv_obj/msdVersion.o
                0x0000000000000000                msdApiVersion
 .data          0x0000000000000006        0x0 /home/root/ccUMSD_230912c/obj/src/driver/msdDrv_obj/msdDevObj.o

.data1
 *(.data1)

.bss            0x0000000000000000    0x23b00
 *(.bss)
 .bss           0x0000000000000000    0x23b00 /home/root/ccUMSD_230912c/obj/src/driver/msdDrv_obj/msdSysConfig.o
 .bss           0x0000000000023b00        0x0 /home/root/ccUMSD_230912c/obj/src/driver/msdDrv_obj/msdHwAccess.o
 .bss           0x0000000000023b00        0x0 /home/root/ccUMSD_230912c/obj/src/driver/msdDrv_obj/msdVersion.o
 .bss           0x0000000000023b00        0x0 /home/root/ccUMSD_230912c/obj/src/driver/msdDrv_obj/msdDevObj.o

.stab
 *(.stab)

.stabstr
 *(.stabstr)

.stab.excl
 *(.stab.excl)

.stab.exclstr
 *(.stab.exclstr)

.stab.index
 *(.stab.index)

.stab.indexstr
 *(.stab.indexstr)

.comment        0x0000000000000000       0x4c
 *(.comment)
 .comment       0x0000000000000000       0x13 /home/root/ccUMSD_230912c/obj/src/driver/msdDrv_obj/msdSysConfig.o
 .comment       0x0000000000000013       0x13 /home/root/ccUMSD_230912c/obj/src/driver/msdDrv_obj/msdHwAccess.o
 .comment       0x0000000000000026       0x13 /home/root/ccUMSD_230912c/obj/src/driver/msdDrv_obj/msdVersion.o
 .comment       0x0000000000000039       0x13 /home/root/ccUMSD_230912c/obj/src/driver/msdDrv_obj/msdDevObj.o

.note.GNU-stack
                0x0000000000000000        0x0
 .note.GNU-stack
                0x0000000000000000        0x0 /home/root/ccUMSD_230912c/obj/src/driver/msdDrv_obj/msdSysConfig.o
 .note.GNU-stack
                0x0000000000000000        0x0 /home/root/ccUMSD_230912c/obj/src/driver/msdDrv_obj/msdHwAccess.o
 .note.GNU-stack
                0x0000000000000000        0x0 /home/root/ccUMSD_230912c/obj/src/driver/msdDrv_obj/msdVersion.o
 .note.GNU-stack
                0x0000000000000000        0x0 /home/root/ccUMSD_230912c/obj/src/driver/msdDrv_obj/msdDevObj.o

.gnu.build.attributes
 *(.gnu.build.attributes)

.debug
 *(.debug)

.line
 *(.line)

.debug_srcinfo
 *(.debug_srcinfo)

.debug_sfnames
 *(.debug_sfnames)

.debug_aranges
 *(.debug_aranges)

.debug_pubnames
 *(.debug_pubnames)

.debug_info
 *(.debug_info)

.debug_abbrev
 *(.debug_abbrev)

.debug_line
 *(.debug_line)

.debug_frame
 *(.debug_frame)

.debug_str
 *(.debug_str)

.debug_loc
 *(.debug_loc)

.debug_macinfo
 *(.debug_macinfo)

.debug_weaknames
 *(.debug_weaknames)

.debug_funcnames
 *(.debug_funcnames)

.debug_typenames
 *(.debug_typenames)

.debug_varnames
 *(.debug_varnames)

.debug_pubtypes
 *(.debug_pubtypes)

.debug_ranges
 *(.debug_ranges)

.debug_macro
 *(.debug_macro)

.debug_addr
 *(.debug_addr)

.ARM.attributes
 *(.ARM.attributes)
 *(.gnu.attributes)

.note.gnu.arm.ident
 *(.note.gnu.arm.ident)
OUTPUT(/home/root/ccUMSD_230912c/obj/src/driver/msdDrv_obj/driver.o elf64-littleaarch64)
LOAD linker stubs
