
Memory Configuration

Name             Origin             Length             Attributes
*default*        0x0000000000000000 0xffffffffffffffff

Linker script and memory map

LOAD /home/root/ccUMSD_230912c/obj/dev/fir/src/driver/msdDrv_obj/driver.o
LOAD /home/root/ccUMSD_230912c/obj/dev/fir/src/api/msdDrv_obj/api.o

.interp
 *(.interp)

.note.gnu.build-id
 *(.note.gnu.build-id)

.hash
 *(.hash)

.gnu.hash
 *(.gnu.hash)

.dynsym
 *(.dynsym)

.dynstr
 *(.dynstr)

.gnu.version
 *(.gnu.version)

.gnu.version_d
 *(.gnu.version_d)

.gnu.version_r
 *(.gnu.version_r)

.rela.init
 *(.rela.init)

.rela.text
 *(.rela.text)

.rela.fini
 *(.rela.fini)

.rela.rodata
 *(.rela.rodata)

.rela.data.rel.ro
 *(.rela.data.rel.ro)

.rela.data
 *(.rela.data)

.rela.tdata
 *(.rela.tdata)

.rela.tbss
 *(.rela.tbss)

.rela.ctors
 *(.rela.ctors)

.rela.dtors
 *(.rela.dtors)

.rela.got
 *(.rela.got)

.rela.bss
 *(.rela.bss)

.rela.ifunc
 *(.rela.ifunc)

.rela.plt
 *(.rela.plt)

.init
 *(SORT_NONE(.init))

.plt
 *(.plt)

.text           0x0000000000000000    0x4ed88
 *(.text .stub)
 .text          0x0000000000000000     0x2c04 /home/root/ccUMSD_230912c/obj/dev/fir/src/driver/msdDrv_obj/driver.o
                0x0000000000000aa0                Fir_msdSetSMIC45PhyReg
                0x0000000000000f10                Fir_msdGetSMIC45PhyReg
                0x00000000000013b0                Fir_msdSetSMIPhyReg
                0x0000000000001690                Fir_msdGetSMIPhyReg
                0x00000000000016b0                Fir_msdSetSMIPhyRegField
                0x0000000000001800                Fir_msdGetSMIPhyRegField
                0x0000000000001954                Fir_msdSetPagedPhyRegField
                0x00000000000019d4                Fir_msdGetPagedPhyRegField
                0x0000000000001a54                Fir_msdWritePagedPhyReg
                0x0000000000001ac0                Fir_msdReadPagedPhyReg
                0x0000000000001b40                Fir_msdSetSMIPhyXMDIOReg
                0x0000000000001dc0                Fir_msdGetSMIPhyXMDIOReg
                0x0000000000001fc4                Fir_msdPhyReset
                0x0000000000002290                Fir_msdDirectSetMultiChipReg
                0x00000000000022b0                Fir_msdDirectGetMultiChipReg
                0x00000000000022d0                Fir_msdDirectSetMultiChipRegField
                0x0000000000002384                Fir_msdDirectGetMultiChipRegField
                0x0000000000002410                Fir_msdSetSMIExtPhyReg
                0x00000000000026f0                Fir_msdGetSMIExtPhyReg
                0x0000000000002710                Fir_msdWritePagedExtPhyReg
                0x0000000000002774                Fir_msdReadPagedExtPhyReg
                0x00000000000027f4                Fir_msdSetSMIExtPhyXMDIOReg
                0x0000000000002a00                Fir_msdGetSMIExtPhyXMDIOReg
 *fill*         0x0000000000002c04        0xc 1f2003d5
 .text          0x0000000000002c10    0x4c178 /home/root/ccUMSD_230912c/obj/dev/fir/src/api/msdDrv_obj/api.o
                0x0000000000003f90                Fir_gtcamFlushAll
                0x0000000000004090                Fir_gtcamFlushEntry
                0x00000000000041e0                Fir_gtcamLoadEntry
                0x0000000000004660                Fir_gtcamReadTCAMData
                0x00000000000047e0                Fir_gtcamGetNextTCAMData
                0x00000000000049d4                Fir_gtcamFindEntry
                0x0000000000004bf0                Fir_gtcamSetMode
                0x0000000000004dc0                Fir_gtcamGetMode
                0x0000000000004f30                Fir_gtcamAddEntryPort
                0x0000000000005174                Fir_gtcamRemoveEntryPort
                0x00000000000053b4                Fir_gtcamEgrFlushEntry
                0x0000000000005584                Fir_gtcamEgrFlushEntryAllPorts
                0x00000000000056e0                Fir_gtcamEgrLoadEntry
                0x00000000000059a0                Fir_gtcamEgrGetNextTCAMData
                0x0000000000005c14                Fir_gtcamEgrReadTCAMData
                0x0000000000005e10                Fir_gtcamDump
                0x0000000000006324                Fir_gtcamAdvConfig
                0x0000000000007594                Fir_gtcamRCFlushAllEntry
                0x00000000000076e0                Fir_gtcamRCFlushEntry
                0x0000000000007830                Fir_gtcamRCLoadEntry
                0x0000000000007bd4                Fir_gtcamRCReadEntry
                0x0000000000007d50                Fir_gtcamRCGetNextEntry
                0x0000000000007f50                Fir_gtcamRCFindEntry
                0x0000000000008170                Fir_gtcamRCEntryDump
                0x0000000000008ad4                Fir_gtcamRCCompFlushAll
                0x0000000000008c20                Fir_gtcamRCCompFlushPort
                0x0000000000008de0                Fir_gtcamRCCompLoad
                0x0000000000009054                Fir_gtcamRCCompRead
                0x000000000000a0e4                Fir_gfdbGetAtuEntryNext
                0x000000000000a340                Fir_gfdbFlush
                0x000000000000a4a4                Fir_gfdbFlushInDB
                0x000000000000a670                Fir_gfdbMove
                0x000000000000a864                Fir_gfdbMoveInDB
                0x000000000000aad0                Fir_gfdbAddMacEntry
                0x000000000000ad30                Fir_gfdbDelAtuEntry
                0x000000000000aec0                Fir_gfdbGetViolation
                0x000000000000b100                Fir_gfdbFindAtuMacEntry
                0x000000000000b3b0                Fir_gfdbSetAgingTimeout
                0x000000000000b560                Fir_gfdbGetAgingTimeout
                0x000000000000b6b4                Fir_gfdbGetLearn2All
                0x000000000000b810                Fir_gfdbSetLearn2All
                0x000000000000b960                Fir_gfdbSetPortLearnLimit
                0x000000000000bdc0                Fir_gfdbGetPortLearnLimit
                0x000000000000c0b0                Fir_gfdbGetPortLearnCount
                0x000000000000c2a0                Fir_gfdbGetEntryCount
                0x000000000000c3a4                Fir_gfdbGetEntryCountPerFid
                0x000000000000c4c0                Fir_gfdbGetNonStaticEntryCount
                0x000000000000c5d0                Fir_gfdbGetNStaticEntryCountFid
                0x000000000000c6f0                Fir_gpolicySetMgmtCtrl
                0x000000000000c920                Fir_gpolicyGetMgmtCtrl
                0x000000000000cb70                Fir_gpolicySetCpuDest
                0x000000000000cd60                Fir_gpolicyGetCpuDest
                0x000000000000cea4                Fir_gpolicySetIgrMonitorDest
                0x000000000000d090                Fir_gpolicyGetIgrMonitorDest
                0x000000000000d1d4                Fir_gpolicySetRsvd2CpuEnables
                0x000000000000d320                Fir_gpolicyGetRsvd2CpuEnables
                0x000000000000d490                Fir_gpolicySetMGMTPri
                0x000000000000d660                Fir_gpolicyGetMGMTPri
                0x000000000000d784                Fir_gpolicySetRouteDest
                0x000000000000d970                Fir_gpolicyGetRouteDest
                0x000000000000dab4                Fir_gpolicySetMirrorDest
                0x000000000000dca0                Fir_gpolicyGetMirrorDest
                0x000000000000dde4                Fir_gpolicySetIllegalIPAddr
                0x000000000000dfb0                Fir_gpolicyGetIllegalIPAddr
                0x000000000000e0d4                Fir_gpolicySetDipDaMismatch
                0x000000000000e2a0                Fir_gpolicyGetDipDaMismatch
                0x000000000000e3c4                Fir_gpolicySetZeroSIP
                0x000000000000e590                Fir_gpolicyGetZeroSIP
                0x000000000000e6b4                Fir_gpolicySetMcTtlExceeded
                0x000000000000e8e0                Fir_gpolicyGetMcTtlExceeded
                0x000000000000eaa0                Fir_gpolicySetUcTtlExceeded
                0x000000000000ecd0                Fir_gpolicyGetUcTtlExceeded
                0x000000000000edf4                Fir_gprtSetPortTtlThreshold
                0x000000000000ef84                Fir_gprtGetPortTtlThreshold
                0x000000000000f0b0                Fir_gpolicySetIpHdrErr
                0x000000000000f280                Fir_gpolicyGetIpHdrErr
                0x000000000000f3a4                Fir_gpolicySetTCPFinUrgPsh
                0x000000000000f570                Fir_gpolicyGetTCPFinUrgPsh
                0x000000000000f694                Fir_gpolicySetTCPFlagsSeqNum
                0x000000000000f860                Fir_gpolicyGetTCPFlagsSeqNum
                0x000000000000f984                Fir_gpolicySetTCPSYN
                0x000000000000fb50                Fir_gpolicyGetTCPSYN
                0x000000000000fc74                Fir_gpolicySetTCPHSize
                0x000000000000fe40                Fir_gpolicyGetTCPHSize
                0x000000000000ff64                Fir_gprtSetPortTCPMinHdrSize
                0x00000000000100f4                Fir_gprtGetPortTCPMinHdrSize
                0x0000000000010220                Fir_gpolicySetICMPSize
                0x00000000000103f0                Fir_gpolicyGetICMPSize
                0x0000000000010514                Fir_gprtSetPortICMPMaxSize
                0x0000000000010660                Fir_gprtGetPortICMPMaxSize
                0x00000000000107c0                Fir_gpolicySetUDPPort
                0x0000000000010990                Fir_gpolicyGetUDPPort
                0x0000000000010ab4                Fir_gpolicySetTCPPort
                0x0000000000010c80                Fir_gpolicyGetTCPPort
                0x0000000000010da4                Fir_gpolicySetTCPSynFin
                0x0000000000010f70                Fir_gpolicyGetTCPSynFin
                0x0000000000011094                Fir_gpolicySetTCPFrag
                0x0000000000011260                Fir_gpolicyGetTCPFrag
                0x0000000000011384                Fir_gpolicySetNearNonTPMR
                0x0000000000011550                Fir_gpolicyGetNearNonTPMR
                0x0000000000011674                Fir_gpolicySetETag
                0x0000000000011840                Fir_gpolicyGetETag
                0x0000000000011964                Fir_gpolicySetNonETag
                0x0000000000011b30                Fir_gpolicyGetNonETag
                0x0000000000011c54                Fir_gpolicyDump
                0x0000000000015200                Fir_gvtuGetEntryNext
                0x00000000000154c0                Fir_gvtuFindVidEntry
                0x00000000000157c0                Fir_gvtuFlush
                0x00000000000158c0                Fir_gvtuAddEntry
                0x0000000000015b40                Fir_gvtuDelEntry
                0x0000000000015ca4                Fir_gvtuSetMode
                0x0000000000016004                Fir_gvtuGetMode
                0x0000000000016300                Fir_gvtuGetViolation_MultiChip
                0x0000000000016580                Fir_gvtuGetViolation
                0x00000000000167f0                Fir_gvtuDump
                0x0000000000016f00                Fir_garpLoadMcEntry
                0x00000000000170f0                Fir_garpLoadUcEntry
                0x0000000000017250                Fir_garpFlushEntry
                0x00000000000173a0                Fir_garpFlushAll
                0x00000000000174a0                Fir_garpReadEntry
                0x0000000000017620                Fir_garpGetNextEntry
                0x0000000000017b60                Fir_gstuGetEntryNext
                0x0000000000017dc0                Fir_gstuAddEntry
                0x0000000000017fd0                Fir_gstuDelEntry
                0x0000000000018130                Fir_gstuFindSidEntry
                0x00000000000183d0                Fir_gstuDump
                0x00000000000188a0                Fir_gpirlInitialize
                0x00000000000189b0                Fir_gpirlInitResource
                0x0000000000018b74                Fir_gpirlCustomSetup_sr2c
                0x0000000000018e90                Fir_gpirlReadResource
                0x0000000000019160                Fir_gpirlWriteResource
                0x0000000000019450                Fir_gpirlGetResReg
                0x0000000000019660                Fir_gpirlSetResReg
                0x0000000000019df0                Fir_gstatsFlushAll
                0x0000000000019ef4                Fir_gstatsFlushPort
                0x000000000001a054                Fir_gstatsGetPortCounter
                0x000000000001a230                Fir_gstatsGetPortAllCounters
                0x000000000001a3a0                Fir_gstatsGetHistogramMode
                0x000000000001a550                Fir_gstatsSetHistogramMode
                0x000000000001a6b0                Fir_gmibDump
                0x000000000001b2a0                Fir_gvlnSetPortVid
                0x000000000001b460                Fir_gvlnGetPortVid
                0x000000000001b5d0                Fir_gprtSetForceDefaultVid
                0x000000000001b740                Fir_gprtGetForceDefaultVid
                0x000000000001b8c0                Fir_gvlnSetPortVlanDot1qMode
                0x000000000001ba80                Fir_gvlnGetPortVlanDot1qMode
                0x000000000001bc40                Fir_gprtSetDiscardTagged
                0x000000000001bdb0                Fir_gprtGetDiscardTagged
                0x000000000001bf30                Fir_gprtSetDiscardUntagged
                0x000000000001c0a0                Fir_gprtGetDiscardUntagged
                0x000000000001c220                Fir_gprtSetUnicastFloodBlock
                0x000000000001c390                Fir_gprtGetUnicastFloodBlock
                0x000000000001c510                Fir_gprtSetMulticastFloodBlock
                0x000000000001c680                Fir_gprtGetMulticastFloodBlock
                0x000000000001c800                Fir_gprtSetDiscardBCastMode
                0x000000000001c980                Fir_gprtGetDiscardBCastMode
                0x000000000001cb10                Fir_gprtSetIGMPSnoopEnable
                0x000000000001cc80                Fir_gprtGetIGMPSnoopEnable
                0x000000000001ce00                Fir_gprtGetHeaderMode
                0x000000000001cf80                Fir_gprtSetHeaderMode
                0x000000000001d0f0                Fir_gprtGetDropOnLock
                0x000000000001d270                Fir_gprtSetDropOnLock
                0x000000000001d3e0                Fir_gprtSetJumboMode
                0x000000000001d584                Fir_gprtGetJumboMode
                0x000000000001d6f4                Fir_gprtSetSpecifiedMTU
                0x000000000001d8b0                Fir_gprtGetSpecifiedMTU
                0x000000000001da20                Fir_gprtSetLearnEnable
                0x000000000001dc60                Fir_gprtGetLearnEnable
                0x000000000001dde0                Fir_gprtGetVTUPriorityOverride
                0x000000000001df50                Fir_gprtSetVTUPriorityOverride
                0x000000000001e110                Fir_gprtGetSAPriorityOverride
                0x000000000001e280                Fir_gprtSetSAPriorityOverride
                0x000000000001e440                Fir_gprtGetDAPriorityOverride
                0x000000000001e5b0                Fir_gprtSetDAPriorityOverride
                0x000000000001e770                Fir_gprtGetMessagePort
                0x000000000001e8f0                Fir_gprtSetMessagePort
                0x000000000001ea60                Fir_gprtGetEtherType
                0x000000000001eb70                Fir_gprtSetEtherType
                0x000000000001ec80                Fir_gprtGetAllowVidZero
                0x000000000001ee00                Fir_gprtSetAllowVidZero
                0x000000000001ef70                Fir_gprtSetTrunkPort
                0x000000000001f164                Fir_gprtGetTrunkPort
                0x000000000001f344                Fir_gprtSetFlowCtrl
                0x000000000001f530                Fir_gprtGetFlowCtrl
                0x000000000001f670                Fir_gprtSetEgressMonitorSource
                0x000000000001f7e0                Fir_gprtGetEgressMonitorSource
                0x000000000001f960                Fir_gprtSetIngressMonitorSource
                0x000000000001fad0                Fir_gprtGetIngressMonitorSource
                0x000000000001fc50                Fir_grcSetELimitMode
                0x000000000001fdb4                Fir_grcSetEgressRate
                0x00000000000202e0                Fir_grcGetELimitMode
                0x0000000000020450                Fir_grcGetEgressRate
                0x0000000000020700                Fir_gprtSetDuplex
                0x00000000000208c0                Fir_gprtGetDuplex
                0x0000000000020aa0                Fir_gprtGetDuplexStatus
                0x0000000000020c20                Fir_gprtGetForceLink
                0x0000000000020e00                Fir_gprtSetForceLink
                0x0000000000020fc4                Fir_gprtGetLinkState
                0x0000000000021140                Fir_gprtSetForceSpeed
                0x00000000000216a4                Fir_gprtGetForceSpeed
                0x00000000000219a0                Fir_gprtGetSpeed
                0x0000000000021ba0                Fir_gprtGetVlanPorts
                0x0000000000021d60                Fir_gprtSetVlanPorts
                0x0000000000022004                Fir_gprtGetFrameMode
                0x0000000000022174                Fir_gprtSetFrameMode
                0x0000000000022330                Fir_gprtSetPortECID
                0x00000000000224b0                Fir_gprtGetPortECID
                0x00000000000225d0                Fir_gprtSetIgnoreETag
                0x0000000000022750                Fir_gprtGetIgnoreETag
                0x0000000000022870                Fir_gprtSetEgressMode
                0x0000000000022a30                Fir_gprtGetEgressMode
                0x0000000000022ba0                Fir_gprtSetExtendedPortCtrlReg
                0x0000000000022cc4                Fir_gprtGetExtendedPortCtrlReg
                0x0000000000022da0                Fir_gprtGetPortState
                0x0000000000022f10                Fir_gprtSetPortState
                0x00000000000230d0                Fir_gprtSetIgnoreFcs
                0x0000000000023240                Fir_gprtGetIgnoreFcs
                0x00000000000233c0                Fir_gprtSetAllowBadFcs
                0x0000000000023530                Fir_gprtGetAllowBadFcs
                0x00000000000236b0                Fir_gprtSetPauseLimitOut
                0x0000000000023820                Fir_gprtGetPauseLimitOut
                0x0000000000023990                Fir_gprtSetPauseLimitIn
                0x0000000000023b00                Fir_gprtGetPauseLimitIn
                0x0000000000023c70                Fir_gprtSetQueueToPause
                0x0000000000023de0                Fir_gprtGetQueueToPause
                0x0000000000023f50                Fir_gprtSetRxPriFlowCtrlEnable
                0x00000000000241d4                Fir_gprtGetRxPriFlowCtrlEnable
                0x00000000000243d0                Fir_gprtSetRxPriFlowCtrlToQueue
                0x0000000000024680                Fir_gprtGetRxPriFlowCtrlToQueue
                0x0000000000024870                Fir_gprtSetTxPriFlowCtrlEnable
                0x0000000000024af4                Fir_gprtGetTxPriFlowCtrlEnable
                0x0000000000024cf0                Fir_gprtGetOutQueueSize
                0x0000000000024f10                Fir_gprtSetMapDA
                0x0000000000025080                Fir_gprtGetMapDA
                0x0000000000025200                Fir_gprtSetPortLocked
                0x0000000000025370                Fir_gprtGetPortLocked
                0x00000000000254f0                Fir_gprtSetHoldAt1
                0x0000000000025660                Fir_gprtGetHoldAt1
                0x00000000000257e0                Fir_gprtSetInt0nAgeOut
                0x0000000000025950                Fir_gprtGetInt0nAgeOut
                0x0000000000025ad0                Fir_gprtSetRefreshLocked
                0x0000000000025c40                Fir_gprtGetRefreshLocked
                0x0000000000025dc0                Fir_gprtSetIgnoreWrongData
                0x0000000000025f30                Fir_gprtGetIgnoreWrongData
                0x00000000000260b0                Fir_gprtSetARPMirror
                0x0000000000026220                Fir_gprtGetARPMirror
                0x00000000000263a0                Fir_gprtSetPreemptSize
                0x0000000000026504                Fir_gprtGetPreemptSize
                0x0000000000026680                Fir_gprtSetPreemptEnable
                0x00000000000267f0                Fir_gprtGetPreemptEnable
                0x0000000000026970                Fir_gprtSetPreemptQueue
                0x0000000000026b30                Fir_gprtGetPreemptQueue
                0x0000000000026d00                Fir_gprtRegDump
                0x00000000000277a4                Fir_gBpeEnableSet
                0x00000000000279d0                Fir_gBpeEnableGet
                0x0000000000027b30                Fir_gecidAddEntry
                0x0000000000027d14                Fir_gecidFlushAll
                0x0000000000027e30                Fir_gecidMove
                0x0000000000028010                Fir_gecidFlushEntry
                0x0000000000028194                Fir_gecidGetEcidEntryNext
                0x0000000000028370                Fir_gecidFindEcidEntry
                0x00000000000285d4                Fir_gecidGetEntryCount
                0x0000000000028a90                Fir_gecidDump
                0x0000000000028c00                Fir_gqosSetPrioMapRule
                0x0000000000028d80                Fir_gqosGetPrioMapRule
                0x0000000000028f10                Fir_gprtSetInitialPri
                0x00000000000290e4                Fir_gprtGetInitialPri
                0x00000000000292c4                Fir_gprtSetDefQpri
                0x0000000000029490                Fir_gprtGetDefQpri
                0x0000000000029620                Fir_gprtSetIEEEPrioMap
                0x00000000000299c0                Fir_gprtGetIEEEPrioMap
                0x0000000000029df4                Fir_gprtRewriteDscp
                0x0000000000029f60                Fir_gprtSetCosToQueue
                0x000000000002a0e0                Fir_gprtGetCosToQueue
                0x000000000002a200                Fir_gprtSetCosToDscp
                0x000000000002a380                Fir_gprtGetCosToDscp
                0x000000000002a4a0                Fir_gprtSetDefFpri
                0x000000000002a670                Fir_gprtGetDefFpri
                0x000000000002a800                Fir_gprtSetQueueCtrl
                0x000000000002aaa0                Fir_gprtGetQueueCtrl
                0x000000000002ad90                Fir_gprtSetPortSched
                0x000000000002af60                Fir_gprtGetPortSched
                0x000000000002b164                Fir_gprtSetQoSWeight
                0x000000000002b680                Fir_gprtGetQoSWeight
                0x000000000002bb70                Fir_gsysSetTrunkMaskTable
                0x000000000002be50                Fir_gsysGetTrunkMaskTable
                0x000000000002c154                Fir_gsysSetHashTrunk
                0x000000000002c264                Fir_gsysGetHashTrunk
                0x000000000002c384                Fir_gsysSetTrunkRouting
                0x000000000002c6c0                Fir_gsysGetTrunkRouting
                0x000000000002ca30                Fir_gsysSetFloodBC
                0x000000000002cb40                Fir_gsysGetFloodBC
                0x000000000002cc60                Fir_gsysSetEgressMonitorDest
                0x000000000002cde0                Fir_gsysGetEgressMonitorDest
                0x000000000002cf20                Fir_gsysSetSMISetup
                0x000000000002d344                Fir_gsysGetSMISetup
                0x000000000002d750                Fir_gsysGlobal1RegDump
                0x000000000002d8d0                Fir_gsysGlobal2RegDump
                0x000000000002da54                Fir_gsysSetRMUMode
                0x000000000002dbd4                Fir_gsysGetRMUMode
                0x000000000002dcf0                Fir_gsysQbvWrite
                0x000000000002df34                Fir_gsysQbvRead
                0x000000000002e150                Fir_gsysDevIntEnableSet
                0x000000000002e254                Fir_gsysDevIntEnableGet
                0x000000000002e380                Fir_gsysDevIntStatusGet
                0x000000000002e4a4                Fir_gsysActiveIntEnableSet
                0x000000000002e624                Fir_gsysActiveIntEnableGet
                0x000000000002e740                Fir_gsysActiveIntStatusGet
                0x000000000002e860                Fir_serdesReset
                0x000000000002eda4                Fir_msdRmuGetID
                0x000000000002f0b0                Fir_msdRmuAtuDump
                0x000000000002f4f0                Fir_msdRmuEcidDump
                0x000000000002f924                Fir_msdRmuMib2Dump
                0x000000000002ff00                Fir_msdRmuReadRegister
                0x0000000000030070                Fir_msdRmuWriteRegister
                0x0000000000030190                Fir_msdRmuMultiRegAccess
                0x00000000000305e4                Fir_msdRmuTCAMDump
                0x0000000000030930                Fir_msdRmuTCAMWrite
                0x0000000000031064                Fir_msdRmuTCAMRead
                0x00000000000313c4                Fir_msdRmuRegDump
                0x0000000000031580                Fir_gtcamLoadEntryIntf
                0x0000000000031740                Fir_gtcamReadTCAMDataIntf
                0x0000000000031920                Fir_gtcamGetNextTCAMDataIntf
                0x0000000000031b00                Fir_gtcamFindEntryIntf
                0x0000000000031d20                Fir_gtcamSetModeIntf
                0x0000000000031d24                Fir_gtcamGetModeIntf
                0x0000000000031da0                Fir_gtcamEgrFlushEntryIntf
                0x0000000000031da4                Fir_gtcamEgrFlushAllPortsIntf
                0x0000000000031db0                Fir_gtcamEgrLoadEntryIntf
                0x0000000000031e90                Fir_gtcamEgrGetNextTCAMDataIntf
                0x0000000000031f90                Fir_gtcamEgrReadTCAMDataIntf
                0x0000000000032090                Fir_gtcamAdvConfigIntf
                0x0000000000032ad0                Fir_gfrerSeqGenFlushAll
                0x0000000000032bf4                Fir_gfrerSeqGenFlushEntry
                0x0000000000032d20                Fir_gfrerSeqGenRead
                0x0000000000032ec0                Fir_gfrerSeqGenLoad
                0x0000000000033024                Fir_gfrerIndvRcvyFlushAll
                0x0000000000033150                Fir_gfrerIndvRcvyFlushEntry
                0x0000000000033254                Fir_gfrerIndvRcvyRead
                0x0000000000033480                Fir_gfrerIndvRcvyLoad
                0x00000000000335f0                Fir_gfrerIndvRcvyGetNext
                0x0000000000033820                Fir_gfrerIndvRcvyReadClear
                0x0000000000033a44                Fir_gfrerSeqRcvyFlushAll
                0x0000000000033b70                Fir_gfrerSeqRcvyFlushEntry
                0x0000000000033c74                Fir_gfrerSeqRcvyRead
                0x0000000000033f24                Fir_gfrerSeqRcvyLoad
                0x0000000000034140                Fir_gfrerSeqRcvyGetNext
                0x0000000000034400                Fir_gfrerSeqRcvyGetViolation
                0x00000000000346c0                Fir_gfrerSeqRcvyReadClear
                0x0000000000034980                Fir_gfrerBank0SCtrFlushAll
                0x0000000000034aa4                Fir_gfrerBank0SCtrFlushCtr
                0x0000000000034bd0                Fir_gfrerBank0SCtrRead
                0x0000000000034f40                Fir_gfrerBank0SCtrLoad
                0x00000000000350c0                Fir_gfrerBank0SCtrGetNext
                0x0000000000035440                Fir_gfrerBank0SCtrReadClear
                0x00000000000357c0                Fir_gfrerBank1SCtrFlushAll
                0x00000000000358e4                Fir_gfrerBank1SCtrFlushCtr
                0x0000000000035a10                Fir_gfrerBank1SCtrRead
                0x0000000000035d24                Fir_gfrerBank1SCtrLoad
                0x0000000000035eb4                Fir_gfrerBank1SCtrGetNext
                0x0000000000036200                Fir_gfrerBank1SCtrReadClear
                0x0000000000036520                Fir_gfrerSeqGenLoadIntf
                0x00000000000365c4                Fir_gfrerSeqGenReadIntf
                0x0000000000036614                Fir_gfrerIndvRcvyLoadIntf
                0x00000000000366b0                Fir_gfrerIndvRcvyReadIntf
                0x0000000000036700                Fir_gfrerIndvRcvyGetNextIntf
                0x0000000000036750                Fir_gfrerIndvRcvyReadClearIntf
                0x00000000000367a0                Fir_gfrerSeqRcvyLoadIntf
                0x0000000000036854                Fir_gfrerSeqRcvyReadIntf
                0x00000000000368c0                Fir_gfrerSeqRcvyGetNextIntf
                0x0000000000036930                Fir_gfrerSeqRcvyGetViolationIntf
                0x00000000000369a0                Fir_gfrerSeqRcvyReadClearIntf
                0x0000000000036a10                Fir_gfrerBank0SCtrReadIntf
                0x0000000000036aa0                Fir_gfrerBank0SCtrLoadIntf
                0x0000000000036b40                Fir_gfrerBank0SCtrGetNextIntf
                0x0000000000036bd0                Fir_gfrerBank0SCtrReadClearIntf
                0x0000000000036c60                Fir_gfrerBank1SCtrLoadIntf
                0x0000000000036d00                Fir_gfrerBank1SCtrReadIntf
                0x0000000000036d90                Fir_gfrerBank1SCtrGetNextIntf
                0x0000000000036e20                Fir_gfrerBank1SCtrReadClearIntf
                0x0000000000036eb0                Fir_gfdbAddMacEntryIntf
                0x0000000000036f50                Fir_gfdbGetAtuEntryNextIntf
                0x0000000000037054                Fir_gfdbFlushIntf
                0x0000000000037060                Fir_gfdbFlushInDBIntf
                0x0000000000037064                Fir_gfdbMoveIntf
                0x0000000000037070                Fir_gfdbMoveInDBIntf
                0x0000000000037074                Fir_gfdbPortRemoveIntf
                0x0000000000037094                Fir_gfdbPortRemoveInDBIntf
                0x00000000000370b4                Fir_gfdbGetViolationIntf
                0x00000000000371a0                Fir_gfdbFindAtuMacEntryIntf
                0x0000000000037304                Fir_gfdbDump
                0x0000000000037480                Fir_gvtuFindVidEntryIntf
                0x00000000000376a0                Fir_gvtuExistVidEntryIntf
                0x00000000000377a0                Fir_gvtuFlushIntf
                0x00000000000377a4                Fir_gvtuAddEntryIntf
                0x0000000000037990                Fir_gvtuDelEntryIntf
                0x0000000000037a40                Fir_gvtuSetModeIntf
                0x0000000000037a44                Fir_gvtuGetModeIntf
                0x0000000000037a50                Fir_gvtuGetViolationIntf
                0x0000000000037b30                Fir_gvtuGetEntryCountIntf
                0x0000000000037c20                Fir_gvtuSetMemberTagIntf
                0x0000000000037d70                Fir_gvtuGetMemberTagIntf
                0x0000000000037e80                Fir_gvtuGetEntryNextIntf
                0x0000000000037fd0                Fir_gstuAddEntryIntf
                0x0000000000038064                Fir_gstuGetEntryNextIntf
                0x0000000000038150                Fir_gstuDelEntryIntf
                0x00000000000381a0                Fir_gstuFindSidEntryIntf
                0x0000000000038290                Fir_gstuGetEntryCountIntf
                0x0000000000038370                Fir_gpirlInitializeIntf
                0x0000000000038374                Fir_gpirlInitResourceIntf
                0x0000000000038380                Fir_gpirlCustomSetup_sr2cIntf
                0x0000000000038460                Fir_gpirlReadResourceIntf
                0x0000000000038550                Fir_gpirlWriteResourceIntf
                0x0000000000038614                Fir_gpirlGetResRegIntf
                0x0000000000038620                Fir_gpirlSetResRegIntf
                0x0000000000038624                Fir_gpirlAdvConfigIntf
                0x00000000000386e0                Fir_gpirlAdvConfigDisableIntf
                0x0000000000038a80                Fir_gqavSetPortQpriXRate
                0x0000000000038cf4                Fir_gqavGetPortQpriXRate
                0x0000000000038f00                Fir_gqavSetPortQpriXHiLimit
                0x0000000000039170                Fir_gqavGetPortQpriXHiLimit
                0x0000000000039350                Fir_garpLoadMcEntryIntf
                0x00000000000393d0                Fir_garpLoadUcEntryIntf
                0x0000000000039450                Fir_garpReadEntryIntf
                0x0000000000039510                Fir_garpGetNextEntryIntf
                0x00000000000395d0                Fir_gstatsGetPortCounterIntf
                0x00000000000395d4                Fir_gstatsGetPortAllCntersIntf
                0x00000000000397d0                Fir_gstatsGetHistogramModeIntf
                0x00000000000397d4                Fir_gstatsSetHistogramModeIntf
                0x00000000000397e0                Fir_gvlnSetPortVlanQModeIntf
                0x00000000000397e4                Fir_gvlnGetPortVlanQModeIntf
                0x00000000000397f0                Fir_gprtSetDiscardTaggedIntf
                0x00000000000397f4                Fir_gprtGetDiscardTaggedIntf
                0x0000000000039800                Fir_gprtSetDiscardUntaggedIntf
                0x0000000000039804                Fir_gprtGetDiscardUntaggedIntf
                0x0000000000039810                Fir_gprtSetUnicFloodBlockIntf
                0x0000000000039814                Fir_gprtGetUnicFloodBlockIntf
                0x0000000000039820                Fir_gprtSetMultiFloodBlockIntf
                0x0000000000039824                Fir_gprtGetMultiFloodBlockIntf
                0x0000000000039830                Fir_gprtSetDiscardBCastModeIntf
                0x0000000000039834                Fir_gprtGetDiscardBCastModeIntf
                0x0000000000039840                Fir_gprtSetJumboModeIntf
                0x0000000000039844                Fir_gprtGetJumboModeIntf
                0x0000000000039850                Fir_gprtSetSpecifiedMTUIntf
                0x0000000000039854                Fir_gprtGetSpecifiedMTUIntf
                0x0000000000039860                Fir_gprtSetLearnEnableIntf
                0x0000000000039864                Fir_gprtGetLearnEnableIntf
                0x0000000000039870                Fir_gprtGetVTUPriOverrideIntf
                0x0000000000039874                Fir_gprtSetVTUPriOverrideIntf
                0x0000000000039880                Fir_gprtGetSAPriOverrideIntf
                0x0000000000039884                Fir_gprtSetSAPriOverrideIntf
                0x0000000000039890                Fir_gprtGetDAPriOverrideIntf
                0x0000000000039894                Fir_gprtSetDAPriOverrideIntf
                0x00000000000398a0                Fir_gprtSetFlowCtrlIntf
                0x00000000000398a4                Fir_gprtGetFlowCtrlIntf
                0x00000000000398b0                Fir_gprtSetForceSpeedIntf
                0x0000000000039920                Fir_gprtGetForceSpeedIntf
                0x0000000000039924                Fir_grcSetEgressRateIntf
                0x0000000000039930                Fir_grcGetEgressRateIntf
                0x0000000000039934                Fir_grcSetELimitModeIntf
                0x0000000000039940                Fir_grcGetELimitModeIntf
                0x0000000000039944                Fir_gprtSetDuplexIntf
                0x0000000000039950                Fir_gprtGetDuplexIntf
                0x0000000000039954                Fir_gprtGetDuplexStatusIntf
                0x0000000000039960                Fir_gprtGetForceLinkIntf
                0x0000000000039964                Fir_gprtSetForceLinkIntf
                0x0000000000039970                Fir_gprtGetSpeedIntf
                0x0000000000039974                Fir_gprtGetFrameModeIntf
                0x0000000000039980                Fir_gprtSetFrameModeIntf
                0x0000000000039984                Fir_gprtSetEgressModeIntf
                0x00000000000399f0                Fir_gprtGetEgressModeIntf
                0x00000000000399f4                Fir_gprtGetPortStateIntf
                0x0000000000039a00                Fir_gprtSetPortStateIntf
                0x0000000000039a10                Fir_gqosSetPrioMapRuleIntf
                0x0000000000039a14                Fir_gqosGetPrioMapRuleIntf
                0x0000000000039a20                Fir_gprtSetInitialPriIntf
                0x0000000000039a24                Fir_gprtGetInitialPriIntf
                0x0000000000039a30                Fir_gprtSetDefQpriIntf
                0x0000000000039a34                Fir_gprtGetDefQpriIntf
                0x0000000000039a40                Fir_gprtSetIEEEPrioMapIntf
                0x0000000000039ac0                Fir_gprtGetIEEEPrioMapIntf
                0x0000000000039bc0                Fir_gecidAddEntryIntf
                0x0000000000039c60                Fir_gecidGetEcidEntryNextIntf
                0x0000000000039d40                Fir_gecidFindEcidEntryIntf
                0x0000000000039e40                Fir_gprtSetQueueCtrlIntf
                0x0000000000039e44                Fir_gprtGetQueueCtrlIntf
                0x0000000000039e50                Fir_gprtSetPortSchedIntf
                0x0000000000039e54                Fir_gprtGetPortSchedIntf
                0x0000000000039e60                Fir_gprtSetQoSWeightIntf
                0x0000000000039ed0                Fir_gprtGetQoSWeightIntf
                0x0000000000039f50                Fir_gtcamRCLoadEntryIntf
                0x000000000003a0d0                Fir_gtcamRCReadEntryIntf
                0x000000000003a264                Fir_gtcamRCGetNextEntryIntf
                0x000000000003a400                Fir_gtcamRCFindEntryIntf
                0x000000000003a5e0                Fir_msdRmuGetIDIntf
                0x000000000003a5e4                Fir_msdRmuAtuDumpIntf
                0x000000000003a7d0                Fir_msdRmuEcidDumpIntf
                0x000000000003a9a4                Fir_msdRmuMib2DumpIntf
                0x000000000003ab30                Fir_msdRmuReadRegisterIntf
                0x000000000003ab34                Fir_msdRmuWriteRegisterIntf
                0x000000000003ab40                Fir_msdRmuMultiRegAccessIntf
                0x000000000003ab44                Fir_msdRmuTCAMDumpIntf
                0x000000000003ae30                Fir_msdRmuTCAMWriteIntf
                0x000000000003afa0                Fir_msdRmuTCAMReadIntf
                0x000000000003c044                Fir_gptpSetIntEnable
                0x000000000003c1f0                Fir_gptpGetIntEnable
                0x000000000003c340                Fir_gptpSetPortPTPEn
                0x000000000003c4d4                Fir_gptpGetPortPTPEn
                0x000000000003c620                Fir_gptpGetTimeStamp
                0x000000000003c8c0                Fir_gptpGetTSValidSt
                0x000000000003ca30                Fir_gptpResetTimeStamp
                0x000000000003cbc4                Fir_gptpGetIntStatus
                0x000000000003cd50                Fir_gptpSetMeanPathDelay
                0x000000000003ce70                Fir_gptpGetMeanPathDelay
                0x000000000003cfb0                Fir_gptpSetIgrPathDelayAsym
                0x000000000003d0d0                Fir_gptpGetIgrPathDelayAsym
                0x000000000003d210                Fir_gptpSetEgrPathDelayAsym
                0x000000000003d330                Fir_gptpGetEgrPathDelayAsym
                0x000000000003d470                Fir_gptpGetTODBusyBitStatus
                0x000000000003d5d0                Fir_gptpTODStoreCompensation
                0x000000000003d744                Fir_gptpTODStoreAll
                0x000000000003d8c0                Fir_gptpTODCaptureAll
                0x000000000003dd30                Fir_gptpSetPulse
                0x000000000003de74                Fir_gptpGetPulse
                0x000000000003dfd0                Fir_gtaiGetPTPGlobalTime
                0x000000000003e120                Fir_gptpPortRegGet
                0x000000000003e204                Fir_gptpPortRegSet
                0x000000000003e2e0                Fir_gptpGlobalRegGet
                0x000000000003e3c0                Fir_gptpGlobalRegSet
                0x000000000003e4a0                Fir_gTaiRegGet
                0x000000000003e580                Fir_gTaiRegSet
                0x000000000003e660                Fir_gptp1588v2ConfigSet
                0x000000000003e8e0                Fir_gptp8021asConfigSet
                0x000000000003ebb0                Fir_gptp8021asRevConfigSet
                0x000000000003ee80                Fir_gptpPreemptTimestampSelSet
                0x000000000003ef80                Fir_gptpPreemptTimestampSelGet
                0x000000000003f070                Fir_gptpPreemptCtrlSet
                0x000000000003f170                Fir_gptpPreemptCtrlGet
                0x000000000003f260                Fir_gtaiTrigGenTimerSelGet
                0x000000000003f3a0                Fir_gtaiTrigGenTimerSelSet
                0x000000000003f510                Fir_gptpSetIntEnableIntf
                0x000000000003f580                Fir_gptpGetIntEnableIntf
                0x000000000003f600                Fir_gptpGetTimeStampIntf
                0x000000000003f684                Fir_gptpGetIntStatusIntf
                0x000000000003f710                Fir_gptpTODStoreCompenIntf
                0x000000000003f7b0                Fir_gptpTODStoreAllIntf
                0x000000000003f850                Fir_gptpTODCaptureAllIntf
                0x000000000003f900                Fir_gptpSetPulseIntf
                0x000000000003f980                Fir_gptpGetPulseIntf
                0x000000000003fa00                Fir_gptp1588v2ConfigSetIntf
                0x000000000003fa04                Fir_gptp8021asConfigSetIntf
                0x000000000003fa10                Fir_gptp8021asRevConfigSetIntf
                0x000000000003fc54                Fir_gledForceOn
                0x000000000003fe70                Fir_gledForceOff
                0x0000000000040094                Fir_gledLinkAct
                0x00000000000402d4                Fir_gledModeSet
                0x0000000000040544                Fir_gledModeGet
                0x0000000000040710                Fir_gledBlinkRateSet
                0x0000000000040910                Fir_gledBlinkRateGet
                0x0000000000040af4                Fir_gledPulseStretchSet
                0x0000000000040cf4                Fir_gledPulseStretchGet
                0x0000000000040ed0                Fir_gledSpecialModeSet
                0x00000000000410e0                Fir_gledSpecialModeGet
                0x0000000000041254                Fir_gledCtrlSet
                0x0000000000041430                Fir_gledCtrlGet
                0x00000000000415e0                Fir_gledDump
                0x0000000000041970                Fir_gledForceOnIntf
                0x0000000000041974                Fir_gledForceOffIntf
                0x0000000000041980                Fir_gledLinkActIntf
                0x0000000000041984                Fir_gledModeSetIntf
                0x0000000000041990                Fir_gledModeGetIntf
                0x0000000000041994                Fir_gledBlinkRateSetIntf
                0x00000000000419a0                Fir_gledBlinkRateGetIntf
                0x00000000000419a4                Fir_gledPulseStretchSetIntf
                0x00000000000419b0                Fir_gledPulseStretchGetIntf
                0x00000000000419b4                Fir_gledSpecialModeSetIntf
                0x00000000000419c0                Fir_gledSpecialModeGetIntf
                0x00000000000419c4                Fir_gledCtrlSetIntf
                0x00000000000419d0                Fir_gledCtrlGetIntf
                0x00000000000419e0                Fir_gtcamRCCompLoadIntf
                0x0000000000041ad0                Fir_gtcamRCCompReadIntf
                0x0000000000041bc0                Fir_EEPROMWrite
                0x0000000000041d90                Fir_EEPROMRead
                0x0000000000041f80                Fir_EEPROMChipSelSet
                0x0000000000042100                Fir_EEPROMChipSelGet
                0x00000000000422f0                Fir_EEPROMWriteIntf
                0x00000000000422f4                Fir_EEPROMReadIntf
                0x0000000000042300                Fir_EEPROMChipSelSetIntf
                0x0000000000042304                Fir_EEPROMChipSelGetIntf
                0x0000000000042960                Fir_gatsFlushAll
                0x0000000000042970                Fir_gatsFlushOne
                0x0000000000042990                Fir_gatsSetGrpId
                0x0000000000042a30                Fir_gatsGetGrpId
                0x0000000000042ae0                Fir_gatsSetCbsLimit
                0x0000000000042b80                Fir_gatsGetCbsLimit
                0x0000000000042c14                Fir_gatsSetRateLimit
                0x0000000000042d80                Fir_gatsGetRateLimit
                0x0000000000042e24                Fir_gatsSetMaxResidenceTime
                0x0000000000042ed0                Fir_gatsGetMaxResidenceTime
                0x0000000000042f60                Fir_gatsSetQueueEnables
                0x0000000000042fe0                Fir_gatsGetQueueEnables
                0x0000000000043d70                Fir_gqciStreamFiltFlushAll
                0x0000000000043ea0                Fir_gqciStreamFiltSet
                0x0000000000044150                Fir_gqciStreamFiltBlockStatSet
                0x0000000000044344                Fir_gqciStreamFiltBlockStatGet
                0x0000000000044500                Fir_gqciStreamFiltEnAts
                0x0000000000044700                Fir_gqciStreamFiltEnGate
                0x0000000000044904                Fir_gqciStreamFiltMatchCtrGet
                0x0000000000044ab4                Fir_gqciStreamFiltFilterCtrGet
                0x0000000000044c64                Fir_gqciStreamGateFiltCtrGet
                0x0000000000044e14                Fir_gqciFlowMeterFiltCtrGet
                0x0000000000044fc4                Fir_gqciStreamGateFlushAll
                0x00000000000450f0                Fir_gqciStreamGateDefStateSet
                0x0000000000045310                Fir_gqciStreamGateScaleSet
                0x0000000000045520                Fir_gqciStreamGateTimeGenIdSet
                0x0000000000045714                Fir_gqciStreamGateEntryAdd
                0x0000000000045b10                Fir_gqciStreamGateTimeGenFlush
                0x0000000000045cd4                Fir_gqciStreamGateTimeGenSet
                0x0000000000045fc0                Fir_gqciFlowMeterFlushAll
                0x00000000000460f0                Fir_gqciFlowMeterCoupleFlagSet
                0x00000000000462e4                Fir_gqciFlowMeterCoupleFlagGet
                0x0000000000046470                Fir_gqciFlowMeterDropOnYelSet
                0x0000000000046664                Fir_gqciFlowMeterDropOnYelGet
                0x00000000000467f0                Fir_gqciFlowMeterRedBlockEnSet
                0x00000000000469e4                Fir_gqciFlowMeterRedBlockEnGet
                0x0000000000046b70                Fir_gqciFlowMeterRedBlkStatSet
                0x0000000000046d64                Fir_gqciFlowMeterRedBlkStatGet
                0x0000000000046ef0                Fir_gqciFlowMeterAdvConfig
                0x00000000000474b0                Fir_gqciStreamGateEntryAddIntf
                0x0000000000047740                Fir_gmacsecRead
                0x0000000000048520                Fir_gmacsecWrite
                0x0000000000049670                Fir_gmacsecFlushAll
                0x00000000000498d0                Fir_gmacsecCreateRule
                0x0000000000049a10                Fir_gmacsecDeleteRule
                0x0000000000049af0                Fir_gmacsecGetRule
                0x0000000000049c14                Fir_gmacsecCreateRxSecY
                0x0000000000049d44                Fir_gmacsecCreateTxSecY
                0x0000000000049e74                Fir_gmacsecDeleteTxSecY
                0x0000000000049ff0                Fir_gmacsecDeleteRxSecY
                0x000000000004a170                Fir_gmacsecGetTxSecY
                0x000000000004a2b0                Fir_gmacsecGetRxSecY
                0x000000000004a3f0                Fir_gmacsecCreateRxSC
                0x000000000004a520                Fir_gmacsecDeleteRxSC
                0x000000000004a6a0                Fir_gmacsecGetRxSC
                0x000000000004a7e0                Fir_gmacsecCreateTxSC
                0x000000000004a910                Fir_gmacsecDeleteTxSC
                0x000000000004aa90                Fir_gmacsecGetTxSC
                0x000000000004abd0                Fir_gmacsecCreateRxSA
                0x000000000004ad04                Fir_gmacsecDeleteRxSA
                0x000000000004ae80                Fir_gmacsecGetRxSA
                0x000000000004afd0                Fir_gmacsecCreateTxSA
                0x000000000004b100                Fir_gmacsecDeleteTxSA
                0x000000000004b280                Fir_gmacsecGetTxSA
                0x000000000004b3d0                Fir_gmacsecGetRxSANextPN
                0x000000000004b520                Fir_gmacsecGetTxSANextPN
                0x000000000004b670                Fir_gmacsecGetTXSecYStates
                0x000000000004bb40                Fir_gmacsecGetTXSCStates
                0x000000000004bdb0                Fir_gmacsecGetRXSecYStates
                0x000000000004c2e4                Fir_gmacsecGetRXSCStates
                0x000000000004c620                Fir_gmacsecSetTxPNThreshold
                0x000000000004c6f0                Fir_gmacsecGetTxPNThreshold
                0x000000000004c7d4                Fir_gmacsecSetTxXPNThreshold
                0x000000000004c910                Fir_gmacsecGetTxXPNThreshold
                0x000000000004ca84                Fir_gmacsecSetRxDefaultSCI
                0x000000000004cc80                Fir_gmacsecGetRxDefaultSCI
                0x000000000004ce90                Fir_gmacsecSetTxSCIntCtrl
                0x000000000004d0a0                Fir_gmacsecGetTxSCIntCtrl
                0x000000000004d260                Fir_gmacsecGetNextTxSCIntStatus
                0x000000000004d4d4                Fir_gmacsecEnableIngressSet
                0x000000000004d6e0                Fir_gmacsecEnableEgressSet
                0x000000000004d8f0                Fir_gmacsecEnableIngressGet
                0x000000000004da40                Fir_gmacsecEnableEgressGet
                0x000000000004db94                Fir_gmacsecGetEvent
                0x000000000004dd50                Fir_gmacsecGetEventIntf
                0x000000000004ddf4                Fir_gmacsecCreateRuleIntf
                0x000000000004dec0                Fir_gmacsecGetRuleIntf
                0x000000000004e094                Fir_gmacsecCreateTxSecYIntf
                0x000000000004e114                Fir_gmacsecCreateRxSecYIntf
                0x000000000004e184                Fir_gmacsecGetTxSecYIntf
                0x000000000004e250                Fir_gmacsecGetRxSecYIntf
                0x000000000004e314                Fir_gmacsecCreateRxSCIntf
                0x000000000004e3a4                Fir_gmacsecGetRxSCIntf
                0x000000000004e480                Fir_gmacsecCreateRxSAIntf
                0x000000000004e510                Fir_gmacsecGetRxSAIntf
                0x000000000004e5e4                Fir_gmacsecCreateTxSCIntf
                0x000000000004e660                Fir_gmacsecGetTxSCIntf
                0x000000000004e730                Fir_gmacsecCreateTxSAIntf
                0x000000000004e7c0                Fir_gmacsecGetTxSAIntf
                0x000000000004e894                Fir_gmacsecGetRXSCStatesIntf
                0x000000000004e950                Fir_gmacsecGetRXSecYStatesIntf
                0x000000000004ea20                Fir_gmacsecGetTXSCStatesIntf
                0x000000000004eaf0                Fir_gmacsecGetTXSecYStatesIntf
                0x000000000004ebb4                Fir_gmacsecSetTxSCIntCtrlIntf
                0x000000000004ec14                Fir_gmacsecGetTxSCIntCtrlIntf
                0x000000000004ecc0                Fir_gmacsecGetNextTxSCIntStatusIntf
 *(.gnu.warning)

.fini
 *(SORT_NONE(.fini))

.rodata         0x0000000000000000     0x1230
 *(.rodata)
 .rodata        0x0000000000000000     0x1230 /home/root/ccUMSD_230912c/obj/dev/fir/src/api/msdDrv_obj/api.o

.rodata.str1.8  0x0000000000000000    0x12c33
 .rodata.str1.8
                0x0000000000000000      0x57a /home/root/ccUMSD_230912c/obj/dev/fir/src/driver/msdDrv_obj/driver.o
 *fill*         0x000000000000057a        0x6 
 .rodata.str1.8
                0x0000000000000580    0x126b3 /home/root/ccUMSD_230912c/obj/dev/fir/src/api/msdDrv_obj/api.o

.rodata1
 *(.rodata1)

.eh_frame_hdr
 *(.eh_frame_hdr)

.eh_frame       0x0000000000000000     0xcab8
 *(.eh_frame)
 .eh_frame      0x0000000000000000      0x6e8 /home/root/ccUMSD_230912c/obj/dev/fir/src/driver/msdDrv_obj/driver.o
                                        0x6e4 (size before relaxing)
 *fill*         0x00000000000006e8        0x0 
 .eh_frame      0x00000000000006e8     0xc3d0 /home/root/ccUMSD_230912c/obj/dev/fir/src/api/msdDrv_obj/api.o
                                       0xc428 (size before relaxing)

.gcc_except_table
 *(.gcc_except_table)

.gnu_extab
 *(.gnu_extab*)

.exception_ranges
 *(.exception_ranges)

.eh_frame
 *(.eh_frame)

.gnu_extab
 *(.gnu_extab)

.gcc_except_table
 *(.gcc_except_table)

.exception_ranges
 *(.exception_ranges)

.tdata
 *(.tdata)

.tbss
 *(.tbss)

.jcr
 *(.jcr)

.dynamic
 *(.dynamic)

.got
 *(.got)

.got.plt
 *(.got.plt)

.data           0x0000000000000000        0x0
 *(.data)
 .data          0x0000000000000000        0x0 /home/root/ccUMSD_230912c/obj/dev/fir/src/driver/msdDrv_obj/driver.o
 .data          0x0000000000000000        0x0 /home/root/ccUMSD_230912c/obj/dev/fir/src/api/msdDrv_obj/api.o

.data1
 *(.data1)

.bss            0x0000000000000000      0x2a0
 *(.bss)
 .bss           0x0000000000000000        0x0 /home/root/ccUMSD_230912c/obj/dev/fir/src/driver/msdDrv_obj/driver.o
 .bss           0x0000000000000000      0x2a0 /home/root/ccUMSD_230912c/obj/dev/fir/src/api/msdDrv_obj/api.o

.stab
 *(.stab)

.stabstr
 *(.stabstr)

.stab.excl
 *(.stab.excl)

.stab.exclstr
 *(.stab.exclstr)

.stab.index
 *(.stab.index)

.stab.indexstr
 *(.stab.indexstr)

.comment        0x0000000000000000      0x3a3
 *(.comment)
 .comment       0x0000000000000000       0x13 /home/root/ccUMSD_230912c/obj/dev/fir/src/driver/msdDrv_obj/driver.o
 .comment       0x0000000000000013      0x390 /home/root/ccUMSD_230912c/obj/dev/fir/src/api/msdDrv_obj/api.o

.note.GNU-stack
                0x0000000000000000        0x0
 .note.GNU-stack
                0x0000000000000000        0x0 /home/root/ccUMSD_230912c/obj/dev/fir/src/driver/msdDrv_obj/driver.o
 .note.GNU-stack
                0x0000000000000000        0x0 /home/root/ccUMSD_230912c/obj/dev/fir/src/api/msdDrv_obj/api.o

.gnu.build.attributes
 *(.gnu.build.attributes)

.debug
 *(.debug)

.line
 *(.line)

.debug_srcinfo
 *(.debug_srcinfo)

.debug_sfnames
 *(.debug_sfnames)

.debug_aranges
 *(.debug_aranges)

.debug_pubnames
 *(.debug_pubnames)

.debug_info
 *(.debug_info)

.debug_abbrev
 *(.debug_abbrev)

.debug_line
 *(.debug_line)

.debug_frame
 *(.debug_frame)

.debug_str
 *(.debug_str)

.debug_loc
 *(.debug_loc)

.debug_macinfo
 *(.debug_macinfo)

.debug_weaknames
 *(.debug_weaknames)

.debug_funcnames
 *(.debug_funcnames)

.debug_typenames
 *(.debug_typenames)

.debug_varnames
 *(.debug_varnames)

.debug_pubtypes
 *(.debug_pubtypes)

.debug_ranges
 *(.debug_ranges)

.debug_macro
 *(.debug_macro)

.debug_addr
 *(.debug_addr)

.ARM.attributes
 *(.ARM.attributes)
 *(.gnu.attributes)

.note.gnu.arm.ident
 *(.note.gnu.arm.ident)
OUTPUT(/home/root/ccUMSD_230912c/obj/dev/fir/msdDrv_Fir.o elf64-littleaarch64)
LOAD linker stubs
